---
http_interactions:
- request:
    method: get
    uri: https://na.api.pvp.net/api/lol/na/v1.4/summoner/by-name/thememan?api_key=82ced787-5473-4e7f-938f-c35a1f628ade
    body:
      encoding: US-ASCII
      string: ''
    headers: {}
  response:
    status:
      code: 200
      message: OK
    headers:
      Access-Control-Allow-Headers:
      - Content-Type
      Access-Control-Allow-Methods:
      - GET, POST, DELETE, PUT
      Access-Control-Allow-Origin:
      - "*"
      Content-Type:
      - application/json; charset=UTF-8
      Date:
      - Fri, 09 Oct 2015 18:27:04 GMT
      Server:
      - Jetty(9.1.5.v20140505)
      Vary:
      - Accept-Encoding, User-Agent
      X-Newrelic-App-Data:
      - PxQFWFFSDwQTVVdUBAgAVkYdFGQHBDcQUQxLA1tMXV1dORYzVBBGBxdCdhUSEVFRRRAEPhhQRw84HlpcDjpMDFE+FxQJFgBuHBZMDFwOXQcWahgDH05WUl0BPU1ERFoLC19TQSwHDgdDQBRSFggYAh1VCVAFVwNaUgQbTFdPGgoCUFIGUwYFAAFTDwYHUlBAbQ==
      Content-Length:
      - '114'
      Connection:
      - keep-alive
    body:
      encoding: UTF-8
      string: '{"thememan":{"id":20106984,"name":"thememan","profileIconId":691,"summonerLevel":30,"revisionDate":1444285756000}}'
    http_version: 
  recorded_at: Fri, 09 Oct 2015 18:27:04 GMT
- request:
    method: get
    uri: https://na.api.pvp.net/api/lol/na/v2.4/team/by-summoner/20106984?api_key=82ced787-5473-4e7f-938f-c35a1f628ade
    body:
      encoding: US-ASCII
      string: ''
    headers: {}
  response:
    status:
      code: 200
      message: OK
    headers:
      Access-Control-Allow-Headers:
      - Content-Type
      Access-Control-Allow-Methods:
      - GET, POST, DELETE, PUT
      Access-Control-Allow-Origin:
      - "*"
      Content-Type:
      - application/json; charset=UTF-8
      Date:
      - Fri, 09 Oct 2015 18:27:05 GMT
      Server:
      - Jetty(9.1.5.v20140505)
      Vary:
      - Accept-Encoding
      X-Newrelic-App-Data:
      - PxQFWFFSDwQTVVZSBwAGVkYdFGQHBDcQUQxLA1tMXV1dORYzVBJHNQFUZAQUFVFQVThOA0dYa0kIXlpvTR0RB1cLVwxFZBtEAUsNPR4VVgMJahgDH05LRl0JDgxSQ2tJH0JDXg8JDQdCK1wRRRgcdXYxEEMdUR1SSAYZUVZQCwoCXVVaGxwGSkYHAgNVVlcEAlcAVgsAV1cLR2Q=
      Transfer-Encoding:
      - chunked
      Connection:
      - keep-alive
    body:
      encoding: UTF-8
      string: '{"20106984":[{"fullId":"TEAM-f6ab8c00-452d-11e4-814b-782bcb4d1e24","name":"Can
        we not","tag":"CWN1","status":"RANKED","teamStatDetails":[{"teamStatType":"RANKED_TEAM_3x3","wins":0,"losses":0,"averageGamesPlayed":0},{"teamStatType":"RANKED_TEAM_5x5","wins":1,"losses":0,"averageGamesPlayed":0}],"roster":{"ownerId":20095379,"memberList":[{"playerId":26125925,"joinDate":1411677244000,"inviteDate":1411677244000,"status":"MEMBER"},{"playerId":45574759,"joinDate":1411677301000,"inviteDate":1411677260000,"status":"MEMBER"},{"playerId":20095379,"joinDate":1411677267000,"inviteDate":1411677263000,"status":"MEMBER"},{"playerId":20106984,"joinDate":1411678562000,"inviteDate":1411678406000,"status":"MEMBER"},{"playerId":19755361,"joinDate":1414873072000,"inviteDate":1414873043000,"status":"MEMBER"},{"playerId":385409,"joinDate":1417585691000,"inviteDate":1417585688000,"status":"MEMBER"},{"playerId":41683718,"joinDate":1419303692000,"inviteDate":1419303666000,"status":"MEMBER"},{"playerId":21408044,"joinDate":1420689350000,"inviteDate":1420689323000,"status":"MEMBER"},{"playerId":30158992,"joinDate":1420689409000,"inviteDate":1420689378000,"status":"MEMBER"}]},"matchHistory":[{"kills":56,"deaths":46,"opposingTeamKills":45,"assists":122,"gameMode":"CLASSIC","opposingTeamName":"TOMATOMA","win":true,"invalid":false,"mapId":11,"gameId":1829389967,"date":1432087555763},{"kills":13,"deaths":40,"opposingTeamKills":40,"assists":22,"gameMode":"CLASSIC","opposingTeamName":"Fist
        Pump 2 Guns","win":false,"invalid":false,"mapId":11,"gameId":1690168175,"date":1420694704885},{"kills":35,"deaths":16,"opposingTeamKills":16,"assists":70,"gameMode":"CLASSIC","opposingTeamName":"Zimby
        and the Js","win":true,"invalid":false,"mapId":11,"gameId":1690142193,"date":1420691924835},{"kills":37,"deaths":45,"opposingTeamKills":45,"assists":60,"gameMode":"CLASSIC","opposingTeamName":"Walmart
        in Dallas","win":false,"invalid":false,"mapId":11,"gameId":1686640694,"date":1420354852886},{"kills":15,"deaths":31,"opposingTeamKills":31,"assists":30,"gameMode":"CLASSIC","opposingTeamName":"Goldie
        Squad","win":false,"invalid":false,"mapId":11,"gameId":1684575615,"date":1420176291916},{"kills":49,"deaths":39,"opposingTeamKills":39,"assists":83,"gameMode":"CLASSIC","opposingTeamName":"woshiduoduowopashui","win":true,"invalid":false,"mapId":11,"gameId":1684517633,"date":1420173889260},{"kills":38,"deaths":28,"opposingTeamKills":28,"assists":53,"gameMode":"CLASSIC","opposingTeamName":"chiao","win":true,"invalid":false,"mapId":11,"gameId":1674304342,"date":1419323823183},{"kills":52,"deaths":42,"opposingTeamKills":42,"assists":78,"gameMode":"CLASSIC","opposingTeamName":"Zet5","win":true,"invalid":false,"mapId":11,"gameId":1674270116,"date":1419321601199},{"kills":22,"deaths":42,"opposingTeamKills":41,"assists":24,"gameMode":"CLASSIC","opposingTeamName":"NoOneLikesSuter","win":false,"invalid":false,"mapId":11,"gameId":1674129056,"date":1419312099877},{"kills":11,"deaths":19,"opposingTeamKills":19,"assists":13,"gameMode":"CLASSIC","opposingTeamName":"OrsonWantsAndyNotElena","win":false,"invalid":false,"mapId":11,"gameId":1674098527,"date":1419309498849},{"kills":49,"deaths":28,"opposingTeamKills":28,"assists":73,"gameMode":"CLASSIC","opposingTeamName":"Team
        Pulsefire Energy","win":true,"invalid":false,"mapId":11,"gameId":1674036898,"date":1419307495505},{"kills":40,"deaths":31,"opposingTeamKills":31,"assists":52,"gameMode":"CLASSIC","opposingTeamName":"bama
        boiz","win":true,"invalid":false,"mapId":11,"gameId":1657256198,"date":1417937155362},{"kills":33,"deaths":17,"opposingTeamKills":17,"assists":61,"gameMode":"CLASSIC","opposingTeamName":"ColakoWhyYouTakeMyKills","win":true,"invalid":false,"mapId":11,"gameId":1657215263,"date":1417934722496},{"kills":25,"deaths":16,"opposingTeamKills":16,"assists":42,"gameMode":"CLASSIC","opposingTeamName":"ShrekEmMatE","win":true,"invalid":false,"mapId":11,"gameId":1657164123,"date":1417932285165},{"kills":17,"deaths":47,"opposingTeamKills":47,"assists":25,"gameMode":"CLASSIC","opposingTeamName":"Korean
        Killer","win":false,"invalid":false,"mapId":11,"gameId":1653174666,"date":1417590509587},{"kills":34,"deaths":19,"opposingTeamKills":19,"assists":33,"gameMode":"CLASSIC","opposingTeamName":"Gg
        Baron Throws","win":true,"invalid":false,"mapId":11,"gameId":1653151863,"date":1417588232474},{"kills":25,"deaths":37,"opposingTeamKills":37,"assists":23,"gameMode":"CLASSIC","opposingTeamName":"pm4lessons","win":false,"invalid":false,"mapId":1,"gameId":1633955546,"date":1416126487741},{"kills":22,"deaths":39,"opposingTeamKills":39,"assists":25,"gameMode":"CLASSIC","opposingTeamName":"WeDemB0iz","win":false,"invalid":false,"mapId":1,"gameId":1633905702,"date":1416124017839},{"kills":45,"deaths":23,"opposingTeamKills":23,"assists":63,"gameMode":"CLASSIC","opposingTeamName":"ToolCity","win":true,"invalid":false,"mapId":1,"gameId":1633856143,"date":1416121817056},{"kills":49,"deaths":46,"opposingTeamKills":46,"assists":90,"gameMode":"CLASSIC","opposingTeamName":"Montenegro
        Brotherhood","win":true,"invalid":false,"mapId":1,"gameId":1616029605,"date":1414914304002}],"createDate":1411702444000,"modifyDate":1432087555000,"lastJoinDate":1420689409000,"secondLastJoinDate":1420689350000,"thirdLastJoinDate":1420170607000,"lastGameDate":1432087555000,"lastJoinedRankedTeamQueueDate":1432083852000},{"fullId":"TEAM-c5446f90-5b2d-11e4-8f97-782bcb4d1e24","name":"noplsdontwin","tag":"NPDW","status":"RANKED","teamStatDetails":[{"teamStatType":"RANKED_TEAM_3x3","wins":0,"losses":0,"averageGamesPlayed":0},{"teamStatType":"RANKED_TEAM_5x5","wins":0,"losses":2,"averageGamesPlayed":0}],"roster":{"ownerId":20106984,"memberList":[{"playerId":20409409,"joinDate":1414187742000,"inviteDate":1414096998000,"status":"MEMBER"},{"playerId":20106984,"joinDate":1414194110000,"inviteDate":1414194098000,"status":"MEMBER"},{"playerId":19755361,"joinDate":1414194105000,"inviteDate":1414194099000,"status":"MEMBER"},{"playerId":35491814,"joinDate":1414798905000,"inviteDate":1414798900000,"status":"MEMBER"},{"playerId":32174129,"joinDate":1430630723000,"inviteDate":1430630705000,"status":"MEMBER"},{"playerId":26125925,"joinDate":1430630759000,"inviteDate":1430630753000,"status":"MEMBER"},{"playerId":385409,"joinDate":1438652840000,"inviteDate":1438652835000,"status":"MEMBER"}]},"matchHistory":[{"kills":13,"deaths":24,"opposingTeamKills":24,"assists":16,"gameMode":"CLASSIC","opposingTeamName":"WeOwnZebras","win":false,"invalid":false,"mapId":11,"gameId":1908176597,"date":1438655586752},{"kills":16,"deaths":32,"opposingTeamKills":32,"assists":27,"gameMode":"CLASSIC","opposingTeamName":"Dark
        Chimera","win":false,"invalid":false,"mapId":11,"gameId":1812320093,"date":1430633515825},{"kills":37,"deaths":33,"opposingTeamKills":33,"assists":55,"gameMode":"CLASSIC","opposingTeamName":"Bonk
        my Donk Reborn","win":true,"invalid":false,"mapId":1,"gameId":1614492848,"date":1414829560291},{"kills":40,"deaths":20,"opposingTeamKills":20,"assists":70,"gameMode":"CLASSIC","opposingTeamName":"The
        Avengers Tower","win":true,"invalid":false,"mapId":1,"gameId":1614482907,"date":1414826542977},{"kills":13,"deaths":40,"opposingTeamKills":40,"assists":14,"gameMode":"CLASSIC","opposingTeamName":"AdDICted","win":false,"invalid":false,"mapId":1,"gameId":1604425313,"date":1414224503799},{"kills":41,"deaths":53,"opposingTeamKills":53,"assists":71,"gameMode":"CLASSIC","opposingTeamName":"ConnersAndJayna","win":false,"invalid":false,"mapId":1,"gameId":1604373875,"date":1414221972708},{"kills":33,"deaths":26,"opposingTeamKills":26,"assists":46,"gameMode":"CLASSIC","opposingTeamName":"The
        Chump Daddies","win":true,"invalid":false,"mapId":1,"gameId":1601783956,"date":1414133397818},{"kills":31,"deaths":28,"opposingTeamKills":28,"assists":48,"gameMode":"CLASSIC","opposingTeamName":"AuthorizedPersonnelOnly","win":false,"invalid":false,"mapId":1,"gameId":1601752252,"date":1414130637261},{"kills":31,"deaths":14,"opposingTeamKills":14,"assists":56,"gameMode":"CLASSIC","opposingTeamName":"Dr
        Pastor Martin Ssempa","win":true,"invalid":false,"mapId":1,"gameId":1601654617,"date":1414128443990},{"kills":43,"deaths":29,"opposingTeamKills":29,"assists":77,"gameMode":"CLASSIC","opposingTeamName":"Atlantic
        Black Dragons","win":true,"invalid":false,"mapId":1,"gameId":1601554544,"date":1414126284273}],"createDate":1414121286000,"modifyDate":1438655586000,"lastJoinDate":1438652840000,"secondLastJoinDate":1430630759000,"thirdLastJoinDate":1430630723000,"lastGameDate":1438655586000,"lastJoinedRankedTeamQueueDate":1438653004000},{"fullId":"TEAM-64cf8d47-d035-49b3-8dbf-4b60aec1f967","name":"Hello
        Kitties On Crack","tag":"HKoC","status":"RANKED","teamStatDetails":[{"teamStatType":"RANKED_TEAM_5x5","wins":0,"losses":1,"averageGamesPlayed":0},{"teamStatType":"RANKED_TEAM_3x3","wins":0,"losses":0,"averageGamesPlayed":0}],"roster":{"ownerId":385409,"memberList":[{"playerId":385409,"joinDate":1322855659000,"inviteDate":1322855659000,"status":"MEMBER"},{"playerId":19088825,"joinDate":1322855729000,"inviteDate":1322855675000,"status":"MEMBER"},{"playerId":24158657,"joinDate":1344277208000,"inviteDate":1344277188000,"status":"MEMBER"},{"playerId":19744834,"joinDate":1376738421000,"inviteDate":1376738417000,"status":"MEMBER"},{"playerId":21623880,"joinDate":1383497467000,"inviteDate":1383497461000,"status":"MEMBER"},{"playerId":45574759,"joinDate":1419560466000,"inviteDate":1419560458000,"status":"MEMBER"},{"playerId":20106984,"joinDate":1440040431000,"inviteDate":1440040415000,"status":"MEMBER"}]},"matchHistory":[{"kills":19,"deaths":33,"opposingTeamKills":33,"assists":33,"gameMode":"CLASSIC","opposingTeamName":"Osiris
        Practice","win":false,"invalid":false,"mapId":11,"gameId":1924587170,"date":1440042966699},{"kills":41,"deaths":26,"opposingTeamKills":26,"assists":78,"gameMode":"CLASSIC","opposingTeamName":"Real
        Cahks","win":true,"invalid":false,"mapId":11,"gameId":1678886427,"date":1419719970607},{"kills":45,"deaths":56,"opposingTeamKills":56,"assists":85,"gameMode":"CLASSIC","opposingTeamName":"6666666666666666666666","win":false,"invalid":false,"mapId":11,"gameId":1678864521,"date":1419717307058},{"kills":31,"deaths":37,"opposingTeamKills":37,"assists":44,"gameMode":"CLASSIC","opposingTeamName":"AmysCrew","win":false,"invalid":false,"mapId":11,"gameId":1676946546,"date":1419563539923},{"kills":45,"deaths":21,"opposingTeamKills":21,"assists":89,"gameMode":"CLASSIC","opposingTeamName":"Spiky
        Catfish","win":true,"invalid":false,"mapId":1,"gameId":1442785701,"date":1404535555638},{"kills":19,"deaths":22,"opposingTeamKills":22,"assists":48,"gameMode":"CLASSIC","opposingTeamName":"arkgablwiehf","win":false,"invalid":false,"mapId":1,"gameId":1442725358,"date":1404532428048},{"kills":32,"deaths":38,"opposingTeamKills":38,"assists":55,"gameMode":"CLASSIC","opposingTeamName":"Absolving
        Grievances","win":false,"invalid":false,"mapId":1,"gameId":1434887600,"date":1403928983065},{"kills":18,"deaths":14,"opposingTeamKills":14,"assists":34,"gameMode":"CLASSIC","opposingTeamName":"SeasonReward
        Hunters","win":true,"invalid":false,"mapId":1,"gameId":1434813107,"date":1403925318463},{"kills":24,"deaths":39,"opposingTeamKills":39,"assists":34,"gameMode":"CLASSIC","opposingTeamName":"Team
        Blast","win":false,"invalid":false,"mapId":1,"gameId":1326599742,"date":1396127772438},{"kills":37,"deaths":26,"opposingTeamKills":26,"assists":78,"gameMode":"CLASSIC","opposingTeamName":"Team
        Enigmus","win":true,"invalid":false,"mapId":1,"gameId":1144505677,"date":1383529913496},{"kills":47,"deaths":34,"opposingTeamKills":33,"assists":105,"gameMode":"CLASSIC","opposingTeamName":"Ciemna
        Strona Pomidora","win":true,"invalid":false,"mapId":1,"gameId":1040439747,"date":1376766874329},{"kills":14,"deaths":21,"opposingTeamKills":21,"assists":30,"gameMode":"CLASSIC","opposingTeamName":"DxAxMxN","win":false,"invalid":false,"mapId":1,"gameId":638762604,"date":1356380335787},{"kills":21,"deaths":12,"opposingTeamKills":12,"assists":44,"gameMode":"CLASSIC","opposingTeamName":"Avro
        Gaming","win":true,"invalid":false,"mapId":1,"gameId":636029874,"date":1356214052701},{"kills":19,"deaths":7,"opposingTeamKills":7,"assists":31,"gameMode":"CLASSIC","opposingTeamName":"Team
        RealLife","win":true,"invalid":false,"mapId":1,"gameId":635991662,"date":1356211403912},{"kills":22,"deaths":15,"opposingTeamKills":15,"assists":39,"gameMode":"CLASSIC","opposingTeamName":"puking
        problem","win":true,"invalid":false,"mapId":1,"gameId":634882979,"date":1356145555608},{"kills":19,"deaths":7,"opposingTeamKills":6,"assists":43,"gameMode":"CLASSIC","opposingTeamName":"NULLPOINTERREFERENCE","win":true,"invalid":false,"mapId":1,"gameId":634843556,"date":1356142611696},{"kills":2,"deaths":12,"opposingTeamKills":12,"assists":4,"gameMode":"CLASSIC","opposingTeamName":"Darius
        or Feed","win":false,"invalid":false,"mapId":10,"gameId":583677310,"date":1352684085224},{"kills":17,"deaths":29,"opposingTeamKills":29,"assists":18,"gameMode":"CLASSIC","opposingTeamName":"Team
        Arcane Fail","win":true,"invalid":false,"mapId":4,"gameId":554417662,"date":1350715951396},{"kills":13,"deaths":25,"opposingTeamKills":25,"assists":24,"gameMode":"CLASSIC","opposingTeamName":"ALPHA
        SQUAD PRIME FORCE1","win":false,"invalid":false,"mapId":1,"gameId":348413125,"date":1332561635842},{"kills":30,"deaths":17,"opposingTeamKills":17,"assists":59,"gameMode":"CLASSIC","opposingTeamName":"HelloKittyAdventure","win":true,"invalid":false,"mapId":1,"gameId":348355482,"date":1332556766098}],"createDate":1322884459000,"modifyDate":1444360919922,"lastJoinDate":1440040431000,"secondLastJoinDate":1419560466000,"thirdLastJoinDate":1419560317000,"lastGameDate":1440042966000,"lastJoinedRankedTeamQueueDate":1440040491000}]}'
    http_version: 
  recorded_at: Fri, 09 Oct 2015 18:27:05 GMT
- request:
    method: get
    uri: https://na.api.pvp.net/api/lol/na/v1.4/summoner/26125925,45574759,20095379,20106984,19755361,385409,41683718,21408044,30158992,20409409,20106984,19755361,35491814,32174129,26125925,385409,385409,19088825,24158657,19744834,21623880,45574759,20106984,?api_key=82ced787-5473-4e7f-938f-c35a1f628ade
    body:
      encoding: US-ASCII
      string: ''
    headers: {}
  response:
    status:
      code: 200
      message: OK
    headers:
      Access-Control-Allow-Headers:
      - Content-Type
      Access-Control-Allow-Methods:
      - GET, POST, DELETE, PUT
      Access-Control-Allow-Origin:
      - "*"
      Content-Type:
      - application/json; charset=UTF-8
      Date:
      - Fri, 09 Oct 2015 18:27:05 GMT
      Server:
      - Jetty(9.1.5.v20140505)
      Vary:
      - Accept-Encoding, User-Agent
      X-Newrelic-App-Data:
      - PxQFWFFSDwQTVVdUBAgAVkYdFGQHBDcQUQxLA1tMXV1dORYzVBBGBxdCdhUSEVFRRRAEPhhQRw84HlpcDjpMDFE+FxQJFgBuHBZMDFwOXQcWahhLRE8IHQBIUUwHAQRWVAIHAlFKTlMcQAxaDwwEAgdWDAJTAANWV1AVPA==
      Content-Length:
      - '1829'
      Connection:
      - keep-alive
    body:
      encoding: UTF-8
      string: '{"24158657":{"id":24158657,"name":"EWStalkie","profileIconId":925,"summonerLevel":30,"revisionDate":1444367592000},"21408044":{"id":21408044,"name":"RunawayFaster","profileIconId":915,"summonerLevel":30,"revisionDate":1444363109000},"20106984":{"id":20106984,"name":"thememan","profileIconId":691,"summonerLevel":30,"revisionDate":1444285756000},"30158992":{"id":30158992,"name":"rubymoon26","profileIconId":642,"summonerLevel":30,"revisionDate":1444070318000},"20095379":{"id":20095379,"name":"TheDelusion","profileIconId":28,"summonerLevel":30,"revisionDate":1444405337000},"385409":{"id":385409,"name":"QuidEstPro","profileIconId":915,"summonerLevel":30,"revisionDate":1444338869000},"19744834":{"id":19744834,"name":"phaNzae","profileIconId":508,"summonerLevel":30,"revisionDate":1440612722000},"26125925":{"id":26125925,"name":"Clapyohands","profileIconId":916,"summonerLevel":30,"revisionDate":1444099815000},"32174129":{"id":32174129,"name":"Stalix07","profileIconId":539,"summonerLevel":30,"revisionDate":1444412736000},"20409409":{"id":20409409,"name":"BriansBoss","profileIconId":539,"summonerLevel":30,"revisionDate":1435399194000},"45574759":{"id":45574759,"name":"SohoBakery","profileIconId":931,"summonerLevel":30,"revisionDate":1444326013000},"35491814":{"id":35491814,"name":"J
        Killem","profileIconId":907,"summonerLevel":30,"revisionDate":1444325426000},"19088825":{"id":19088825,"name":"ELNuestro","profileIconId":580,"summonerLevel":30,"revisionDate":1441405116000},"19755361":{"id":19755361,"name":"Estranged","profileIconId":585,"summonerLevel":30,"revisionDate":1444087069000},"21623880":{"id":21623880,"name":"its
        KsYou","profileIconId":605,"summonerLevel":30,"revisionDate":1444346152000},"41683718":{"id":41683718,"name":"Finisher789","profileIconId":627,"summonerLevel":30,"revisionDate":1443245421000}}'
    http_version: 
  recorded_at: Fri, 09 Oct 2015 18:27:05 GMT
- request:
    method: get
    uri: https://na.api.pvp.net/api/lol/na/v2.2/match/1924587170?api_key=82ced787-5473-4e7f-938f-c35a1f628ade
    body:
      encoding: US-ASCII
      string: ''
    headers: {}
  response:
    status:
      code: 200
      message: OK
    headers:
      Access-Control-Allow-Headers:
      - Content-Type
      Access-Control-Allow-Methods:
      - GET, POST, DELETE, PUT
      Access-Control-Allow-Origin:
      - "*"
      Content-Type:
      - application/json; charset=UTF-8
      Date:
      - Fri, 09 Oct 2015 18:34:33 GMT
      Server:
      - Jetty(9.1.5.v20140505)
      Vary:
      - Accept-Encoding, User-Agent
      X-Newrelic-App-Data:
      - PxQFWFFSDwQTUVVSBQYBVkYdFGQHBDcQUQxLA1tMXV1dORYzVBBGBxdCdhUSEVFRRRAEPhhQRw84HlpcDjpMDFE+FxQKFgZuHAhYFVIJb00JV0MCDipcERxUT1IbARlWVwUEBVVUUk4dUxRAWlxSBwEDCgUJVAAGVVJWBUQ+
      Transfer-Encoding:
      - chunked
      Connection:
      - keep-alive
    body:
      encoding: UTF-8
      string: '{"matchId":1924587170,"region":"NA","platformId":"NA1","matchMode":"CLASSIC","matchType":"MATCHED_GAME","matchCreation":1440040517134,"matchDuration":2026,"queueType":"RANKED_TEAM_5x5","mapId":11,"season":"SEASON2015","matchVersion":"5.15.0.337","participants":[{"teamId":100,"spell1Id":14,"spell2Id":12,"championId":105,"highestAchievedSeasonTier":"UNRANKED","timeline":{"creepsPerMinDeltas":{"zeroToTen":5.3,"tenToTwenty":3.5,"twentyToThirty":4.5},"xpPerMinDeltas":{"zeroToTen":422.9,"tenToTwenty":303.29999999999995,"twentyToThirty":474.1},"goldPerMinDeltas":{"zeroToTen":249.1,"tenToTwenty":258.6,"twentyToThirty":422.0},"csDiffPerMinDeltas":{"zeroToTen":0.9000000000000001,"tenToTwenty":-2.9,"twentyToThirty":0.9000000000000004},"xpDiffPerMinDeltas":{"zeroToTen":63.099999999999994,"tenToTwenty":-234.9,"twentyToThirty":162.5},"damageTakenPerMinDeltas":{"zeroToTen":337.9,"tenToTwenty":670.4,"twentyToThirty":1030.3},"damageTakenDiffPerMinDeltas":{"zeroToTen":-11.900000000000006,"tenToTwenty":113.99999999999997,"twentyToThirty":-328.0},"role":"SOLO","lane":"TOP"},"masteries":[{"masteryId":4112,"rank":3},{"masteryId":4113,"rank":3},{"masteryId":4114,"rank":1},{"masteryId":4122,"rank":3},{"masteryId":4124,"rank":1},{"masteryId":4132,"rank":1},{"masteryId":4134,"rank":3},{"masteryId":4142,"rank":3},{"masteryId":4152,"rank":2},{"masteryId":4162,"rank":1},{"masteryId":4211,"rank":2},{"masteryId":4212,"rank":2},{"masteryId":4221,"rank":1},{"masteryId":4222,"rank":3},{"masteryId":4232,"rank":1}],"stats":{"winner":true,"champLevel":15,"item0":3078,"item1":1029,"item2":3065,"item3":3111,"item4":1011,"item5":1029,"item6":3361,"kills":8,"doubleKills":1,"tripleKills":0,"quadraKills":0,"pentaKills":0,"unrealKills":0,"largestKillingSpree":3,"deaths":7,"assists":8,"totalDamageDealt":88422,"totalDamageDealtToChampions":14063,"totalDamageTaken":23397,"largestCriticalStrike":534,"totalHeal":410,"minionsKilled":154,"neutralMinionsKilled":1,"neutralMinionsKilledTeamJungle":1,"neutralMinionsKilledEnemyJungle":0,"goldEarned":11964,"goldSpent":10258,"combatPlayerScore":0,"objectivePlayerScore":0,"totalPlayerScore":0,"totalScoreRank":0,"magicDamageDealtToChampions":7032,"physicalDamageDealtToChampions":6525,"trueDamageDealtToChampions":506,"visionWardsBoughtInGame":2,"sightWardsBoughtInGame":0,"magicDamageDealt":22669,"physicalDamageDealt":65246,"trueDamageDealt":506,"magicDamageTaken":13649,"physicalDamageTaken":9295,"trueDamageTaken":452,"firstBloodKill":false,"firstBloodAssist":false,"firstTowerKill":false,"firstTowerAssist":false,"firstInhibitorKill":false,"firstInhibitorAssist":false,"inhibitorKills":0,"towerKills":1,"wardsPlaced":8,"wardsKilled":1,"largestMultiKill":2,"killingSprees":2,"totalUnitsHealed":1,"totalTimeCrowdControlDealt":61},"participantId":1,"runes":[{"runeId":5245,"rank":9},{"runeId":5289,"rank":9},{"runeId":5317,"rank":9},{"runeId":5335,"rank":3}]},{"teamId":100,"spell1Id":4,"spell2Id":11,"championId":60,"highestAchievedSeasonTier":"UNRANKED","timeline":{"creepsPerMinDeltas":{"zeroToTen":0.3,"tenToTwenty":0.4,"twentyToThirty":1.9000000000000001},"xpPerMinDeltas":{"zeroToTen":254.9,"tenToTwenty":386.20000000000005,"twentyToThirty":453.1},"goldPerMinDeltas":{"zeroToTen":200.39999999999998,"tenToTwenty":311.1,"twentyToThirty":365.3},"csDiffPerMinDeltas":{"zeroToTen":-0.8999999999999999,"tenToTwenty":-1.5,"twentyToThirty":1.2000000000000002},"xpDiffPerMinDeltas":{"zeroToTen":-24.19999999999999,"tenToTwenty":-53.99999999999997,"twentyToThirty":152.5},"damageTakenPerMinDeltas":{"zeroToTen":439.3,"tenToTwenty":671.0,"twentyToThirty":1028.9},"damageTakenDiffPerMinDeltas":{"zeroToTen":-103.49999999999994,"tenToTwenty":-160.70000000000005,"twentyToThirty":-351.7},"role":"NONE","lane":"JUNGLE"},"masteries":[{"masteryId":4112,"rank":4},{"masteryId":4113,"rank":4},{"masteryId":4114,"rank":1},{"masteryId":4122,"rank":3},{"masteryId":4124,"rank":1},{"masteryId":4213,"rank":2},{"masteryId":4214,"rank":2},{"masteryId":4222,"rank":3},{"masteryId":4224,"rank":1},{"masteryId":4232,"rank":1},{"masteryId":4233,"rank":3},{"masteryId":4234,"rank":2},{"masteryId":4313,"rank":3}],"stats":{"winner":true,"champLevel":15,"item0":1011,"item1":3020,"item2":3716,"item3":3151,"item4":1058,"item5":0,"item6":3364,"kills":4,"doubleKills":0,"tripleKills":0,"quadraKills":0,"pentaKills":0,"unrealKills":0,"largestKillingSpree":0,"deaths":7,"assists":13,"totalDamageDealt":122924,"totalDamageDealtToChampions":11832,"totalDamageTaken":24592,"largestCriticalStrike":0,"totalHeal":3226,"minionsKilled":37,"neutralMinionsKilled":58,"neutralMinionsKilledTeamJungle":46,"neutralMinionsKilledEnemyJungle":12,"goldEarned":11106,"goldSpent":9615,"combatPlayerScore":0,"objectivePlayerScore":0,"totalPlayerScore":0,"totalScoreRank":0,"magicDamageDealtToChampions":10831,"physicalDamageDealtToChampions":818,"trueDamageDealtToChampions":183,"visionWardsBoughtInGame":1,"sightWardsBoughtInGame":0,"magicDamageDealt":87598,"physicalDamageDealt":20640,"trueDamageDealt":14685,"magicDamageTaken":12592,"physicalDamageTaken":11720,"trueDamageTaken":280,"firstBloodKill":false,"firstBloodAssist":false,"firstTowerKill":false,"firstTowerAssist":false,"firstInhibitorKill":false,"firstInhibitorAssist":true,"inhibitorKills":1,"towerKills":3,"wardsPlaced":12,"wardsKilled":5,"largestMultiKill":1,"killingSprees":0,"totalUnitsHealed":1,"totalTimeCrowdControlDealt":231},"participantId":2,"runes":[{"runeId":5267,"rank":9},{"runeId":5275,"rank":8},{"runeId":5297,"rank":1},{"runeId":5317,"rank":9},{"runeId":5347,"rank":2},{"runeId":5357,"rank":1}]},{"teamId":100,"spell1Id":7,"spell2Id":4,"championId":236,"highestAchievedSeasonTier":"SILVER","timeline":{"creepsPerMinDeltas":{"zeroToTen":8.2,"tenToTwenty":10.0,"twentyToThirty":5.6},"xpPerMinDeltas":{"zeroToTen":321.6,"tenToTwenty":470.1,"twentyToThirty":535.3},"goldPerMinDeltas":{"zeroToTen":262.79999999999995,"tenToTwenty":422.2,"twentyToThirty":569.2},"csDiffPerMinDeltas":{"zeroToTen":1.4499999999999997,"tenToTwenty":0.19999999999999973,"twentyToThirty":-2.150000000000001},"xpDiffPerMinDeltas":{"zeroToTen":52.94999999999999,"tenToTwenty":65.84999999999997,"twentyToThirty":-33.099999999999994},"damageTakenPerMinDeltas":{"zeroToTen":205.0,"tenToTwenty":357.70000000000005,"twentyToThirty":766.0},"damageTakenDiffPerMinDeltas":{"zeroToTen":-22.249999999999986,"tenToTwenty":2.5000000000000284,"twentyToThirty":-68.19999999999999},"role":"DUO_CARRY","lane":"BOTTOM"},"masteries":[{"masteryId":4112,"rank":4},{"masteryId":4114,"rank":1},{"masteryId":4122,"rank":3},{"masteryId":4124,"rank":1},{"masteryId":4131,"rank":1},{"masteryId":4132,"rank":1},{"masteryId":4134,"rank":3},{"masteryId":4142,"rank":1},{"masteryId":4144,"rank":1},{"masteryId":4151,"rank":1},{"masteryId":4152,"rank":3},{"masteryId":4162,"rank":1},{"masteryId":4211,"rank":2},{"masteryId":4212,"rank":2},{"masteryId":4221,"rank":1},{"masteryId":4222,"rank":3},{"masteryId":4232,"rank":1}],"stats":{"winner":true,"champLevel":16,"item0":1037,"item1":3142,"item2":3072,"item3":3006,"item4":1055,"item5":3031,"item6":3342,"kills":13,"doubleKills":2,"tripleKills":2,"quadraKills":0,"pentaKills":0,"unrealKills":0,"largestKillingSpree":5,"deaths":2,"assists":10,"totalDamageDealt":212609,"totalDamageDealtToChampions":41023,"totalDamageTaken":20187,"largestCriticalStrike":941,"totalHeal":1630,"minionsKilled":256,"neutralMinionsKilled":18,"neutralMinionsKilledTeamJungle":7,"neutralMinionsKilledEnemyJungle":11,"goldEarned":15982,"goldSpent":12765,"combatPlayerScore":0,"objectivePlayerScore":0,"totalPlayerScore":0,"totalScoreRank":0,"magicDamageDealtToChampions":443,"physicalDamageDealtToChampions":39425,"trueDamageDealtToChampions":1155,"visionWardsBoughtInGame":2,"sightWardsBoughtInGame":1,"magicDamageDealt":1584,"physicalDamageDealt":209423,"trueDamageDealt":1601,"magicDamageTaken":5468,"physicalDamageTaken":14604,"trueDamageTaken":114,"firstBloodKill":false,"firstBloodAssist":false,"firstTowerKill":true,"firstTowerAssist":false,"firstInhibitorKill":true,"firstInhibitorAssist":false,"inhibitorKills":1,"towerKills":3,"wardsPlaced":5,"wardsKilled":3,"largestMultiKill":3,"killingSprees":3,"totalUnitsHealed":2,"totalTimeCrowdControlDealt":302},"participantId":3,"runes":[{"runeId":5245,"rank":9},{"runeId":5289,"rank":9},{"runeId":5317,"rank":9},{"runeId":5337,"rank":3}]},{"teamId":100,"spell1Id":4,"spell2Id":14,"championId":98,"highestAchievedSeasonTier":"SILVER","timeline":{"creepsPerMinDeltas":{"zeroToTen":0.9,"tenToTwenty":1.5,"twentyToThirty":0.6},"xpPerMinDeltas":{"zeroToTen":286.2,"tenToTwenty":321.6,"twentyToThirty":271.1},"goldPerMinDeltas":{"zeroToTen":144.8,"tenToTwenty":272.5,"twentyToThirty":306.29999999999995},"csDiffPerMinDeltas":{"zeroToTen":1.4499999999999997,"tenToTwenty":0.19999999999999973,"twentyToThirty":-2.150000000000001},"xpDiffPerMinDeltas":{"zeroToTen":52.94999999999999,"tenToTwenty":65.84999999999997,"twentyToThirty":-33.099999999999994},"damageTakenPerMinDeltas":{"zeroToTen":248.1,"tenToTwenty":228.7,"twentyToThirty":1168.6},"damageTakenDiffPerMinDeltas":{"zeroToTen":-22.249999999999986,"tenToTwenty":2.5000000000000284,"twentyToThirty":-68.19999999999999},"role":"DUO_SUPPORT","lane":"BOTTOM"},"masteries":[{"masteryId":4211,"rank":2},{"masteryId":4212,"rank":2},{"masteryId":4221,"rank":1},{"masteryId":4222,"rank":3},{"masteryId":4232,"rank":1},{"masteryId":4312,"rank":3},{"masteryId":4313,"rank":3},{"masteryId":4322,"rank":3},{"masteryId":4324,"rank":1},{"masteryId":4331,"rank":3},{"masteryId":4334,"rank":1},{"masteryId":4341,"rank":1},{"masteryId":4342,"rank":1},{"masteryId":4352,"rank":1},{"masteryId":4353,"rank":3},{"masteryId":4362,"rank":1}],"stats":{"winner":true,"champLevel":13,"item0":3401,"item1":3190,"item2":3117,"item3":2049,"item4":1028,"item5":0,"item6":3364,"kills":2,"doubleKills":0,"tripleKills":0,"quadraKills":0,"pentaKills":0,"unrealKills":0,"largestKillingSpree":0,"deaths":2,"assists":17,"totalDamageDealt":28006,"totalDamageDealtToChampions":7693,"totalDamageTaken":20532,"largestCriticalStrike":0,"totalHeal":2379,"minionsKilled":36,"neutralMinionsKilled":0,"neutralMinionsKilledTeamJungle":0,"neutralMinionsKilledEnemyJungle":0,"goldEarned":9296,"goldSpent":7760,"combatPlayerScore":0,"objectivePlayerScore":0,"totalPlayerScore":0,"totalScoreRank":0,"magicDamageDealtToChampions":5266,"physicalDamageDealtToChampions":1659,"trueDamageDealtToChampions":768,"visionWardsBoughtInGame":3,"sightWardsBoughtInGame":0,"magicDamageDealt":12447,"physicalDamageDealt":9849,"trueDamageDealt":5709,"magicDamageTaken":11566,"physicalDamageTaken":8508,"trueDamageTaken":458,"firstBloodKill":false,"firstBloodAssist":false,"firstTowerKill":false,"firstTowerAssist":false,"firstInhibitorKill":false,"firstInhibitorAssist":true,"inhibitorKills":0,"towerKills":1,"wardsPlaced":27,"wardsKilled":2,"largestMultiKill":1,"killingSprees":0,"totalUnitsHealed":5,"totalTimeCrowdControlDealt":44},"participantId":4,"runes":[{"runeId":5257,"rank":9},{"runeId":5289,"rank":9},{"runeId":5315,"rank":9},{"runeId":5347,"rank":3}]},{"teamId":100,"spell1Id":4,"spell2Id":21,"championId":115,"highestAchievedSeasonTier":"UNRANKED","timeline":{"creepsPerMinDeltas":{"zeroToTen":7.2,"tenToTwenty":7.5,"twentyToThirty":4.699999999999999},"xpPerMinDeltas":{"zeroToTen":457.09999999999997,"tenToTwenty":481.09999999999997,"twentyToThirty":456.20000000000005},"goldPerMinDeltas":{"zeroToTen":232.5,"tenToTwenty":335.5,"twentyToThirty":457.4},"csDiffPerMinDeltas":{"zeroToTen":0.6000000000000001,"tenToTwenty":2.6999999999999997,"twentyToThirty":1.2999999999999998},"xpDiffPerMinDeltas":{"zeroToTen":63.19999999999996,"tenToTwenty":97.29999999999998,"twentyToThirty":177.10000000000002},"damageTakenPerMinDeltas":{"zeroToTen":143.8,"tenToTwenty":275.2,"twentyToThirty":526.8},"damageTakenDiffPerMinDeltas":{"zeroToTen":9.899999999999999,"tenToTwenty":-435.79999999999995,"twentyToThirty":-301.30000000000007},"role":"SOLO","lane":"MIDDLE"},"masteries":[{"masteryId":4113,"rank":3},{"masteryId":4114,"rank":1},{"masteryId":4123,"rank":3},{"masteryId":4124,"rank":1},{"masteryId":4133,"rank":1},{"masteryId":4134,"rank":3},{"masteryId":4143,"rank":3},{"masteryId":4144,"rank":1},{"masteryId":4152,"rank":3},{"masteryId":4154,"rank":1},{"masteryId":4162,"rank":1},{"masteryId":4311,"rank":1},{"masteryId":4313,"rank":3},{"masteryId":4322,"rank":2},{"masteryId":4323,"rank":1},{"masteryId":4324,"rank":1},{"masteryId":4334,"rank":1}],"stats":{"winner":true,"champLevel":17,"item0":1056,"item1":3174,"item2":3020,"item3":3285,"item4":3135,"item5":1058,"item6":3361,"kills":6,"doubleKills":0,"tripleKills":0,"quadraKills":0,"pentaKills":0,"unrealKills":0,"largestKillingSpree":5,"deaths":1,"assists":18,"totalDamageDealt":170160,"totalDamageDealtToChampions":37374,"totalDamageTaken":11295,"largestCriticalStrike":0,"totalHeal":1585,"minionsKilled":215,"neutralMinionsKilled":4,"neutralMinionsKilledTeamJungle":3,"neutralMinionsKilledEnemyJungle":1,"goldEarned":13440,"goldSpent":11415,"combatPlayerScore":0,"objectivePlayerScore":0,"totalPlayerScore":0,"totalScoreRank":0,"magicDamageDealtToChampions":36049,"physicalDamageDealtToChampions":1325,"trueDamageDealtToChampions":0,"visionWardsBoughtInGame":0,"sightWardsBoughtInGame":1,"magicDamageDealt":146392,"physicalDamageDealt":23767,"trueDamageDealt":0,"magicDamageTaken":8686,"physicalDamageTaken":2608,"trueDamageTaken":0,"firstBloodKill":false,"firstBloodAssist":false,"firstTowerKill":false,"firstTowerAssist":false,"firstInhibitorKill":false,"firstInhibitorAssist":true,"inhibitorKills":1,"towerKills":2,"wardsPlaced":16,"wardsKilled":1,"largestMultiKill":1,"killingSprees":1,"totalUnitsHealed":1,"totalTimeCrowdControlDealt":530},"participantId":5,"runes":[{"runeId":5273,"rank":9},{"runeId":5295,"rank":3},{"runeId":5296,"rank":6},{"runeId":5316,"rank":9},{"runeId":5357,"rank":3}]},{"teamId":200,"spell1Id":11,"spell2Id":4,"championId":79,"highestAchievedSeasonTier":"UNRANKED","timeline":{"creepsPerMinDeltas":{"zeroToTen":1.2,"tenToTwenty":1.9,"twentyToThirty":0.7},"xpPerMinDeltas":{"zeroToTen":279.1,"tenToTwenty":440.2,"twentyToThirty":300.6},"goldPerMinDeltas":{"zeroToTen":241.3,"tenToTwenty":252.5,"twentyToThirty":295.4},"csDiffPerMinDeltas":{"zeroToTen":0.8999999999999999,"tenToTwenty":1.5,"twentyToThirty":-1.2000000000000002},"xpDiffPerMinDeltas":{"zeroToTen":24.19999999999999,"tenToTwenty":53.99999999999997,"twentyToThirty":-152.5},"damageTakenPerMinDeltas":{"zeroToTen":542.8,"tenToTwenty":831.7,"twentyToThirty":1380.6},"damageTakenDiffPerMinDeltas":{"zeroToTen":103.49999999999994,"tenToTwenty":160.70000000000005,"twentyToThirty":351.7},"role":"NONE","lane":"JUNGLE"},"masteries":[{"masteryId":4111,"rank":1},{"masteryId":4113,"rank":3},{"masteryId":4121,"rank":1},{"masteryId":4122,"rank":3},{"masteryId":4123,"rank":3},{"masteryId":4132,"rank":1},{"masteryId":4133,"rank":1},{"masteryId":4134,"rank":3},{"masteryId":4144,"rank":1},{"masteryId":4152,"rank":3},{"masteryId":4162,"rank":1},{"masteryId":4211,"rank":2},{"masteryId":4214,"rank":2},{"masteryId":4221,"rank":1},{"masteryId":4222,"rank":3},{"masteryId":4232,"rank":1}],"stats":{"winner":false,"champLevel":15,"item0":3709,"item1":3800,"item2":2049,"item3":1314,"item4":1011,"item5":1029,"item6":3364,"kills":4,"doubleKills":0,"tripleKills":0,"quadraKills":0,"pentaKills":0,"unrealKills":0,"largestKillingSpree":0,"deaths":3,"assists":8,"totalDamageDealt":116616,"totalDamageDealtToChampions":8015,"totalDamageTaken":35236,"largestCriticalStrike":277,"totalHeal":8758,"minionsKilled":59,"neutralMinionsKilled":63,"neutralMinionsKilledTeamJungle":60,"neutralMinionsKilledEnemyJungle":3,"goldEarned":10072,"goldSpent":9245,"combatPlayerScore":0,"objectivePlayerScore":0,"totalPlayerScore":0,"totalScoreRank":0,"magicDamageDealtToChampions":6710,"physicalDamageDealtToChampions":744,"trueDamageDealtToChampions":560,"visionWardsBoughtInGame":1,"sightWardsBoughtInGame":4,"magicDamageDealt":82013,"physicalDamageDealt":22696,"trueDamageDealt":11905,"magicDamageTaken":15729,"physicalDamageTaken":19157,"trueDamageTaken":350,"firstBloodKill":false,"firstBloodAssist":false,"firstTowerKill":false,"firstTowerAssist":false,"firstInhibitorKill":false,"firstInhibitorAssist":false,"inhibitorKills":0,"towerKills":0,"wardsPlaced":19,"wardsKilled":7,"largestMultiKill":1,"killingSprees":0,"totalUnitsHealed":1,"totalTimeCrowdControlDealt":411},"participantId":6,"runes":[{"runeId":5257,"rank":9},{"runeId":5289,"rank":9},{"runeId":5317,"rank":9},{"runeId":5418,"rank":3}]},{"teamId":200,"spell1Id":21,"spell2Id":4,"championId":268,"highestAchievedSeasonTier":"UNRANKED","timeline":{"creepsPerMinDeltas":{"zeroToTen":6.6,"tenToTwenty":4.800000000000001,"twentyToThirty":3.4},"xpPerMinDeltas":{"zeroToTen":393.9,"tenToTwenty":383.79999999999995,"twentyToThirty":279.1},"goldPerMinDeltas":{"zeroToTen":230.6,"tenToTwenty":301.9,"twentyToThirty":303.5},"csDiffPerMinDeltas":{"zeroToTen":-0.6000000000000001,"tenToTwenty":-2.6999999999999997,"twentyToThirty":-1.2999999999999998},"xpDiffPerMinDeltas":{"zeroToTen":-63.19999999999996,"tenToTwenty":-97.29999999999998,"twentyToThirty":-177.10000000000002},"damageTakenPerMinDeltas":{"zeroToTen":133.9,"tenToTwenty":711.0,"twentyToThirty":828.1},"damageTakenDiffPerMinDeltas":{"zeroToTen":-9.899999999999999,"tenToTwenty":435.79999999999995,"twentyToThirty":301.30000000000007},"role":"SOLO","lane":"MIDDLE"},"masteries":[{"masteryId":4113,"rank":4},{"masteryId":4114,"rank":1},{"masteryId":4123,"rank":3},{"masteryId":4124,"rank":1},{"masteryId":4133,"rank":1},{"masteryId":4134,"rank":3},{"masteryId":4143,"rank":3},{"masteryId":4144,"rank":1},{"masteryId":4152,"rank":2},{"masteryId":4154,"rank":1},{"masteryId":4162,"rank":1},{"masteryId":4312,"rank":3},{"masteryId":4313,"rank":1},{"masteryId":4322,"rank":3},{"masteryId":4324,"rank":1},{"masteryId":4334,"rank":1}],"stats":{"winner":false,"champLevel":14,"item0":1056,"item1":1011,"item2":3157,"item3":3115,"item4":1314,"item5":0,"item6":3361,"kills":6,"doubleKills":0,"tripleKills":0,"quadraKills":0,"pentaKills":0,"unrealKills":0,"largestKillingSpree":2,"deaths":9,"assists":5,"totalDamageDealt":111375,"totalDamageDealtToChampions":15054,"totalDamageTaken":21349,"largestCriticalStrike":0,"totalHeal":921,"minionsKilled":159,"neutralMinionsKilled":10,"neutralMinionsKilledTeamJungle":10,"neutralMinionsKilledEnemyJungle":0,"goldEarned":10213,"goldSpent":10105,"combatPlayerScore":0,"objectivePlayerScore":0,"totalPlayerScore":0,"totalScoreRank":0,"magicDamageDealtToChampions":12912,"physicalDamageDealtToChampions":2142,"trueDamageDealtToChampions":0,"visionWardsBoughtInGame":2,"sightWardsBoughtInGame":0,"magicDamageDealt":97373,"physicalDamageDealt":13995,"trueDamageDealt":6,"magicDamageTaken":11071,"physicalDamageTaken":9922,"trueDamageTaken":356,"firstBloodKill":false,"firstBloodAssist":false,"firstTowerKill":false,"firstTowerAssist":false,"firstInhibitorKill":false,"firstInhibitorAssist":false,"inhibitorKills":0,"towerKills":0,"wardsPlaced":20,"wardsKilled":3,"largestMultiKill":1,"killingSprees":1,"totalUnitsHealed":1,"totalTimeCrowdControlDealt":105},"participantId":7,"runes":[{"runeId":5273,"rank":9},{"runeId":5296,"rank":9},{"runeId":5315,"rank":5},{"runeId":5317,"rank":4},{"runeId":5357,"rank":3}]},{"teamId":200,"spell1Id":14,"spell2Id":4,"championId":89,"highestAchievedSeasonTier":"UNRANKED","timeline":{"creepsPerMinDeltas":{"zeroToTen":1.2000000000000002,"tenToTwenty":1.2999999999999998,"twentyToThirty":1.1},"xpPerMinDeltas":{"zeroToTen":228.3,"tenToTwenty":225.39999999999998,"twentyToThirty":327.9},"goldPerMinDeltas":{"zeroToTen":134.5,"tenToTwenty":165.2,"twentyToThirty":209.89999999999998},"csDiffPerMinDeltas":{"zeroToTen":-1.4499999999999997,"tenToTwenty":-0.19999999999999973,"twentyToThirty":2.150000000000001},"xpDiffPerMinDeltas":{"zeroToTen":-52.94999999999999,"tenToTwenty":-65.84999999999997,"twentyToThirty":33.099999999999994},"damageTakenPerMinDeltas":{"zeroToTen":239.60000000000002,"tenToTwenty":243.6,"twentyToThirty":1357.1999999999998},"damageTakenDiffPerMinDeltas":{"zeroToTen":22.249999999999986,"tenToTwenty":-2.5000000000000284,"twentyToThirty":68.19999999999999},"role":"DUO_SUPPORT","lane":"BOTTOM"},"masteries":[{"masteryId":4211,"rank":2},{"masteryId":4212,"rank":2},{"masteryId":4221,"rank":1},{"masteryId":4222,"rank":3},{"masteryId":4232,"rank":1},{"masteryId":4233,"rank":3},{"masteryId":4234,"rank":2},{"masteryId":4312,"rank":3},{"masteryId":4313,"rank":3},{"masteryId":4322,"rank":3},{"masteryId":4324,"rank":1},{"masteryId":4331,"rank":3},{"masteryId":4334,"rank":1},{"masteryId":4341,"rank":1},{"masteryId":4342,"rank":1}],"stats":{"winner":false,"champLevel":12,"item0":3401,"item1":2049,"item2":3111,"item3":3024,"item4":1029,"item5":1029,"item6":3364,"kills":2,"doubleKills":1,"tripleKills":0,"quadraKills":0,"pentaKills":0,"unrealKills":0,"largestKillingSpree":2,"deaths":7,"assists":4,"totalDamageDealt":19800,"totalDamageDealtToChampions":4723,"totalDamageTaken":24096,"largestCriticalStrike":0,"totalHeal":2447,"minionsKilled":43,"neutralMinionsKilled":0,"neutralMinionsKilledTeamJungle":0,"neutralMinionsKilledEnemyJungle":0,"goldEarned":6876,"goldSpent":6410,"combatPlayerScore":0,"objectivePlayerScore":0,"totalPlayerScore":0,"totalScoreRank":0,"magicDamageDealtToChampions":2419,"physicalDamageDealtToChampions":1612,"trueDamageDealtToChampions":692,"visionWardsBoughtInGame":2,"sightWardsBoughtInGame":0,"magicDamageDealt":6960,"physicalDamageDealt":7052,"trueDamageDealt":5788,"magicDamageTaken":10704,"physicalDamageTaken":12873,"trueDamageTaken":519,"firstBloodKill":false,"firstBloodAssist":false,"firstTowerKill":false,"firstTowerAssist":false,"firstInhibitorKill":false,"firstInhibitorAssist":false,"inhibitorKills":0,"towerKills":0,"wardsPlaced":17,"wardsKilled":4,"largestMultiKill":2,"killingSprees":1,"totalUnitsHealed":5,"totalTimeCrowdControlDealt":40},"participantId":8,"runes":[{"runeId":5245,"rank":9},{"runeId":5289,"rank":9},{"runeId":5317,"rank":9},{"runeId":5347,"rank":3}]},{"teamId":200,"spell1Id":4,"spell2Id":12,"championId":68,"highestAchievedSeasonTier":"SILVER","timeline":{"creepsPerMinDeltas":{"zeroToTen":4.4,"tenToTwenty":6.4,"twentyToThirty":3.5999999999999996},"xpPerMinDeltas":{"zeroToTen":359.79999999999995,"tenToTwenty":538.2,"twentyToThirty":311.6},"goldPerMinDeltas":{"zeroToTen":222.8,"tenToTwenty":359.1,"twentyToThirty":316.0},"csDiffPerMinDeltas":{"zeroToTen":-0.9000000000000001,"tenToTwenty":2.9,"twentyToThirty":-0.9000000000000004},"xpDiffPerMinDeltas":{"zeroToTen":-63.099999999999994,"tenToTwenty":234.9,"twentyToThirty":-162.5},"damageTakenPerMinDeltas":{"zeroToTen":349.8,"tenToTwenty":556.4,"twentyToThirty":1358.3},"damageTakenDiffPerMinDeltas":{"zeroToTen":11.900000000000006,"tenToTwenty":-113.99999999999997,"twentyToThirty":328.0},"role":"SOLO","lane":"TOP"},"masteries":[{"masteryId":4111,"rank":1},{"masteryId":4113,"rank":4},{"masteryId":4114,"rank":1},{"masteryId":4123,"rank":3},{"masteryId":4133,"rank":1},{"masteryId":4134,"rank":3},{"masteryId":4143,"rank":3},{"masteryId":4144,"rank":1},{"masteryId":4152,"rank":2},{"masteryId":4154,"rank":1},{"masteryId":4162,"rank":1},{"masteryId":4211,"rank":2},{"masteryId":4212,"rank":2},{"masteryId":4221,"rank":1},{"masteryId":4222,"rank":3},{"masteryId":4232,"rank":1}],"stats":{"winner":false,"champLevel":15,"item0":3116,"item1":3151,"item2":3191,"item3":0,"item4":0,"item5":1314,"item6":3362,"kills":6,"doubleKills":0,"tripleKills":0,"quadraKills":0,"pentaKills":0,"unrealKills":0,"largestKillingSpree":3,"deaths":10,"assists":8,"totalDamageDealt":114936,"totalDamageDealtToChampions":31036,"totalDamageTaken":31909,"largestCriticalStrike":0,"totalHeal":3739,"minionsKilled":157,"neutralMinionsKilled":1,"neutralMinionsKilledTeamJungle":1,"neutralMinionsKilledEnemyJungle":0,"goldEarned":10262,"goldSpent":9810,"combatPlayerScore":0,"objectivePlayerScore":0,"totalPlayerScore":0,"totalScoreRank":0,"magicDamageDealtToChampions":29272,"physicalDamageDealtToChampions":1711,"trueDamageDealtToChampions":52,"visionWardsBoughtInGame":1,"sightWardsBoughtInGame":0,"magicDamageDealt":99708,"physicalDamageDealt":14740,"trueDamageDealt":488,"magicDamageTaken":16461,"physicalDamageTaken":14603,"trueDamageTaken":845,"firstBloodKill":true,"firstBloodAssist":false,"firstTowerKill":false,"firstTowerAssist":false,"firstInhibitorKill":false,"firstInhibitorAssist":false,"inhibitorKills":0,"towerKills":0,"wardsPlaced":14,"wardsKilled":1,"largestMultiKill":1,"killingSprees":1,"totalUnitsHealed":1,"totalTimeCrowdControlDealt":1327},"participantId":9,"runes":[{"runeId":5289,"rank":6},{"runeId":5290,"rank":3},{"runeId":5317,"rank":9},{"runeId":5402,"rank":9},{"runeId":8017,"rank":3}]},{"teamId":200,"spell1Id":4,"spell2Id":7,"championId":15,"highestAchievedSeasonTier":"UNRANKED","timeline":{"creepsPerMinDeltas":{"zeroToTen":5.0,"tenToTwenty":9.8,"twentyToThirty":9.4},"xpPerMinDeltas":{"zeroToTen":273.6,"tenToTwenty":434.6,"twentyToThirty":544.7},"goldPerMinDeltas":{"zeroToTen":198.4,"tenToTwenty":310.6,"twentyToThirty":440.3},"csDiffPerMinDeltas":{"zeroToTen":-1.4499999999999997,"tenToTwenty":-0.19999999999999973,"twentyToThirty":2.150000000000001},"xpDiffPerMinDeltas":{"zeroToTen":-52.94999999999999,"tenToTwenty":-65.84999999999997,"twentyToThirty":33.099999999999994},"damageTakenPerMinDeltas":{"zeroToTen":258.0,"tenToTwenty":337.79999999999995,"twentyToThirty":713.8},"damageTakenDiffPerMinDeltas":{"zeroToTen":22.249999999999986,"tenToTwenty":-2.5000000000000284,"twentyToThirty":68.19999999999999},"role":"DUO_CARRY","lane":"BOTTOM"},"masteries":[{"masteryId":4112,"rank":4},{"masteryId":4114,"rank":1},{"masteryId":4122,"rank":3},{"masteryId":4124,"rank":1},{"masteryId":4131,"rank":1},{"masteryId":4132,"rank":1},{"masteryId":4134,"rank":3},{"masteryId":4142,"rank":1},{"masteryId":4144,"rank":1},{"masteryId":4151,"rank":1},{"masteryId":4152,"rank":3},{"masteryId":4162,"rank":1},{"masteryId":4211,"rank":2},{"masteryId":4212,"rank":2},{"masteryId":4221,"rank":1},{"masteryId":4222,"rank":3},{"masteryId":4232,"rank":1}],"stats":{"winner":false,"champLevel":15,"item0":3031,"item1":1055,"item2":1055,"item3":1304,"item4":3087,"item5":1053,"item6":3340,"kills":1,"doubleKills":0,"tripleKills":0,"quadraKills":0,"pentaKills":0,"unrealKills":0,"largestKillingSpree":0,"deaths":4,"assists":8,"totalDamageDealt":162584,"totalDamageDealtToChampions":18089,"totalDamageTaken":20535,"largestCriticalStrike":601,"totalHeal":2572,"minionsKilled":262,"neutralMinionsKilled":6,"neutralMinionsKilledTeamJungle":6,"neutralMinionsKilledEnemyJungle":0,"goldEarned":11533,"goldSpent":9770,"combatPlayerScore":0,"objectivePlayerScore":0,"totalPlayerScore":0,"totalScoreRank":0,"magicDamageDealtToChampions":647,"physicalDamageDealtToChampions":17441,"trueDamageDealtToChampions":0,"visionWardsBoughtInGame":0,"sightWardsBoughtInGame":0,"magicDamageDealt":4630,"physicalDamageDealt":157954,"trueDamageDealt":0,"magicDamageTaken":5656,"physicalDamageTaken":14336,"trueDamageTaken":542,"firstBloodKill":false,"firstBloodAssist":false,"firstTowerKill":false,"firstTowerAssist":false,"firstInhibitorKill":false,"firstInhibitorAssist":false,"inhibitorKills":0,"towerKills":1,"wardsPlaced":7,"wardsKilled":1,"largestMultiKill":1,"killingSprees":0,"totalUnitsHealed":4,"totalTimeCrowdControlDealt":0},"participantId":10,"runes":[{"runeId":5245,"rank":9},{"runeId":5289,"rank":9},{"runeId":5317,"rank":9},{"runeId":5337,"rank":3}]}],"participantIdentities":[{"participantId":1,"player":{"summonerId":24921203,"summonerName":"GreggyIce","matchHistoryUri":"/v1/stats/player_history/NA/39013370","profileIcon":593}},{"participantId":2,"player":{"summonerId":49207606,"summonerName":"TheRealBaller","matchHistoryUri":"/v1/stats/player_history/NA1/212324176","profileIcon":715}},{"participantId":3,"player":{"summonerId":32285663,"summonerName":"Boguski","matchHistoryUri":"/v1/stats/player_history/NA1/45517317","profileIcon":749}},{"participantId":4,"player":{"summonerId":31080405,"summonerName":"Kromatic","matchHistoryUri":"/v1/stats/player_history/NA1/45403014","profileIcon":778}},{"participantId":5,"player":{"summonerId":48110595,"summonerName":"Oucher","matchHistoryUri":"/v1/stats/player_history/NA1/211025418","profileIcon":901}},{"participantId":6,"player":{"summonerId":385409,"summonerName":"QuidEstPro","matchHistoryUri":"/v1/stats/player_history/NA/412242","profileIcon":561}},{"participantId":7,"player":{"summonerId":45574759,"summonerName":"SohoBakery","matchHistoryUri":"/v1/stats/player_history/NA1/208470695","profileIcon":693}},{"participantId":8,"player":{"summonerId":20106984,"summonerName":"thememan","matchHistoryUri":"/v1/stats/player_history/NA/32936252","profileIcon":691}},{"participantId":9,"player":{"summonerId":19827563,"summonerName":"xSetsuko","matchHistoryUri":"/v1/stats/player_history/NA/32562110","profileIcon":26}},{"participantId":10,"player":{"summonerId":24158657,"summonerName":"EWStalkie","matchHistoryUri":"/v1/stats/player_history/NA/38422396","profileIcon":548}}],"teams":[{"teamId":100,"winner":true,"firstBlood":false,"firstTower":true,"firstInhibitor":true,"firstBaron":false,"firstDragon":true,"towerKills":10,"inhibitorKills":3,"baronKills":0,"dragonKills":1,"vilemawKills":0,"dominionVictoryScore":0,"bans":[{"championId":102,"pickTurn":1},{"championId":112,"pickTurn":3},{"championId":245,"pickTurn":5}]},{"teamId":200,"winner":false,"firstBlood":true,"firstTower":false,"firstInhibitor":false,"firstBaron":false,"firstDragon":false,"towerKills":2,"inhibitorKills":0,"baronKills":0,"dragonKills":2,"vilemawKills":0,"dominionVictoryScore":0,"bans":[{"championId":223,"pickTurn":2},{"championId":107,"pickTurn":4},{"championId":1,"pickTurn":6}]}]}'
    http_version: 
  recorded_at: Fri, 09 Oct 2015 18:34:33 GMT
- request:
    method: get
    uri: https://na.api.pvp.net/api/lol/na/v2.2/match/1678886427?api_key=82ced787-5473-4e7f-938f-c35a1f628ade
    body:
      encoding: US-ASCII
      string: ''
    headers: {}
  response:
    status:
      code: 200
      message: OK
    headers:
      Access-Control-Allow-Headers:
      - Content-Type
      Access-Control-Allow-Methods:
      - GET, POST, DELETE, PUT
      Access-Control-Allow-Origin:
      - "*"
      Content-Type:
      - application/json; charset=UTF-8
      Date:
      - Fri, 09 Oct 2015 18:34:34 GMT
      Server:
      - Jetty(9.1.5.v20140505)
      Vary:
      - Accept-Encoding, User-Agent
      X-Newrelic-App-Data:
      - PxQFWFFSDwQTUVVSBQYBVkYdFGQHBDcQUQxLA1tMXV1dORYzVBBGBxdCdhUSEVFRRRAEPhhQRw84HlpcDjpMDFE+FxQKFgZuHAhYFVIJb00JV0MCDipcERxUT1IbARlWVwMPB1dRV04dUxRAXVkNAAZVDAcFVwNWB1AOAEQ+
      Transfer-Encoding:
      - chunked
      Connection:
      - keep-alive
    body:
      encoding: UTF-8
      string: '{"matchId":1678886427,"region":"NA","platformId":"NA1","matchMode":"CLASSIC","matchType":"MATCHED_GAME","matchCreation":1419717452305,"matchDuration":2131,"queueType":"RANKED_TEAM_5x5","mapId":11,"season":"PRESEASON2015","matchVersion":"4.21.0.397","participants":[{"teamId":100,"spell1Id":4,"spell2Id":7,"championId":67,"highestAchievedSeasonTier":"UNRANKED","timeline":{"creepsPerMinDeltas":{"zeroToTen":5.1,"tenToTwenty":5.199999999999999,"twentyToThirty":7.4,"thirtyToEnd":6.8},"xpPerMinDeltas":{"zeroToTen":300.6,"tenToTwenty":354.3,"twentyToThirty":669.8,"thirtyToEnd":650.0},"goldPerMinDeltas":{"zeroToTen":254.2,"tenToTwenty":402.0,"twentyToThirty":553.2,"thirtyToEnd":603.0},"csDiffPerMinDeltas":{"zeroToTen":-0.09999999999999976,"tenToTwenty":-0.6000000000000001,"twentyToThirty":0.5999999999999996,"thirtyToEnd":0.09999999999999964},"xpDiffPerMinDeltas":{"zeroToTen":-39.85000000000001,"tenToTwenty":-78.54999999999998,"twentyToThirty":270.44999999999993,"thirtyToEnd":282.70000000000005},"damageTakenPerMinDeltas":{"zeroToTen":386.6,"tenToTwenty":809.7,"twentyToThirty":1241.4,"thirtyToEnd":1147.8},"damageTakenDiffPerMinDeltas":{"zeroToTen":51.5,"tenToTwenty":124.60000000000002,"twentyToThirty":60.799999999999955,"thirtyToEnd":24.300000000000068},"role":"DUO_CARRY","lane":"BOTTOM"},"masteries":[{"masteryId":4112,"rank":4},{"masteryId":4114,"rank":1},{"masteryId":4122,"rank":3},{"masteryId":4124,"rank":1},{"masteryId":4132,"rank":1},{"masteryId":4134,"rank":3},{"masteryId":4142,"rank":2},{"masteryId":4144,"rank":1},{"masteryId":4151,"rank":1},{"masteryId":4152,"rank":3},{"masteryId":4162,"rank":1},{"masteryId":4211,"rank":2},{"masteryId":4212,"rank":2},{"masteryId":4221,"rank":1},{"masteryId":4222,"rank":3},{"masteryId":4232,"rank":1}],"stats":{"winner":true,"champLevel":17,"item0":3153,"item1":3140,"item2":3087,"item3":3250,"item4":1055,"item5":3035,"item6":3342,"kills":11,"doubleKills":3,"tripleKills":0,"quadraKills":0,"pentaKills":0,"unrealKills":0,"largestKillingSpree":4,"deaths":6,"assists":12,"totalDamageDealt":206311,"totalDamageDealtToChampions":31009,"totalDamageTaken":31589,"largestCriticalStrike":824,"totalHeal":3806,"minionsKilled":219,"neutralMinionsKilled":17,"neutralMinionsKilledTeamJungle":16,"neutralMinionsKilledEnemyJungle":1,"goldEarned":15999,"goldSpent":11725,"combatPlayerScore":0,"objectivePlayerScore":0,"totalPlayerScore":0,"totalScoreRank":0,"magicDamageDealtToChampions":1402,"physicalDamageDealtToChampions":23529,"trueDamageDealtToChampions":6077,"visionWardsBoughtInGame":0,"sightWardsBoughtInGame":0,"magicDamageDealt":20114,"physicalDamageDealt":166753,"trueDamageDealt":19442,"magicDamageTaken":7739,"physicalDamageTaken":22731,"trueDamageTaken":1119,"firstBloodKill":false,"firstBloodAssist":false,"firstTowerKill":false,"firstTowerAssist":false,"firstInhibitorKill":false,"firstInhibitorAssist":true,"inhibitorKills":1,"towerKills":3,"wardsPlaced":1,"wardsKilled":0,"largestMultiKill":2,"killingSprees":3,"totalUnitsHealed":3,"totalTimeCrowdControlDealt":474},"participantId":1,"runes":[{"runeId":5245,"rank":9},{"runeId":5289,"rank":9},{"runeId":5317,"rank":9},{"runeId":5337,"rank":3}]},{"teamId":100,"spell1Id":4,"spell2Id":12,"championId":14,"highestAchievedSeasonTier":"SILVER","timeline":{"creepsPerMinDeltas":{"zeroToTen":4.7,"tenToTwenty":6.5,"twentyToThirty":2.3,"thirtyToEnd":6.4},"xpPerMinDeltas":{"zeroToTen":377.6,"tenToTwenty":451.4,"twentyToThirty":457.7,"thirtyToEnd":811.8},"goldPerMinDeltas":{"zeroToTen":220.4,"tenToTwenty":282.1,"twentyToThirty":346.4,"thirtyToEnd":646.2},"csDiffPerMinDeltas":{"zeroToTen":-0.2999999999999996,"tenToTwenty":-3.5000000000000004,"twentyToThirty":-2.4000000000000004,"thirtyToEnd":0.20000000000000018},"xpDiffPerMinDeltas":{"zeroToTen":-49.39999999999998,"tenToTwenty":-116.5,"twentyToThirty":66.5,"thirtyToEnd":426.4},"damageTakenPerMinDeltas":{"zeroToTen":590.9000000000001,"tenToTwenty":306.7,"twentyToThirty":874.0999999999999,"thirtyToEnd":699.6},"damageTakenDiffPerMinDeltas":{"zeroToTen":22.200000000000045,"tenToTwenty":-26.400000000000006,"twentyToThirty":-222.7,"thirtyToEnd":-475.19999999999993},"role":"SOLO","lane":"TOP"},"masteries":[{"masteryId":4111,"rank":1},{"masteryId":4112,"rank":4},{"masteryId":4122,"rank":3},{"masteryId":4132,"rank":1},{"masteryId":4211,"rank":2},{"masteryId":4212,"rank":2},{"masteryId":4213,"rank":2},{"masteryId":4221,"rank":1},{"masteryId":4222,"rank":3},{"masteryId":4232,"rank":1},{"masteryId":4233,"rank":3},{"masteryId":4234,"rank":1},{"masteryId":4242,"rank":1},{"masteryId":4252,"rank":4},{"masteryId":4262,"rank":1}],"stats":{"winner":true,"champLevel":17,"item0":1037,"item1":2044,"item2":3144,"item3":3068,"item4":3110,"item5":3009,"item6":3362,"kills":4,"doubleKills":1,"tripleKills":0,"quadraKills":0,"pentaKills":0,"unrealKills":0,"largestKillingSpree":3,"deaths":5,"assists":14,"totalDamageDealt":140776,"totalDamageDealtToChampions":15237,"totalDamageTaken":22031,"largestCriticalStrike":0,"totalHeal":7430,"minionsKilled":170,"neutralMinionsKilled":9,"neutralMinionsKilledTeamJungle":8,"neutralMinionsKilledEnemyJungle":1,"goldEarned":12461,"goldSpent":10070,"combatPlayerScore":0,"objectivePlayerScore":0,"totalPlayerScore":0,"totalScoreRank":0,"magicDamageDealtToChampions":6245,"physicalDamageDealtToChampions":8991,"trueDamageDealtToChampions":0,"visionWardsBoughtInGame":3,"sightWardsBoughtInGame":5,"magicDamageDealt":85799,"physicalDamageDealt":54977,"trueDamageDealt":0,"magicDamageTaken":7844,"physicalDamageTaken":13128,"trueDamageTaken":1058,"firstBloodKill":false,"firstBloodAssist":false,"firstTowerKill":false,"firstTowerAssist":false,"firstInhibitorKill":false,"firstInhibitorAssist":true,"inhibitorKills":1,"towerKills":1,"wardsPlaced":16,"wardsKilled":1,"largestMultiKill":2,"killingSprees":1,"totalUnitsHealed":1,"totalTimeCrowdControlDealt":2507},"participantId":2,"runes":[{"runeId":5245,"rank":9},{"runeId":5289,"rank":6},{"runeId":5290,"rank":3},{"runeId":5317,"rank":9},{"runeId":5335,"rank":1},{"runeId":5412,"rank":2}]},{"teamId":100,"spell1Id":11,"spell2Id":4,"championId":80,"highestAchievedSeasonTier":"UNRANKED","timeline":{"creepsPerMinDeltas":{"zeroToTen":0.2,"tenToTwenty":2.4000000000000004,"twentyToThirty":1.1,"thirtyToEnd":0.6},"xpPerMinDeltas":{"zeroToTen":316.3,"tenToTwenty":451.2,"twentyToThirty":573.9,"thirtyToEnd":557.2},"goldPerMinDeltas":{"zeroToTen":225.8,"tenToTwenty":322.6,"twentyToThirty":490.6,"thirtyToEnd":427.6},"csDiffPerMinDeltas":{"zeroToTen":0.2,"tenToTwenty":1.6,"twentyToThirty":0.39999999999999997,"thirtyToEnd":0.19999999999999996},"xpDiffPerMinDeltas":{"zeroToTen":-28.200000000000003,"tenToTwenty":43.099999999999994,"twentyToThirty":319.7,"thirtyToEnd":268.20000000000005},"damageTakenPerMinDeltas":{"zeroToTen":467.79999999999995,"tenToTwenty":731.3,"twentyToThirty":770.3,"thirtyToEnd":1152.4},"damageTakenDiffPerMinDeltas":{"zeroToTen":74.19999999999999,"tenToTwenty":23.0,"twentyToThirty":-349.4,"thirtyToEnd":-71.59999999999991},"role":"NONE","lane":"JUNGLE"},"masteries":[{"masteryId":4111,"rank":1},{"masteryId":4112,"rank":4},{"masteryId":4114,"rank":1},{"masteryId":4122,"rank":3},{"masteryId":4132,"rank":1},{"masteryId":4134,"rank":3},{"masteryId":4142,"rank":3},{"masteryId":4144,"rank":1},{"masteryId":4152,"rank":3},{"masteryId":4162,"rank":1},{"masteryId":4212,"rank":2},{"masteryId":4214,"rank":2},{"masteryId":4222,"rank":3},{"masteryId":4224,"rank":1},{"masteryId":4232,"rank":1}],"stats":{"winner":true,"champLevel":17,"item0":3723,"item1":3117,"item2":3068,"item3":3102,"item4":1031,"item5":1057,"item6":3364,"kills":6,"doubleKills":0,"tripleKills":0,"quadraKills":0,"pentaKills":0,"unrealKills":0,"largestKillingSpree":5,"deaths":3,"assists":16,"totalDamageDealt":143906,"totalDamageDealtToChampions":18039,"totalDamageTaken":25878,"largestCriticalStrike":673,"totalHeal":3045,"minionsKilled":44,"neutralMinionsKilled":83,"neutralMinionsKilledTeamJungle":79,"neutralMinionsKilledEnemyJungle":4,"goldEarned":13335,"goldSpent":10940,"combatPlayerScore":0,"objectivePlayerScore":0,"totalPlayerScore":0,"totalScoreRank":0,"magicDamageDealtToChampions":4522,"physicalDamageDealtToChampions":13409,"trueDamageDealtToChampions":108,"visionWardsBoughtInGame":1,"sightWardsBoughtInGame":3,"magicDamageDealt":22751,"physicalDamageDealt":97608,"trueDamageDealt":23546,"magicDamageTaken":8089,"physicalDamageTaken":16221,"trueDamageTaken":1567,"firstBloodKill":false,"firstBloodAssist":false,"firstTowerKill":false,"firstTowerAssist":false,"firstInhibitorKill":true,"firstInhibitorAssist":false,"inhibitorKills":1,"towerKills":0,"wardsPlaced":4,"wardsKilled":9,"largestMultiKill":1,"killingSprees":1,"totalUnitsHealed":1,"totalTimeCrowdControlDealt":435},"participantId":3,"runes":[{"runeId":5245,"rank":3},{"runeId":5247,"rank":6},{"runeId":5289,"rank":9},{"runeId":5317,"rank":9},{"runeId":5335,"rank":3}]},{"teamId":100,"spell1Id":3,"spell2Id":4,"championId":40,"highestAchievedSeasonTier":"SILVER","timeline":{"creepsPerMinDeltas":{"zeroToTen":0.30000000000000004,"tenToTwenty":0.6,"twentyToThirty":0.8999999999999999,"thirtyToEnd":0.0},"xpPerMinDeltas":{"zeroToTen":268.0,"tenToTwenty":316.1,"twentyToThirty":526.1,"thirtyToEnd":665.2},"goldPerMinDeltas":{"zeroToTen":195.79999999999998,"tenToTwenty":252.5,"twentyToThirty":430.4,"thirtyToEnd":496.0},"csDiffPerMinDeltas":{"zeroToTen":-0.09999999999999976,"tenToTwenty":-0.6000000000000001,"twentyToThirty":0.5999999999999996,"thirtyToEnd":0.09999999999999964},"xpDiffPerMinDeltas":{"zeroToTen":-39.85000000000001,"tenToTwenty":-78.54999999999998,"twentyToThirty":270.44999999999993,"thirtyToEnd":282.70000000000005},"damageTakenPerMinDeltas":{"zeroToTen":409.5,"tenToTwenty":601.5,"twentyToThirty":924.6,"thirtyToEnd":635.0},"damageTakenDiffPerMinDeltas":{"zeroToTen":51.5,"tenToTwenty":124.60000000000002,"twentyToThirty":60.799999999999955,"thirtyToEnd":24.300000000000068},"role":"DUO_SUPPORT","lane":"BOTTOM"},"masteries":[{"masteryId":4211,"rank":2},{"masteryId":4212,"rank":2},{"masteryId":4221,"rank":1},{"masteryId":4222,"rank":3},{"masteryId":4232,"rank":1},{"masteryId":4312,"rank":3},{"masteryId":4313,"rank":3},{"masteryId":4322,"rank":3},{"masteryId":4324,"rank":1},{"masteryId":4331,"rank":3},{"masteryId":4334,"rank":1},{"masteryId":4341,"rank":1},{"masteryId":4342,"rank":1},{"masteryId":4352,"rank":1},{"masteryId":4353,"rank":3},{"masteryId":4362,"rank":1}],"stats":{"winner":true,"champLevel":16,"item0":3222,"item1":2049,"item2":3190,"item3":3092,"item4":0,"item5":3117,"item6":3364,"kills":1,"doubleKills":0,"tripleKills":0,"quadraKills":0,"pentaKills":0,"unrealKills":0,"largestKillingSpree":0,"deaths":8,"assists":27,"totalDamageDealt":22183,"totalDamageDealtToChampions":5644,"totalDamageTaken":23755,"largestCriticalStrike":0,"totalHeal":8819,"minionsKilled":18,"neutralMinionsKilled":0,"neutralMinionsKilledTeamJungle":0,"neutralMinionsKilledEnemyJungle":0,"goldEarned":12049,"goldSpent":10240,"combatPlayerScore":0,"objectivePlayerScore":0,"totalPlayerScore":0,"totalScoreRank":0,"magicDamageDealtToChampions":3492,"physicalDamageDealtToChampions":2152,"trueDamageDealtToChampions":0,"visionWardsBoughtInGame":4,"sightWardsBoughtInGame":0,"magicDamageDealt":12524,"physicalDamageDealt":9658,"trueDamageDealt":0,"magicDamageTaken":8200,"physicalDamageTaken":14444,"trueDamageTaken":1110,"firstBloodKill":false,"firstBloodAssist":false,"firstTowerKill":false,"firstTowerAssist":false,"firstInhibitorKill":false,"firstInhibitorAssist":true,"inhibitorKills":0,"towerKills":2,"wardsPlaced":35,"wardsKilled":2,"largestMultiKill":1,"killingSprees":0,"totalUnitsHealed":13,"totalTimeCrowdControlDealt":166},"participantId":4,"runes":[{"runeId":5257,"rank":9},{"runeId":5289,"rank":9},{"runeId":5316,"rank":9},{"runeId":5351,"rank":3}]},{"teamId":100,"spell1Id":4,"spell2Id":14,"championId":105,"highestAchievedSeasonTier":"SILVER","timeline":{"creepsPerMinDeltas":{"zeroToTen":5.2,"tenToTwenty":7.0,"twentyToThirty":5.4,"thirtyToEnd":6.0},"xpPerMinDeltas":{"zeroToTen":397.1,"tenToTwenty":645.9000000000001,"twentyToThirty":558.8,"thirtyToEnd":706.0},"goldPerMinDeltas":{"zeroToTen":201.10000000000002,"tenToTwenty":406.5,"twentyToThirty":672.3,"thirtyToEnd":684.0},"csDiffPerMinDeltas":{"zeroToTen":-0.09999999999999987,"tenToTwenty":3.4,"twentyToThirty":3.2,"thirtyToEnd":0.40000000000000036},"xpDiffPerMinDeltas":{"zeroToTen":-37.70000000000002,"tenToTwenty":287.90000000000003,"twentyToThirty":281.70000000000005,"thirtyToEnd":146.79999999999995},"damageTakenPerMinDeltas":{"zeroToTen":159.0,"tenToTwenty":670.0999999999999,"twentyToThirty":652.3,"thirtyToEnd":1092.8},"damageTakenDiffPerMinDeltas":{"zeroToTen":89.39999999999999,"tenToTwenty":4.499999999999972,"twentyToThirty":-146.4000000000001,"thirtyToEnd":45.0},"role":"SOLO","lane":"MIDDLE"},"masteries":[{"masteryId":4113,"rank":4},{"masteryId":4121,"rank":1},{"masteryId":4123,"rank":3},{"masteryId":4133,"rank":1},{"masteryId":4134,"rank":3},{"masteryId":4143,"rank":3},{"masteryId":4144,"rank":1},{"masteryId":4152,"rank":3},{"masteryId":4154,"rank":1},{"masteryId":4162,"rank":1},{"masteryId":4313,"rank":3},{"masteryId":4314,"rank":1},{"masteryId":4322,"rank":3},{"masteryId":4324,"rank":1},{"masteryId":4332,"rank":1}],"stats":{"winner":true,"champLevel":18,"item0":3157,"item1":3089,"item2":1026,"item3":3100,"item4":3020,"item5":1056,"item6":3341,"kills":19,"doubleKills":2,"tripleKills":1,"quadraKills":1,"pentaKills":1,"unrealKills":0,"largestKillingSpree":15,"deaths":4,"assists":9,"totalDamageDealt":160530,"totalDamageDealtToChampions":33636,"totalDamageTaken":20278,"largestCriticalStrike":0,"totalHeal":2355,"minionsKilled":206,"neutralMinionsKilled":7,"neutralMinionsKilledTeamJungle":3,"neutralMinionsKilledEnemyJungle":4,"goldEarned":16902,"goldSpent":14590,"combatPlayerScore":0,"objectivePlayerScore":0,"totalPlayerScore":0,"totalScoreRank":0,"magicDamageDealtToChampions":28665,"physicalDamageDealtToChampions":3621,"trueDamageDealtToChampions":1350,"visionWardsBoughtInGame":0,"sightWardsBoughtInGame":1,"magicDamageDealt":129913,"physicalDamageDealt":28867,"trueDamageDealt":1749,"magicDamageTaken":7630,"physicalDamageTaken":10218,"trueDamageTaken":2429,"firstBloodKill":false,"firstBloodAssist":false,"firstTowerKill":false,"firstTowerAssist":false,"firstInhibitorKill":false,"firstInhibitorAssist":true,"inhibitorKills":0,"towerKills":2,"wardsPlaced":8,"wardsKilled":0,"largestMultiKill":5,"killingSprees":2,"totalUnitsHealed":1,"totalTimeCrowdControlDealt":368},"participantId":5,"runes":[{"runeId":5273,"rank":9},{"runeId":5297,"rank":9},{"runeId":5316,"rank":9},{"runeId":5357,"rank":3}]},{"teamId":200,"spell1Id":11,"spell2Id":4,"championId":111,"highestAchievedSeasonTier":"SILVER","timeline":{"creepsPerMinDeltas":{"zeroToTen":0.0,"tenToTwenty":0.8,"twentyToThirty":0.7,"thirtyToEnd":0.4},"xpPerMinDeltas":{"zeroToTen":344.5,"tenToTwenty":408.1,"twentyToThirty":254.2,"thirtyToEnd":289.0},"goldPerMinDeltas":{"zeroToTen":244.6,"tenToTwenty":282.1,"twentyToThirty":264.2,"thirtyToEnd":243.6},"csDiffPerMinDeltas":{"zeroToTen":-0.2,"tenToTwenty":-1.6,"twentyToThirty":-0.39999999999999997,"thirtyToEnd":-0.19999999999999996},"xpDiffPerMinDeltas":{"zeroToTen":28.200000000000003,"tenToTwenty":-43.099999999999994,"twentyToThirty":-319.7,"thirtyToEnd":-268.20000000000005},"damageTakenPerMinDeltas":{"zeroToTen":393.6,"tenToTwenty":708.3,"twentyToThirty":1119.7,"thirtyToEnd":1224.0},"damageTakenDiffPerMinDeltas":{"zeroToTen":-74.19999999999999,"tenToTwenty":-23.0,"twentyToThirty":349.4,"thirtyToEnd":71.59999999999991},"role":"NONE","lane":"JUNGLE"},"masteries":[{"masteryId":4213,"rank":2},{"masteryId":4214,"rank":2},{"masteryId":4222,"rank":3},{"masteryId":4224,"rank":1},{"masteryId":4232,"rank":1},{"masteryId":4233,"rank":3},{"masteryId":4234,"rank":3},{"masteryId":4242,"rank":1},{"masteryId":4243,"rank":1},{"masteryId":4252,"rank":4},{"masteryId":4253,"rank":1},{"masteryId":4262,"rank":1},{"masteryId":4311,"rank":1},{"masteryId":4312,"rank":3},{"masteryId":4322,"rank":3}],"stats":{"winner":false,"champLevel":14,"item0":3717,"item1":3270,"item2":3110,"item3":0,"item4":1011,"item5":1029,"item6":3364,"kills":3,"doubleKills":0,"tripleKills":0,"quadraKills":0,"pentaKills":0,"unrealKills":0,"largestKillingSpree":0,"deaths":8,"assists":9,"totalDamageDealt":94225,"totalDamageDealtToChampions":10206,"totalDamageTaken":30233,"largestCriticalStrike":0,"totalHeal":1774,"minionsKilled":17,"neutralMinionsKilled":62,"neutralMinionsKilledTeamJungle":59,"neutralMinionsKilledEnemyJungle":3,"goldEarned":9660,"goldSpent":8265,"combatPlayerScore":0,"objectivePlayerScore":0,"totalPlayerScore":0,"totalScoreRank":0,"magicDamageDealtToChampions":7935,"physicalDamageDealtToChampions":1842,"trueDamageDealtToChampions":428,"visionWardsBoughtInGame":3,"sightWardsBoughtInGame":1,"magicDamageDealt":57058,"physicalDamageDealt":27424,"trueDamageDealt":9742,"magicDamageTaken":10082,"physicalDamageTaken":18547,"trueDamageTaken":1603,"firstBloodKill":false,"firstBloodAssist":false,"firstTowerKill":false,"firstTowerAssist":false,"firstInhibitorKill":false,"firstInhibitorAssist":false,"inhibitorKills":0,"towerKills":1,"wardsPlaced":10,"wardsKilled":2,"largestMultiKill":1,"killingSprees":0,"totalUnitsHealed":1,"totalTimeCrowdControlDealt":1711},"participantId":6,"runes":[{"runeId":5245,"rank":2},{"runeId":5247,"rank":7},{"runeId":5290,"rank":9},{"runeId":5317,"rank":9},{"runeId":5335,"rank":3}]},{"teamId":200,"spell1Id":14,"spell2Id":4,"championId":62,"highestAchievedSeasonTier":"SILVER","timeline":{"creepsPerMinDeltas":{"zeroToTen":5.0,"tenToTwenty":10.0,"twentyToThirty":4.7,"thirtyToEnd":6.2},"xpPerMinDeltas":{"zeroToTen":427.0,"tenToTwenty":567.9,"twentyToThirty":391.2,"thirtyToEnd":385.4},"goldPerMinDeltas":{"zeroToTen":267.5,"tenToTwenty":354.0,"twentyToThirty":340.4,"thirtyToEnd":266.4},"csDiffPerMinDeltas":{"zeroToTen":0.2999999999999996,"tenToTwenty":3.5000000000000004,"twentyToThirty":2.4000000000000004,"thirtyToEnd":-0.20000000000000018},"xpDiffPerMinDeltas":{"zeroToTen":49.39999999999998,"tenToTwenty":116.5,"twentyToThirty":-66.5,"thirtyToEnd":-426.4},"damageTakenPerMinDeltas":{"zeroToTen":568.7,"tenToTwenty":333.1,"twentyToThirty":1096.8,"thirtyToEnd":1174.8},"damageTakenDiffPerMinDeltas":{"zeroToTen":-22.200000000000045,"tenToTwenty":26.400000000000006,"twentyToThirty":222.7,"thirtyToEnd":475.19999999999993},"role":"SOLO","lane":"TOP"},"masteries":[{"masteryId":4111,"rank":1},{"masteryId":4112,"rank":3},{"masteryId":4114,"rank":1},{"masteryId":4122,"rank":3},{"masteryId":4124,"rank":1},{"masteryId":4131,"rank":1},{"masteryId":4132,"rank":1},{"masteryId":4134,"rank":3},{"masteryId":4141,"rank":1},{"masteryId":4142,"rank":1},{"masteryId":4144,"rank":1},{"masteryId":4152,"rank":3},{"masteryId":4162,"rank":1},{"masteryId":4211,"rank":2},{"masteryId":4213,"rank":2},{"masteryId":4221,"rank":1},{"masteryId":4222,"rank":3},{"masteryId":4232,"rank":1}],"stats":{"winner":false,"champLevel":16,"item0":3134,"item1":1031,"item2":3074,"item3":3265,"item4":3035,"item5":1057,"item6":3340,"kills":3,"doubleKills":0,"tripleKills":0,"quadraKills":0,"pentaKills":0,"unrealKills":0,"largestKillingSpree":2,"deaths":7,"assists":3,"totalDamageDealt":170509,"totalDamageDealtToChampions":16228,"totalDamageTaken":28179,"largestCriticalStrike":0,"totalHeal":1887,"minionsKilled":228,"neutralMinionsKilled":18,"neutralMinionsKilledTeamJungle":15,"neutralMinionsKilledEnemyJungle":3,"goldEarned":11484,"goldSpent":11295,"combatPlayerScore":0,"objectivePlayerScore":0,"totalPlayerScore":0,"totalScoreRank":0,"magicDamageDealtToChampions":373,"physicalDamageDealtToChampions":14663,"trueDamageDealtToChampions":1192,"visionWardsBoughtInGame":1,"sightWardsBoughtInGame":2,"magicDamageDealt":2524,"physicalDamageDealt":166204,"trueDamageDealt":1780,"magicDamageTaken":10397,"physicalDamageTaken":16636,"trueDamageTaken":1144,"firstBloodKill":false,"firstBloodAssist":false,"firstTowerKill":false,"firstTowerAssist":false,"firstInhibitorKill":false,"firstInhibitorAssist":false,"inhibitorKills":0,"towerKills":0,"wardsPlaced":10,"wardsKilled":1,"largestMultiKill":1,"killingSprees":1,"totalUnitsHealed":1,"totalTimeCrowdControlDealt":156},"participantId":7,"runes":[{"runeId":5245,"rank":9},{"runeId":5289,"rank":9},{"runeId":5317,"rank":9},{"runeId":5412,"rank":3}]},{"teamId":200,"spell1Id":7,"spell2Id":4,"championId":81,"highestAchievedSeasonTier":"SILVER","timeline":{"creepsPerMinDeltas":{"zeroToTen":5.199999999999999,"tenToTwenty":6.2,"twentyToThirty":4.800000000000001,"thirtyToEnd":4.4},"xpPerMinDeltas":{"zeroToTen":341.2,"tenToTwenty":507.4,"twentyToThirty":292.3,"thirtyToEnd":436.2},"goldPerMinDeltas":{"zeroToTen":301.5,"tenToTwenty":504.5,"twentyToThirty":424.7,"thirtyToEnd":262.4},"csDiffPerMinDeltas":{"zeroToTen":0.09999999999999976,"tenToTwenty":0.6000000000000001,"twentyToThirty":-0.5999999999999996,"thirtyToEnd":-0.09999999999999964},"xpDiffPerMinDeltas":{"zeroToTen":39.85000000000001,"tenToTwenty":78.54999999999998,"twentyToThirty":-270.44999999999993,"thirtyToEnd":-282.70000000000005},"damageTakenPerMinDeltas":{"zeroToTen":335.0,"tenToTwenty":661.9,"twentyToThirty":1102.4,"thirtyToEnd":974.8},"damageTakenDiffPerMinDeltas":{"zeroToTen":-51.5,"tenToTwenty":-124.60000000000002,"twentyToThirty":-60.799999999999955,"thirtyToEnd":-24.300000000000068},"role":"DUO_CARRY","lane":"BOTTOM"},"masteries":[{"masteryId":4111,"rank":1},{"masteryId":4112,"rank":4},{"masteryId":4122,"rank":3},{"masteryId":4132,"rank":1},{"masteryId":4134,"rank":3},{"masteryId":4142,"rank":3},{"masteryId":4144,"rank":1},{"masteryId":4151,"rank":1},{"masteryId":4152,"rank":3},{"masteryId":4162,"rank":1},{"masteryId":4211,"rank":1},{"masteryId":4212,"rank":2},{"masteryId":4213,"rank":2},{"masteryId":4222,"rank":3},{"masteryId":4232,"rank":1}],"stats":{"winner":false,"champLevel":15,"item0":1036,"item1":1037,"item2":3072,"item3":3031,"item4":3078,"item5":3275,"item6":3340,"kills":14,"doubleKills":1,"tripleKills":0,"quadraKills":0,"pentaKills":0,"unrealKills":0,"largestKillingSpree":6,"deaths":8,"assists":7,"totalDamageDealt":180278,"totalDamageDealtToChampions":39272,"totalDamageTaken":25867,"largestCriticalStrike":1018,"totalHeal":2818,"minionsKilled":184,"neutralMinionsKilled":10,"neutralMinionsKilledTeamJungle":7,"neutralMinionsKilledEnemyJungle":3,"goldEarned":14152,"goldSpent":14223,"combatPlayerScore":0,"objectivePlayerScore":0,"totalPlayerScore":0,"totalScoreRank":0,"magicDamageDealtToChampions":10318,"physicalDamageDealtToChampions":28588,"trueDamageDealtToChampions":365,"visionWardsBoughtInGame":0,"sightWardsBoughtInGame":0,"magicDamageDealt":27131,"physicalDamageDealt":152636,"trueDamageDealt":511,"magicDamageTaken":5312,"physicalDamageTaken":18368,"trueDamageTaken":2186,"firstBloodKill":false,"firstBloodAssist":false,"firstTowerKill":false,"firstTowerAssist":false,"firstInhibitorKill":false,"firstInhibitorAssist":false,"inhibitorKills":0,"towerKills":1,"wardsPlaced":12,"wardsKilled":3,"largestMultiKill":2,"killingSprees":3,"totalUnitsHealed":3,"totalTimeCrowdControlDealt":66},"participantId":8,"runes":[{"runeId":5245,"rank":9},{"runeId":5289,"rank":9},{"runeId":5317,"rank":9},{"runeId":5412,"rank":3}]},{"teamId":200,"spell1Id":14,"spell2Id":4,"championId":103,"highestAchievedSeasonTier":"UNRANKED","timeline":{"creepsPerMinDeltas":{"zeroToTen":5.3,"tenToTwenty":3.6,"twentyToThirty":2.2,"thirtyToEnd":5.6},"xpPerMinDeltas":{"zeroToTen":434.8,"tenToTwenty":358.0,"twentyToThirty":277.1,"thirtyToEnd":559.2},"goldPerMinDeltas":{"zeroToTen":217.1,"tenToTwenty":277.1,"twentyToThirty":314.5,"thirtyToEnd":302.8},"csDiffPerMinDeltas":{"zeroToTen":0.09999999999999987,"tenToTwenty":-3.4,"twentyToThirty":-3.2,"thirtyToEnd":-0.40000000000000036},"xpDiffPerMinDeltas":{"zeroToTen":37.70000000000002,"tenToTwenty":-287.90000000000003,"twentyToThirty":-281.70000000000005,"thirtyToEnd":-146.79999999999995},"damageTakenPerMinDeltas":{"zeroToTen":69.6,"tenToTwenty":665.6,"twentyToThirty":798.7,"thirtyToEnd":1047.8},"damageTakenDiffPerMinDeltas":{"zeroToTen":-89.39999999999999,"tenToTwenty":-4.499999999999972,"twentyToThirty":146.4000000000001,"thirtyToEnd":-45.0},"role":"SOLO","lane":"MIDDLE"},"masteries":[{"masteryId":4113,"rank":4},{"masteryId":4114,"rank":1},{"masteryId":4123,"rank":3},{"masteryId":4133,"rank":1},{"masteryId":4134,"rank":3},{"masteryId":4143,"rank":3},{"masteryId":4144,"rank":1},{"masteryId":4152,"rank":3},{"masteryId":4154,"rank":1},{"masteryId":4162,"rank":1},{"masteryId":4312,"rank":2},{"masteryId":4313,"rank":3},{"masteryId":4322,"rank":3},{"masteryId":4332,"rank":1}],"stats":{"winner":false,"champLevel":15,"item0":1056,"item1":3255,"item2":3152,"item3":3157,"item4":1058,"item5":0,"item6":3340,"kills":3,"doubleKills":0,"tripleKills":0,"quadraKills":0,"pentaKills":0,"unrealKills":0,"largestKillingSpree":0,"deaths":9,"assists":7,"totalDamageDealt":102420,"totalDamageDealtToChampions":14517,"totalDamageTaken":20578,"largestCriticalStrike":0,"totalHeal":1831,"minionsKilled":139,"neutralMinionsKilled":12,"neutralMinionsKilledTeamJungle":12,"neutralMinionsKilledEnemyJungle":0,"goldEarned":10134,"goldSpent":9905,"combatPlayerScore":0,"objectivePlayerScore":0,"totalPlayerScore":0,"totalScoreRank":0,"magicDamageDealtToChampions":7833,"physicalDamageDealtToChampions":1385,"trueDamageDealtToChampions":5299,"visionWardsBoughtInGame":1,"sightWardsBoughtInGame":2,"magicDamageDealt":55532,"physicalDamageDealt":16484,"trueDamageDealt":30403,"magicDamageTaken":10300,"physicalDamageTaken":9577,"trueDamageTaken":700,"firstBloodKill":false,"firstBloodAssist":false,"firstTowerKill":false,"firstTowerAssist":false,"firstInhibitorKill":false,"firstInhibitorAssist":false,"inhibitorKills":0,"towerKills":1,"wardsPlaced":11,"wardsKilled":1,"largestMultiKill":1,"killingSprees":0,"totalUnitsHealed":1,"totalTimeCrowdControlDealt":27},"participantId":9,"runes":[{"runeId":5273,"rank":9},{"runeId":5290,"rank":9},{"runeId":5317,"rank":9},{"runeId":5357,"rank":3}]},{"teamId":200,"spell1Id":3,"spell2Id":4,"championId":25,"highestAchievedSeasonTier":"UNRANKED","timeline":{"creepsPerMinDeltas":{"zeroToTen":0.4,"tenToTwenty":0.8,"twentyToThirty":2.3,"thirtyToEnd":2.2},"xpPerMinDeltas":{"zeroToTen":307.1,"tenToTwenty":320.1,"twentyToThirty":362.70000000000005,"thirtyToEnd":313.6},"goldPerMinDeltas":{"zeroToTen":243.10000000000002,"tenToTwenty":301.0,"twentyToThirty":367.0,"thirtyToEnd":237.0},"csDiffPerMinDeltas":{"zeroToTen":0.09999999999999976,"tenToTwenty":0.6000000000000001,"twentyToThirty":-0.5999999999999996,"thirtyToEnd":-0.09999999999999964},"xpDiffPerMinDeltas":{"zeroToTen":39.85000000000001,"tenToTwenty":78.54999999999998,"twentyToThirty":-270.44999999999993,"thirtyToEnd":-282.70000000000005},"damageTakenPerMinDeltas":{"zeroToTen":358.1,"tenToTwenty":500.1,"twentyToThirty":942.0,"thirtyToEnd":759.4},"damageTakenDiffPerMinDeltas":{"zeroToTen":-51.5,"tenToTwenty":-124.60000000000002,"twentyToThirty":-60.799999999999955,"thirtyToEnd":-24.300000000000068},"role":"DUO_SUPPORT","lane":"BOTTOM"},"masteries":[{"masteryId":4211,"rank":2},{"masteryId":4212,"rank":2},{"masteryId":4221,"rank":1},{"masteryId":4222,"rank":3},{"masteryId":4232,"rank":1},{"masteryId":4233,"rank":3},{"masteryId":4243,"rank":1},{"masteryId":4312,"rank":3},{"masteryId":4313,"rank":3},{"masteryId":4323,"rank":1},{"masteryId":4324,"rank":1},{"masteryId":4331,"rank":3},{"masteryId":4334,"rank":1},{"masteryId":4341,"rank":1},{"masteryId":4342,"rank":1},{"masteryId":4343,"rank":3}],"stats":{"winner":false,"champLevel":14,"item0":3023,"item1":3092,"item2":3157,"item3":3020,"item4":1033,"item5":0,"item6":3341,"kills":3,"doubleKills":0,"tripleKills":0,"quadraKills":0,"pentaKills":0,"unrealKills":0,"largestKillingSpree":2,"deaths":9,"assists":13,"totalDamageDealt":47087,"totalDamageDealtToChampions":13801,"totalDamageTaken":21799,"largestCriticalStrike":0,"totalHeal":241,"minionsKilled":46,"neutralMinionsKilled":0,"neutralMinionsKilledTeamJungle":0,"neutralMinionsKilledEnemyJungle":0,"goldEarned":10879,"goldSpent":10755,"combatPlayerScore":0,"objectivePlayerScore":0,"totalPlayerScore":0,"totalScoreRank":0,"magicDamageDealtToChampions":11964,"physicalDamageDealtToChampions":1836,"trueDamageDealtToChampions":0,"visionWardsBoughtInGame":2,"sightWardsBoughtInGame":8,"magicDamageDealt":40913,"physicalDamageDealt":6173,"trueDamageDealt":0,"magicDamageTaken":8250,"physicalDamageTaken":11648,"trueDamageTaken":1900,"firstBloodKill":true,"firstBloodAssist":false,"firstTowerKill":false,"firstTowerAssist":false,"firstInhibitorKill":false,"firstInhibitorAssist":false,"inhibitorKills":0,"towerKills":1,"wardsPlaced":7,"wardsKilled":1,"largestMultiKill":1,"killingSprees":1,"totalUnitsHealed":1,"totalTimeCrowdControlDealt":209},"participantId":10,"runes":[{"runeId":5273,"rank":9},{"runeId":5289,"rank":9},{"runeId":5317,"rank":9},{"runeId":5357,"rank":3}]}],"participantIdentities":[{"participantId":1,"player":{"summonerId":24158657,"summonerName":"EWStalkie","matchHistoryUri":"/v1/stats/player_history/NA/38422396","profileIcon":548}},{"participantId":2,"player":{"summonerId":19827563,"summonerName":"xSetsuko","matchHistoryUri":"/v1/stats/player_history/NA/32562110","profileIcon":26}},{"participantId":3,"player":{"summonerId":385409,"summonerName":"QuidEstPro","matchHistoryUri":"/v1/stats/player_history/NA/412242","profileIcon":561}},{"participantId":4,"player":{"summonerId":21623880,"summonerName":"its
        KsYou","matchHistoryUri":"/v1/stats/player_history/NA/35082125","profileIcon":717}},{"participantId":5,"player":{"summonerId":19744834,"summonerName":"phaNzae","matchHistoryUri":"/v1/stats/player_history/NA/32446026","profileIcon":508}},{"participantId":6,"player":{"summonerId":20019948,"summonerName":"Foogie23","matchHistoryUri":"/v1/stats/player_history/NA/32815232","profileIcon":512}},{"participantId":7,"player":{"summonerId":20023025,"summonerName":"Lovedknightt","matchHistoryUri":"/v1/stats/player_history/NA/32818703","profileIcon":28}},{"participantId":8,"player":{"summonerId":22313394,"summonerName":"Dowatnow","matchHistoryUri":"/v1/stats/player_history/NA/36045580","profileIcon":544}},{"participantId":9,"player":{"summonerId":27433101,"summonerName":"Schloshy","matchHistoryUri":"/v1/stats/player_history/NA1/42023124","profileIcon":25}},{"participantId":10,"player":{"summonerId":47107242,"summonerName":"MrJazzMetal","matchHistoryUri":"/v1/stats/player_history/NA1/210023310","profileIcon":654}}],"teams":[{"teamId":100,"winner":true,"firstBlood":false,"firstTower":true,"firstInhibitor":true,"firstBaron":true,"firstDragon":false,"towerKills":11,"inhibitorKills":4,"baronKills":1,"dragonKills":2,"vilemawKills":0,"dominionVictoryScore":0,"bans":[{"championId":6,"pickTurn":1},{"championId":421,"pickTurn":3},{"championId":127,"pickTurn":5}]},{"teamId":200,"winner":false,"firstBlood":true,"firstTower":false,"firstInhibitor":false,"firstBaron":false,"firstDragon":true,"towerKills":5,"inhibitorKills":0,"baronKills":0,"dragonKills":2,"vilemawKills":0,"dominionVictoryScore":0,"bans":[{"championId":19,"pickTurn":2},{"championId":7,"pickTurn":4},{"championId":268,"pickTurn":6}]}]}'
    http_version: 
  recorded_at: Fri, 09 Oct 2015 18:34:34 GMT
- request:
    method: get
    uri: https://na.api.pvp.net/api/lol/na/v2.2/match/1678864521?api_key=82ced787-5473-4e7f-938f-c35a1f628ade
    body:
      encoding: US-ASCII
      string: ''
    headers: {}
  response:
    status:
      code: 200
      message: OK
    headers:
      Access-Control-Allow-Headers:
      - Content-Type
      Access-Control-Allow-Methods:
      - GET, POST, DELETE, PUT
      Access-Control-Allow-Origin:
      - "*"
      Content-Type:
      - application/json; charset=UTF-8
      Date:
      - Fri, 09 Oct 2015 18:34:35 GMT
      Server:
      - Jetty(9.1.5.v20140505)
      Vary:
      - Accept-Encoding, User-Agent
      X-Newrelic-App-Data:
      - PxQFWFFSDwQTUVVSBQYBVkYdFGQHBDcQUQxLA1tMXV1dORYzVBBGBxdCdhUSEVFRRRAEPhhQRw84HlpcDjpMDFE+FxQKFgZuHAhYFVIJb00JV0MCDipcERxUT1IbARlWVwIHA1tfVVEcTwlOGglVVgdRDlUEA1UDAQQHVQJBZQ==
      Content-Length:
      - '30892'
      Connection:
      - keep-alive
    body:
      encoding: UTF-8
      string: '{"matchId":1678864521,"region":"NA","platformId":"NA1","matchMode":"CLASSIC","matchType":"MATCHED_GAME","matchCreation":1419714680504,"matchDuration":2303,"queueType":"RANKED_TEAM_5x5","mapId":11,"season":"PRESEASON2015","matchVersion":"4.21.0.397","participants":[{"teamId":100,"spell1Id":4,"spell2Id":7,"championId":6,"highestAchievedSeasonTier":"UNRANKED","timeline":{"creepsPerMinDeltas":{"zeroToTen":2.8,"tenToTwenty":6.2,"twentyToThirty":5.1,"thirtyToEnd":3.6},"xpPerMinDeltas":{"zeroToTen":198.5,"tenToTwenty":419.7,"twentyToThirty":512.6,"thirtyToEnd":260.0},"goldPerMinDeltas":{"zeroToTen":191.7,"tenToTwenty":341.70000000000005,"twentyToThirty":352.1,"thirtyToEnd":273.2},"csDiffPerMinDeltas":{"zeroToTen":-1.5500000000000003,"tenToTwenty":-0.10000000000000031,"twentyToThirty":-0.5000000000000002,"thirtyToEnd":-3.8},"xpDiffPerMinDeltas":{"zeroToTen":-68.15,"tenToTwenty":-67.10000000000002,"twentyToThirty":-104.94999999999993,"thirtyToEnd":-231.2},"damageTakenPerMinDeltas":{"zeroToTen":711.2,"tenToTwenty":566.7,"twentyToThirty":947.9,"thirtyToEnd":1254.8},"damageTakenDiffPerMinDeltas":{"zeroToTen":-1.150000000000034,"tenToTwenty":-196.5,"twentyToThirty":-189.8,"thirtyToEnd":-238.0999999999999},"role":"DUO_CARRY","lane":"BOTTOM"},"masteries":[{"masteryId":4112,"rank":4},{"masteryId":4114,"rank":1},{"masteryId":4122,"rank":3},{"masteryId":4124,"rank":1},{"masteryId":4131,"rank":1},{"masteryId":4132,"rank":1},{"masteryId":4134,"rank":3},{"masteryId":4141,"rank":1},{"masteryId":4144,"rank":1},{"masteryId":4151,"rank":1},{"masteryId":4152,"rank":3},{"masteryId":4162,"rank":1},{"masteryId":4211,"rank":2},{"masteryId":4212,"rank":2},{"masteryId":4221,"rank":1},{"masteryId":4222,"rank":3},{"masteryId":4232,"rank":1}],"stats":{"winner":false,"champLevel":15,"item0":2003,"item1":3042,"item2":3268,"item3":3110,"item4":3035,"item5":3134,"item6":3363,"kills":3,"doubleKills":0,"tripleKills":0,"quadraKills":0,"pentaKills":0,"unrealKills":0,"largestKillingSpree":0,"deaths":17,"assists":11,"totalDamageDealt":112649,"totalDamageDealtToChampions":11852,"totalDamageTaken":35910,"largestCriticalStrike":0,"totalHeal":2414,"minionsKilled":175,"neutralMinionsKilled":5,"neutralMinionsKilledTeamJungle":4,"neutralMinionsKilledEnemyJungle":1,"goldEarned":12343,"goldSpent":12697,"combatPlayerScore":0,"objectivePlayerScore":0,"totalPlayerScore":0,"totalScoreRank":0,"magicDamageDealtToChampions":0,"physicalDamageDealtToChampions":11852,"trueDamageDealtToChampions":0,"visionWardsBoughtInGame":3,"sightWardsBoughtInGame":1,"magicDamageDealt":0,"physicalDamageDealt":112649,"trueDamageDealt":0,"magicDamageTaken":10954,"physicalDamageTaken":24506,"trueDamageTaken":450,"firstBloodKill":false,"firstBloodAssist":false,"firstTowerKill":false,"firstTowerAssist":false,"firstInhibitorKill":false,"firstInhibitorAssist":false,"inhibitorKills":0,"towerKills":1,"wardsPlaced":4,"wardsKilled":3,"largestMultiKill":1,"killingSprees":0,"totalUnitsHealed":2,"totalTimeCrowdControlDealt":942},"participantId":1,"runes":[{"runeId":5245,"rank":9},{"runeId":5289,"rank":9},{"runeId":5317,"rank":9},{"runeId":5337,"rank":3}]},{"teamId":100,"spell1Id":11,"spell2Id":4,"championId":80,"highestAchievedSeasonTier":"UNRANKED","timeline":{"creepsPerMinDeltas":{"zeroToTen":0.5,"tenToTwenty":2.0999999999999996,"twentyToThirty":1.5,"thirtyToEnd":3.6},"xpPerMinDeltas":{"zeroToTen":283.7,"tenToTwenty":398.3,"twentyToThirty":449.1,"thirtyToEnd":602.6},"goldPerMinDeltas":{"zeroToTen":232.7,"tenToTwenty":422.0,"twentyToThirty":371.9,"thirtyToEnd":431.4},"csDiffPerMinDeltas":{"zeroToTen":0.5,"tenToTwenty":1.4,"twentyToThirty":0.39999999999999997,"thirtyToEnd":2.6},"xpDiffPerMinDeltas":{"zeroToTen":52.19999999999999,"tenToTwenty":86.6,"twentyToThirty":-103.20000000000002,"thirtyToEnd":44.200000000000045},"damageTakenPerMinDeltas":{"zeroToTen":408.20000000000005,"tenToTwenty":693.7,"twentyToThirty":1302.4,"thirtyToEnd":1271.2},"damageTakenDiffPerMinDeltas":{"zeroToTen":-106.9,"tenToTwenty":-133.10000000000002,"twentyToThirty":-27.200000000000045,"thirtyToEnd":-65.39999999999986},"role":"NONE","lane":"JUNGLE"},"masteries":[{"masteryId":4111,"rank":1},{"masteryId":4112,"rank":4},{"masteryId":4114,"rank":1},{"masteryId":4122,"rank":3},{"masteryId":4132,"rank":1},{"masteryId":4134,"rank":3},{"masteryId":4142,"rank":3},{"masteryId":4144,"rank":1},{"masteryId":4152,"rank":3},{"masteryId":4162,"rank":1},{"masteryId":4212,"rank":2},{"masteryId":4214,"rank":2},{"masteryId":4222,"rank":3},{"masteryId":4224,"rank":1},{"masteryId":4232,"rank":1}],"stats":{"winner":false,"champLevel":16,"item0":3723,"item1":3156,"item2":3068,"item3":3047,"item4":3035,"item5":3075,"item6":3341,"kills":12,"doubleKills":3,"tripleKills":0,"quadraKills":0,"pentaKills":0,"unrealKills":0,"largestKillingSpree":5,"deaths":11,"assists":10,"totalDamageDealt":162852,"totalDamageDealtToChampions":23308,"totalDamageTaken":34823,"largestCriticalStrike":1037,"totalHeal":2026,"minionsKilled":60,"neutralMinionsKilled":85,"neutralMinionsKilledTeamJungle":83,"neutralMinionsKilledEnemyJungle":2,"goldEarned":14493,"goldSpent":14955,"combatPlayerScore":0,"objectivePlayerScore":0,"totalPlayerScore":0,"totalScoreRank":0,"magicDamageDealtToChampions":2540,"physicalDamageDealtToChampions":20363,"trueDamageDealtToChampions":405,"visionWardsBoughtInGame":0,"sightWardsBoughtInGame":8,"magicDamageDealt":13582,"physicalDamageDealt":129724,"trueDamageDealt":19545,"magicDamageTaken":7973,"physicalDamageTaken":25956,"trueDamageTaken":894,"firstBloodKill":false,"firstBloodAssist":false,"firstTowerKill":false,"firstTowerAssist":false,"firstInhibitorKill":false,"firstInhibitorAssist":false,"inhibitorKills":0,"towerKills":0,"wardsPlaced":10,"wardsKilled":7,"largestMultiKill":2,"killingSprees":2,"totalUnitsHealed":1,"totalTimeCrowdControlDealt":438},"participantId":2,"runes":[{"runeId":5245,"rank":3},{"runeId":5247,"rank":6},{"runeId":5289,"rank":9},{"runeId":5317,"rank":9},{"runeId":5335,"rank":3}]},{"teamId":100,"spell1Id":4,"spell2Id":12,"championId":14,"highestAchievedSeasonTier":"SILVER","timeline":{"creepsPerMinDeltas":{"zeroToTen":5.5,"tenToTwenty":6.3,"twentyToThirty":5.6,"thirtyToEnd":2.4},"xpPerMinDeltas":{"zeroToTen":438.6,"tenToTwenty":566.1,"twentyToThirty":637.6,"thirtyToEnd":246.2},"goldPerMinDeltas":{"zeroToTen":296.9,"tenToTwenty":444.1,"twentyToThirty":593.5,"thirtyToEnd":215.8},"csDiffPerMinDeltas":{"zeroToTen":0.5999999999999996,"tenToTwenty":1.6,"twentyToThirty":0.10000000000000009,"thirtyToEnd":-0.20000000000000018},"xpDiffPerMinDeltas":{"zeroToTen":107.6,"tenToTwenty":24.600000000000023,"twentyToThirty":259.1,"thirtyToEnd":-331.00000000000006},"damageTakenPerMinDeltas":{"zeroToTen":366.8,"tenToTwenty":748.8,"twentyToThirty":1473.6,"thirtyToEnd":1580.0},"damageTakenDiffPerMinDeltas":{"zeroToTen":-102.4,"tenToTwenty":71.89999999999998,"twentyToThirty":380.50000000000006,"thirtyToEnd":585.2},"role":"SOLO","lane":"TOP"},"masteries":[{"masteryId":4111,"rank":1},{"masteryId":4112,"rank":4},{"masteryId":4122,"rank":3},{"masteryId":4132,"rank":1},{"masteryId":4211,"rank":2},{"masteryId":4212,"rank":2},{"masteryId":4213,"rank":2},{"masteryId":4221,"rank":1},{"masteryId":4222,"rank":3},{"masteryId":4232,"rank":1},{"masteryId":4233,"rank":3},{"masteryId":4234,"rank":1},{"masteryId":4242,"rank":1},{"masteryId":4252,"rank":4},{"masteryId":4262,"rank":1}],"stats":{"winner":false,"champLevel":18,"item0":3068,"item1":3172,"item2":3153,"item3":3075,"item4":3110,"item5":3009,"item6":3362,"kills":14,"doubleKills":1,"tripleKills":0,"quadraKills":0,"pentaKills":0,"unrealKills":0,"largestKillingSpree":6,"deaths":8,"assists":18,"totalDamageDealt":165042,"totalDamageDealtToChampions":38332,"totalDamageTaken":41114,"largestCriticalStrike":0,"totalHeal":18779,"minionsKilled":188,"neutralMinionsKilled":8,"neutralMinionsKilledTeamJungle":5,"neutralMinionsKilledEnemyJungle":3,"goldEarned":16253,"goldSpent":16225,"combatPlayerScore":0,"objectivePlayerScore":0,"totalPlayerScore":0,"totalScoreRank":0,"magicDamageDealtToChampions":16529,"physicalDamageDealtToChampions":20835,"trueDamageDealtToChampions":967,"visionWardsBoughtInGame":1,"sightWardsBoughtInGame":4,"magicDamageDealt":94052,"physicalDamageDealt":68675,"trueDamageDealt":2314,"magicDamageTaken":10051,"physicalDamageTaken":30064,"trueDamageTaken":999,"firstBloodKill":false,"firstBloodAssist":false,"firstTowerKill":false,"firstTowerAssist":false,"firstInhibitorKill":false,"firstInhibitorAssist":false,"inhibitorKills":0,"towerKills":1,"wardsPlaced":14,"wardsKilled":1,"largestMultiKill":2,"killingSprees":4,"totalUnitsHealed":1,"totalTimeCrowdControlDealt":3343},"participantId":3,"runes":[{"runeId":5245,"rank":9},{"runeId":5289,"rank":6},{"runeId":5290,"rank":3},{"runeId":5317,"rank":9},{"runeId":5335,"rank":1},{"runeId":5412,"rank":2}]},{"teamId":100,"spell1Id":4,"spell2Id":21,"championId":99,"highestAchievedSeasonTier":"SILVER","timeline":{"creepsPerMinDeltas":{"zeroToTen":5.9,"tenToTwenty":4.8,"twentyToThirty":3.9000000000000004,"thirtyToEnd":4.0},"xpPerMinDeltas":{"zeroToTen":397.3,"tenToTwenty":415.8,"twentyToThirty":528.5,"thirtyToEnd":507.6},"goldPerMinDeltas":{"zeroToTen":280.4,"tenToTwenty":357.4,"twentyToThirty":495.29999999999995,"thirtyToEnd":544.0},"csDiffPerMinDeltas":{"zeroToTen":2.1,"tenToTwenty":1.3999999999999997,"twentyToThirty":2.4000000000000004,"thirtyToEnd":3.2},"xpDiffPerMinDeltas":{"zeroToTen":20.700000000000017,"tenToTwenty":-34.70000000000002,"twentyToThirty":52.80000000000001,"thirtyToEnd":144.8},"damageTakenPerMinDeltas":{"zeroToTen":131.6,"tenToTwenty":676.6,"twentyToThirty":980.2,"thirtyToEnd":502.2},"damageTakenDiffPerMinDeltas":{"zeroToTen":-48.79999999999999,"tenToTwenty":54.5,"twentyToThirty":165.40000000000003,"thirtyToEnd":-47.599999999999966},"role":"SOLO","lane":"MIDDLE"},"masteries":[{"masteryId":4113,"rank":4},{"masteryId":4121,"rank":1},{"masteryId":4123,"rank":3},{"masteryId":4133,"rank":1},{"masteryId":4134,"rank":3},{"masteryId":4143,"rank":3},{"masteryId":4144,"rank":1},{"masteryId":4152,"rank":3},{"masteryId":4154,"rank":1},{"masteryId":4162,"rank":1},{"masteryId":4313,"rank":3},{"masteryId":4314,"rank":1},{"masteryId":4322,"rank":3},{"masteryId":4324,"rank":1},{"masteryId":4332,"rank":1}],"stats":{"winner":false,"champLevel":18,"item0":3165,"item1":3089,"item2":3174,"item3":3191,"item4":3259,"item5":3135,"item6":3364,"kills":15,"doubleKills":2,"tripleKills":0,"quadraKills":0,"pentaKills":0,"unrealKills":0,"largestKillingSpree":6,"deaths":9,"assists":17,"totalDamageDealt":151461,"totalDamageDealtToChampions":46360,"totalDamageTaken":24821,"largestCriticalStrike":0,"totalHeal":1970,"minionsKilled":172,"neutralMinionsKilled":1,"neutralMinionsKilledTeamJungle":0,"neutralMinionsKilledEnemyJungle":1,"goldEarned":16216,"goldSpent":14410,"combatPlayerScore":0,"objectivePlayerScore":0,"totalPlayerScore":0,"totalScoreRank":0,"magicDamageDealtToChampions":44971,"physicalDamageDealtToChampions":1316,"trueDamageDealtToChampions":72,"visionWardsBoughtInGame":0,"sightWardsBoughtInGame":3,"magicDamageDealt":135378,"physicalDamageDealt":15330,"trueDamageDealt":752,"magicDamageTaken":7522,"physicalDamageTaken":17193,"trueDamageTaken":105,"firstBloodKill":false,"firstBloodAssist":false,"firstTowerKill":false,"firstTowerAssist":false,"firstInhibitorKill":false,"firstInhibitorAssist":false,"inhibitorKills":0,"towerKills":1,"wardsPlaced":7,"wardsKilled":1,"largestMultiKill":2,"killingSprees":3,"totalUnitsHealed":1,"totalTimeCrowdControlDealt":478},"participantId":4,"runes":[{"runeId":5273,"rank":9},{"runeId":5297,"rank":9},{"runeId":5316,"rank":9},{"runeId":5357,"rank":3}]},{"teamId":100,"spell1Id":3,"spell2Id":4,"championId":16,"highestAchievedSeasonTier":"SILVER","timeline":{"creepsPerMinDeltas":{"zeroToTen":0.6,"tenToTwenty":0.6,"twentyToThirty":1.2,"thirtyToEnd":0.8},"xpPerMinDeltas":{"zeroToTen":263.8,"tenToTwenty":280.5,"twentyToThirty":546.7,"thirtyToEnd":383.4},"goldPerMinDeltas":{"zeroToTen":179.0,"tenToTwenty":287.8,"twentyToThirty":395.4,"thirtyToEnd":316.8},"csDiffPerMinDeltas":{"zeroToTen":-1.5500000000000003,"tenToTwenty":-0.10000000000000031,"twentyToThirty":-0.5000000000000002,"thirtyToEnd":-3.8},"xpDiffPerMinDeltas":{"zeroToTen":-68.15,"tenToTwenty":-67.10000000000002,"twentyToThirty":-104.94999999999993,"thirtyToEnd":-231.2},"damageTakenPerMinDeltas":{"zeroToTen":197.7,"tenToTwenty":540.4,"twentyToThirty":889.4,"thirtyToEnd":1022.6},"damageTakenDiffPerMinDeltas":{"zeroToTen":-1.150000000000034,"tenToTwenty":-196.5,"twentyToThirty":-189.8,"thirtyToEnd":-238.0999999999999},"role":"DUO_SUPPORT","lane":"BOTTOM"},"masteries":[{"masteryId":4211,"rank":2},{"masteryId":4212,"rank":2},{"masteryId":4221,"rank":1},{"masteryId":4222,"rank":3},{"masteryId":4232,"rank":1},{"masteryId":4312,"rank":3},{"masteryId":4313,"rank":3},{"masteryId":4322,"rank":3},{"masteryId":4324,"rank":1},{"masteryId":4331,"rank":3},{"masteryId":4334,"rank":1},{"masteryId":4341,"rank":1},{"masteryId":4342,"rank":1},{"masteryId":4352,"rank":1},{"masteryId":4353,"rank":3},{"masteryId":4362,"rank":1}],"stats":{"winner":false,"champLevel":16,"item0":3069,"item1":2049,"item2":3157,"item3":3284,"item4":2041,"item5":3116,"item6":3364,"kills":1,"doubleKills":0,"tripleKills":0,"quadraKills":0,"pentaKills":0,"unrealKills":0,"largestKillingSpree":0,"deaths":11,"assists":29,"totalDamageDealt":33896,"totalDamageDealtToChampions":9665,"totalDamageTaken":28079,"largestCriticalStrike":428,"totalHeal":23492,"minionsKilled":30,"neutralMinionsKilled":0,"neutralMinionsKilledTeamJungle":0,"neutralMinionsKilledEnemyJungle":0,"goldEarned":11956,"goldSpent":12151,"combatPlayerScore":0,"objectivePlayerScore":0,"totalPlayerScore":0,"totalScoreRank":0,"magicDamageDealtToChampions":8045,"physicalDamageDealtToChampions":1619,"trueDamageDealtToChampions":0,"visionWardsBoughtInGame":0,"sightWardsBoughtInGame":0,"magicDamageDealt":27240,"physicalDamageDealt":6656,"trueDamageDealt":0,"magicDamageTaken":7383,"physicalDamageTaken":19940,"trueDamageTaken":756,"firstBloodKill":false,"firstBloodAssist":false,"firstTowerKill":false,"firstTowerAssist":false,"firstInhibitorKill":false,"firstInhibitorAssist":false,"inhibitorKills":0,"towerKills":0,"wardsPlaced":27,"wardsKilled":1,"largestMultiKill":1,"killingSprees":0,"totalUnitsHealed":6,"totalTimeCrowdControlDealt":294},"participantId":5,"runes":[{"runeId":5257,"rank":9},{"runeId":5289,"rank":9},{"runeId":5316,"rank":9},{"runeId":5351,"rank":3}]},{"teamId":200,"spell1Id":4,"spell2Id":14,"championId":53,"highestAchievedSeasonTier":"UNRANKED","timeline":{"creepsPerMinDeltas":{"zeroToTen":0.4,"tenToTwenty":0.30000000000000004,"twentyToThirty":2.0,"thirtyToEnd":4.4},"xpPerMinDeltas":{"zeroToTen":309.6,"tenToTwenty":313.6,"twentyToThirty":651.1,"thirtyToEnd":454.4},"goldPerMinDeltas":{"zeroToTen":251.5,"tenToTwenty":257.4,"twentyToThirty":485.5,"thirtyToEnd":365.2},"csDiffPerMinDeltas":{"zeroToTen":1.5500000000000003,"tenToTwenty":0.10000000000000031,"twentyToThirty":0.5000000000000002,"thirtyToEnd":3.8},"xpDiffPerMinDeltas":{"zeroToTen":68.15,"tenToTwenty":67.10000000000002,"twentyToThirty":104.94999999999993,"thirtyToEnd":231.2},"damageTakenPerMinDeltas":{"zeroToTen":411.7,"tenToTwenty":789.0,"twentyToThirty":1100.0,"thirtyToEnd":1507.6},"damageTakenDiffPerMinDeltas":{"zeroToTen":1.150000000000034,"tenToTwenty":196.5,"twentyToThirty":189.8,"thirtyToEnd":238.0999999999999},"role":"DUO_SUPPORT","lane":"BOTTOM"},"masteries":[{"masteryId":4211,"rank":1},{"masteryId":4212,"rank":2},{"masteryId":4213,"rank":2},{"masteryId":4222,"rank":3},{"masteryId":4232,"rank":1},{"masteryId":4312,"rank":3},{"masteryId":4313,"rank":3},{"masteryId":4314,"rank":1},{"masteryId":4322,"rank":3},{"masteryId":4323,"rank":1},{"masteryId":4324,"rank":1},{"masteryId":4331,"rank":3},{"masteryId":4333,"rank":1},{"masteryId":4334,"rank":1},{"masteryId":4353,"rank":3},{"masteryId":4362,"rank":1}],"stats":{"winner":true,"champLevel":17,"item0":3069,"item1":3190,"item2":2045,"item3":3110,"item4":3801,"item5":3275,"item6":3341,"kills":3,"doubleKills":0,"tripleKills":0,"quadraKills":0,"pentaKills":0,"unrealKills":0,"largestKillingSpree":2,"deaths":7,"assists":34,"totalDamageDealt":80129,"totalDamageDealtToChampions":17119,"totalDamageTaken":37622,"largestCriticalStrike":0,"totalHeal":1505,"minionsKilled":69,"neutralMinionsKilled":3,"neutralMinionsKilledTeamJungle":1,"neutralMinionsKilledEnemyJungle":2,"goldEarned":14474,"goldSpent":11445,"combatPlayerScore":0,"objectivePlayerScore":0,"totalPlayerScore":0,"totalScoreRank":0,"magicDamageDealtToChampions":11462,"physicalDamageDealtToChampions":5023,"trueDamageDealtToChampions":634,"visionWardsBoughtInGame":0,"sightWardsBoughtInGame":0,"magicDamageDealt":63181,"physicalDamageDealt":16313,"trueDamageDealt":634,"magicDamageTaken":17573,"physicalDamageTaken":19582,"trueDamageTaken":465,"firstBloodKill":false,"firstBloodAssist":false,"firstTowerKill":false,"firstTowerAssist":false,"firstInhibitorKill":false,"firstInhibitorAssist":true,"inhibitorKills":0,"towerKills":0,"wardsPlaced":30,"wardsKilled":0,"largestMultiKill":1,"killingSprees":1,"totalUnitsHealed":1,"totalTimeCrowdControlDealt":983},"participantId":6,"runes":[{"runeId":5273,"rank":9},{"runeId":5289,"rank":9},{"runeId":5317,"rank":9},{"runeId":5357,"rank":3}]},{"teamId":200,"spell1Id":14,"spell2Id":4,"championId":45,"highestAchievedSeasonTier":"UNRANKED","timeline":{"creepsPerMinDeltas":{"zeroToTen":3.8,"tenToTwenty":3.4000000000000004,"twentyToThirty":1.5,"thirtyToEnd":0.8},"xpPerMinDeltas":{"zeroToTen":376.6,"tenToTwenty":450.5,"twentyToThirty":475.7,"thirtyToEnd":362.8},"goldPerMinDeltas":{"zeroToTen":193.3,"tenToTwenty":376.4,"twentyToThirty":414.1,"thirtyToEnd":337.6},"csDiffPerMinDeltas":{"zeroToTen":-2.1,"tenToTwenty":-1.3999999999999997,"twentyToThirty":-2.4000000000000004,"thirtyToEnd":-3.2},"xpDiffPerMinDeltas":{"zeroToTen":-20.700000000000017,"tenToTwenty":34.70000000000002,"twentyToThirty":-52.80000000000001,"thirtyToEnd":-144.8},"damageTakenPerMinDeltas":{"zeroToTen":180.39999999999998,"tenToTwenty":622.1,"twentyToThirty":814.8,"thirtyToEnd":549.8},"damageTakenDiffPerMinDeltas":{"zeroToTen":48.79999999999999,"tenToTwenty":-54.5,"twentyToThirty":-165.40000000000003,"thirtyToEnd":47.599999999999966},"role":"SOLO","lane":"MIDDLE"},"masteries":[{"masteryId":4111,"rank":1},{"masteryId":4113,"rank":4},{"masteryId":4114,"rank":1},{"masteryId":4123,"rank":3},{"masteryId":4124,"rank":1},{"masteryId":4133,"rank":1},{"masteryId":4134,"rank":2},{"masteryId":4143,"rank":3},{"masteryId":4152,"rank":3},{"masteryId":4154,"rank":1},{"masteryId":4162,"rank":1},{"masteryId":4211,"rank":2},{"masteryId":4212,"rank":2},{"masteryId":4221,"rank":1},{"masteryId":4222,"rank":3},{"masteryId":4232,"rank":1}],"stats":{"winner":true,"champLevel":17,"item0":3157,"item1":3275,"item2":3089,"item3":3165,"item4":1052,"item5":1026,"item6":3340,"kills":9,"doubleKills":0,"tripleKills":0,"quadraKills":0,"pentaKills":0,"unrealKills":0,"largestKillingSpree":2,"deaths":7,"assists":25,"totalDamageDealt":89041,"totalDamageDealtToChampions":24787,"totalDamageTaken":23314,"largestCriticalStrike":0,"totalHeal":561,"minionsKilled":95,"neutralMinionsKilled":8,"neutralMinionsKilledTeamJungle":7,"neutralMinionsKilledEnemyJungle":1,"goldEarned":13975,"goldSpent":12270,"combatPlayerScore":0,"objectivePlayerScore":0,"totalPlayerScore":0,"totalScoreRank":0,"magicDamageDealtToChampions":23427,"physicalDamageDealtToChampions":1110,"trueDamageDealtToChampions":250,"visionWardsBoughtInGame":0,"sightWardsBoughtInGame":0,"magicDamageDealt":73682,"physicalDamageDealt":15108,"trueDamageDealt":250,"magicDamageTaken":11948,"physicalDamageTaken":11261,"trueDamageTaken":105,"firstBloodKill":false,"firstBloodAssist":false,"firstTowerKill":false,"firstTowerAssist":false,"firstInhibitorKill":false,"firstInhibitorAssist":false,"inhibitorKills":1,"towerKills":1,"wardsPlaced":10,"wardsKilled":0,"largestMultiKill":1,"killingSprees":4,"totalUnitsHealed":1,"totalTimeCrowdControlDealt":123},"participantId":7,"runes":[{"runeId":5273,"rank":9},{"runeId":5289,"rank":9},{"runeId":5317,"rank":9},{"runeId":5357,"rank":3}]},{"teamId":200,"spell1Id":7,"spell2Id":4,"championId":222,"highestAchievedSeasonTier":"UNRANKED","timeline":{"creepsPerMinDeltas":{"zeroToTen":6.1,"tenToTwenty":6.7,"twentyToThirty":5.300000000000001,"thirtyToEnd":7.6},"xpPerMinDeltas":{"zeroToTen":289.0,"tenToTwenty":520.8,"twentyToThirty":618.0999999999999,"thirtyToEnd":651.4},"goldPerMinDeltas":{"zeroToTen":337.0,"tenToTwenty":503.70000000000005,"twentyToThirty":632.9,"thirtyToEnd":614.6},"csDiffPerMinDeltas":{"zeroToTen":1.5500000000000003,"tenToTwenty":0.10000000000000031,"twentyToThirty":0.5000000000000002,"thirtyToEnd":3.8},"xpDiffPerMinDeltas":{"zeroToTen":68.15,"tenToTwenty":67.10000000000002,"twentyToThirty":104.94999999999993,"thirtyToEnd":231.2},"damageTakenPerMinDeltas":{"zeroToTen":499.5,"tenToTwenty":711.1,"twentyToThirty":1116.9,"thirtyToEnd":1246.0},"damageTakenDiffPerMinDeltas":{"zeroToTen":1.150000000000034,"tenToTwenty":196.5,"twentyToThirty":189.8,"thirtyToEnd":238.0999999999999},"role":"DUO_CARRY","lane":"BOTTOM"},"masteries":[{"masteryId":4111,"rank":1},{"masteryId":4112,"rank":4},{"masteryId":4122,"rank":3},{"masteryId":4131,"rank":1},{"masteryId":4132,"rank":1},{"masteryId":4134,"rank":3},{"masteryId":4142,"rank":2},{"masteryId":4144,"rank":1},{"masteryId":4151,"rank":1},{"masteryId":4152,"rank":3},{"masteryId":4162,"rank":1},{"masteryId":4211,"rank":2},{"masteryId":4212,"rank":2},{"masteryId":4221,"rank":1},{"masteryId":4222,"rank":3},{"masteryId":4232,"rank":1}],"stats":{"winner":true,"champLevel":18,"item0":3087,"item1":3085,"item2":3072,"item3":3250,"item4":3035,"item5":3031,"item6":3340,"kills":16,"doubleKills":3,"tripleKills":0,"quadraKills":0,"pentaKills":0,"unrealKills":0,"largestKillingSpree":4,"deaths":11,"assists":29,"totalDamageDealt":323654,"totalDamageDealtToChampions":62765,"totalDamageTaken":32176,"largestCriticalStrike":1247,"totalHeal":4951,"minionsKilled":255,"neutralMinionsKilled":22,"neutralMinionsKilledTeamJungle":16,"neutralMinionsKilledEnemyJungle":6,"goldEarned":21278,"goldSpent":20060,"combatPlayerScore":0,"objectivePlayerScore":0,"totalPlayerScore":0,"totalScoreRank":0,"magicDamageDealtToChampions":5845,"physicalDamageDealtToChampions":56267,"trueDamageDealtToChampions":653,"visionWardsBoughtInGame":0,"sightWardsBoughtInGame":0,"magicDamageDealt":32535,"physicalDamageDealt":290308,"trueDamageDealt":811,"magicDamageTaken":14835,"physicalDamageTaken":17110,"trueDamageTaken":230,"firstBloodKill":false,"firstBloodAssist":false,"firstTowerKill":true,"firstTowerAssist":false,"firstInhibitorKill":true,"firstInhibitorAssist":false,"inhibitorKills":1,"towerKills":5,"wardsPlaced":10,"wardsKilled":2,"largestMultiKill":2,"killingSprees":3,"totalUnitsHealed":4,"totalTimeCrowdControlDealt":185},"participantId":8,"runes":[{"runeId":5245,"rank":4},{"runeId":5247,"rank":4},{"runeId":5251,"rank":1},{"runeId":5277,"rank":6},{"runeId":5290,"rank":3},{"runeId":5317,"rank":9},{"runeId":5335,"rank":3}]},{"teamId":200,"spell1Id":4,"spell2Id":14,"championId":92,"highestAchievedSeasonTier":"SILVER","timeline":{"creepsPerMinDeltas":{"zeroToTen":4.9,"tenToTwenty":4.699999999999999,"twentyToThirty":5.5,"thirtyToEnd":2.6},"xpPerMinDeltas":{"zeroToTen":331.0,"tenToTwenty":541.5,"twentyToThirty":378.5,"thirtyToEnd":577.2},"goldPerMinDeltas":{"zeroToTen":247.5,"tenToTwenty":482.2,"twentyToThirty":382.9,"thirtyToEnd":467.2},"csDiffPerMinDeltas":{"zeroToTen":-0.5999999999999996,"tenToTwenty":-1.6,"twentyToThirty":-0.10000000000000009,"thirtyToEnd":0.20000000000000018},"xpDiffPerMinDeltas":{"zeroToTen":-107.6,"tenToTwenty":-24.600000000000023,"twentyToThirty":-259.1,"thirtyToEnd":331.00000000000006},"damageTakenPerMinDeltas":{"zeroToTen":469.20000000000005,"tenToTwenty":676.9,"twentyToThirty":1093.1,"thirtyToEnd":994.8},"damageTakenDiffPerMinDeltas":{"zeroToTen":102.4,"tenToTwenty":-71.89999999999998,"twentyToThirty":-380.50000000000006,"thirtyToEnd":-585.2},"role":"SOLO","lane":"TOP"},"masteries":[{"masteryId":4112,"rank":4},{"masteryId":4114,"rank":1},{"masteryId":4122,"rank":3},{"masteryId":4131,"rank":1},{"masteryId":4132,"rank":1},{"masteryId":4134,"rank":3},{"masteryId":4142,"rank":3},{"masteryId":4151,"rank":1},{"masteryId":4152,"rank":3},{"masteryId":4162,"rank":1},{"masteryId":4211,"rank":2},{"masteryId":4212,"rank":2},{"masteryId":4221,"rank":1},{"masteryId":4222,"rank":3},{"masteryId":4232,"rank":1}],"stats":{"winner":true,"champLevel":17,"item0":3072,"item1":3071,"item2":3074,"item3":3275,"item4":0,"item5":3035,"item6":3340,"kills":19,"doubleKills":3,"tripleKills":0,"quadraKills":0,"pentaKills":0,"unrealKills":0,"largestKillingSpree":6,"deaths":11,"assists":5,"totalDamageDealt":170407,"totalDamageDealtToChampions":24953,"totalDamageTaken":33477,"largestCriticalStrike":0,"totalHeal":1228,"minionsKilled":183,"neutralMinionsKilled":13,"neutralMinionsKilledTeamJungle":6,"neutralMinionsKilledEnemyJungle":7,"goldEarned":16755,"goldSpent":14715,"combatPlayerScore":0,"objectivePlayerScore":0,"totalPlayerScore":0,"totalScoreRank":0,"magicDamageDealtToChampions":0,"physicalDamageDealtToChampions":23735,"trueDamageDealtToChampions":1218,"visionWardsBoughtInGame":0,"sightWardsBoughtInGame":0,"magicDamageDealt":0,"physicalDamageDealt":169189,"trueDamageDealt":1218,"magicDamageTaken":13948,"physicalDamageTaken":19323,"trueDamageTaken":206,"firstBloodKill":true,"firstBloodAssist":false,"firstTowerKill":false,"firstTowerAssist":false,"firstInhibitorKill":false,"firstInhibitorAssist":true,"inhibitorKills":0,"towerKills":1,"wardsPlaced":10,"wardsKilled":0,"largestMultiKill":2,"killingSprees":4,"totalUnitsHealed":1,"totalTimeCrowdControlDealt":78},"participantId":9,"runes":[{"runeId":5245,"rank":9},{"runeId":5295,"rank":9},{"runeId":5317,"rank":9},{"runeId":5335,"rank":3}]},{"teamId":200,"spell1Id":4,"spell2Id":11,"championId":5,"highestAchievedSeasonTier":"UNRANKED","timeline":{"creepsPerMinDeltas":{"zeroToTen":0.0,"tenToTwenty":0.7,"twentyToThirty":1.1,"thirtyToEnd":1.0},"xpPerMinDeltas":{"zeroToTen":231.5,"tenToTwenty":311.70000000000005,"twentyToThirty":552.3,"thirtyToEnd":558.4},"goldPerMinDeltas":{"zeroToTen":203.6,"tenToTwenty":280.3,"twentyToThirty":413.79999999999995,"thirtyToEnd":302.4},"csDiffPerMinDeltas":{"zeroToTen":-0.5,"tenToTwenty":-1.4,"twentyToThirty":-0.39999999999999997,"thirtyToEnd":-2.6},"xpDiffPerMinDeltas":{"zeroToTen":-52.19999999999999,"tenToTwenty":-86.6,"twentyToThirty":103.20000000000002,"thirtyToEnd":-44.200000000000045},"damageTakenPerMinDeltas":{"zeroToTen":515.1,"tenToTwenty":826.8,"twentyToThirty":1329.6,"thirtyToEnd":1336.6},"damageTakenDiffPerMinDeltas":{"zeroToTen":106.9,"tenToTwenty":133.10000000000002,"twentyToThirty":27.200000000000045,"thirtyToEnd":65.39999999999986},"role":"NONE","lane":"JUNGLE"},"masteries":[{"masteryId":4112,"rank":4},{"masteryId":4113,"rank":4},{"masteryId":4114,"rank":1},{"masteryId":4122,"rank":3},{"masteryId":4132,"rank":1},{"masteryId":4142,"rank":3},{"masteryId":4151,"rank":1},{"masteryId":4152,"rank":3},{"masteryId":4162,"rank":1},{"masteryId":4211,"rank":2},{"masteryId":4212,"rank":2},{"masteryId":4214,"rank":2},{"masteryId":4222,"rank":3}],"stats":{"winner":true,"champLevel":16,"item0":3723,"item1":3143,"item2":3078,"item3":3117,"item4":1031,"item5":2043,"item6":3341,"kills":9,"doubleKills":1,"tripleKills":0,"quadraKills":0,"pentaKills":0,"unrealKills":0,"largestKillingSpree":2,"deaths":9,"assists":13,"totalDamageDealt":139203,"totalDamageDealtToChampions":15620,"totalDamageTaken":38891,"largestCriticalStrike":737,"totalHeal":7107,"minionsKilled":26,"neutralMinionsKilled":72,"neutralMinionsKilledTeamJungle":66,"neutralMinionsKilledEnemyJungle":6,"goldEarned":12223,"goldSpent":10993,"combatPlayerScore":0,"objectivePlayerScore":0,"totalPlayerScore":0,"totalScoreRank":0,"magicDamageDealtToChampions":1956,"physicalDamageDealtToChampions":13215,"trueDamageDealtToChampions":449,"visionWardsBoughtInGame":5,"sightWardsBoughtInGame":0,"magicDamageDealt":17496,"physicalDamageDealt":105367,"trueDamageDealt":16340,"magicDamageTaken":14745,"physicalDamageTaken":23707,"trueDamageTaken":438,"firstBloodKill":false,"firstBloodAssist":false,"firstTowerKill":false,"firstTowerAssist":false,"firstInhibitorKill":false,"firstInhibitorAssist":true,"inhibitorKills":0,"towerKills":1,"wardsPlaced":6,"wardsKilled":4,"largestMultiKill":2,"killingSprees":3,"totalUnitsHealed":1,"totalTimeCrowdControlDealt":683},"participantId":10,"runes":[{"runeId":5245,"rank":9},{"runeId":5290,"rank":9},{"runeId":5317,"rank":9},{"runeId":5335,"rank":3}]}],"participantIdentities":[{"participantId":1,"player":{"summonerId":24158657,"summonerName":"EWStalkie","matchHistoryUri":"/v1/stats/player_history/NA/38422396","profileIcon":548}},{"participantId":2,"player":{"summonerId":385409,"summonerName":"QuidEstPro","matchHistoryUri":"/v1/stats/player_history/NA/412242","profileIcon":561}},{"participantId":3,"player":{"summonerId":19827563,"summonerName":"xSetsuko","matchHistoryUri":"/v1/stats/player_history/NA/32562110","profileIcon":26}},{"participantId":4,"player":{"summonerId":19744834,"summonerName":"phaNzae","matchHistoryUri":"/v1/stats/player_history/NA/32446026","profileIcon":508}},{"participantId":5,"player":{"summonerId":21623880,"summonerName":"its
        KsYou","matchHistoryUri":"/v1/stats/player_history/NA/35082125","profileIcon":717}},{"participantId":6,"player":{"summonerId":36385245,"summonerName":"STR
        Sundae","matchHistoryUri":"/v1/stats/player_history/NA1/50881283","profileIcon":11}},{"participantId":7,"player":{"summonerId":48092628,"summonerName":"grossingUout","matchHistoryUri":"/v1/stats/player_history/NA1/211097308","profileIcon":685}},{"participantId":8,"player":{"summonerId":47676166,"summonerName":"PeGGy
        swEEtie","matchHistoryUri":"/v1/stats/player_history/NA1/210679751","profileIcon":502}},{"participantId":9,"player":{"summonerId":35015057,"summonerName":"v587
        lll JayJay","matchHistoryUri":"/v1/stats/player_history/NA1/49598968","profileIcon":507}},{"participantId":10,"player":{"summonerId":40020958,"summonerName":"Mr
        Right One","matchHistoryUri":"/v1/stats/player_history/NA1/202852630","profileIcon":743}}],"teams":[{"teamId":100,"winner":false,"firstBlood":false,"firstTower":false,"firstInhibitor":false,"firstBaron":true,"firstDragon":false,"towerKills":5,"inhibitorKills":0,"baronKills":2,"dragonKills":1,"vilemawKills":0,"dominionVictoryScore":0,"bans":[{"championId":7,"pickTurn":1},{"championId":134,"pickTurn":3},{"championId":4,"pickTurn":5}]},{"teamId":200,"winner":true,"firstBlood":true,"firstTower":true,"firstInhibitor":true,"firstBaron":false,"firstDragon":true,"towerKills":9,"inhibitorKills":2,"baronKills":0,"dragonKills":4,"vilemawKills":0,"dominionVictoryScore":0,"bans":[{"championId":84,"pickTurn":2},{"championId":105,"pickTurn":4},{"championId":31,"pickTurn":6}]}]}'
    http_version: 
  recorded_at: Fri, 09 Oct 2015 18:34:35 GMT
- request:
    method: get
    uri: https://na.api.pvp.net/api/lol/na/v2.2/match/1676946546?api_key=82ced787-5473-4e7f-938f-c35a1f628ade
    body:
      encoding: US-ASCII
      string: ''
    headers: {}
  response:
    status:
      code: 200
      message: OK
    headers:
      Access-Control-Allow-Headers:
      - Content-Type
      Access-Control-Allow-Methods:
      - GET, POST, DELETE, PUT
      Access-Control-Allow-Origin:
      - "*"
      Content-Type:
      - application/json; charset=UTF-8
      Date:
      - Fri, 09 Oct 2015 18:34:35 GMT
      Server:
      - Jetty(9.1.5.v20140505)
      Vary:
      - Accept-Encoding, User-Agent
      X-Newrelic-App-Data:
      - PxQFWFFSDwQTUVVSBQYBVkYdFGQHBDcQUQxLA1tMXV1dORYzVBBGBxdCdhUSEVFRRRAEPhhQRw84HlpcDjpMDFE+FxQKFgZuHAhYFVIJb00JV0MCDipcERxUT1IbARlWVwUDC1RVW1ccTwlOGl0AAFJcCVkJAwBUBwADBFVBZQ==
      Transfer-Encoding:
      - chunked
      Connection:
      - keep-alive
    body:
      encoding: ASCII-8BIT
      string: !binary |-
        eyJtYXRjaElkIjoxNjc2OTQ2NTQ2LCJyZWdpb24iOiJOQSIsInBsYXRmb3Jt
        SWQiOiJOQTEiLCJtYXRjaE1vZGUiOiJDTEFTU0lDIiwibWF0Y2hUeXBlIjoi
        TUFUQ0hFRF9HQU1FIiwibWF0Y2hDcmVhdGlvbiI6MTQxOTU2MDYxNTYzMCwi
        bWF0Y2hEdXJhdGlvbiI6MjU1NCwicXVldWVUeXBlIjoiUkFOS0VEX1RFQU1f
        NXg1IiwibWFwSWQiOjExLCJzZWFzb24iOiJQUkVTRUFTT04yMDE1IiwibWF0
        Y2hWZXJzaW9uIjoiNC4yMS4wLjM5NyIsInBhcnRpY2lwYW50cyI6W3sidGVh
        bUlkIjoxMDAsInNwZWxsMUlkIjoxNCwic3BlbGwySWQiOjQsImNoYW1waW9u
        SWQiOjcsImhpZ2hlc3RBY2hpZXZlZFNlYXNvblRpZXIiOiJVTlJBTktFRCIs
        InRpbWVsaW5lIjp7ImNyZWVwc1Blck1pbkRlbHRhcyI6eyJ6ZXJvVG9UZW4i
        OjUuOCwidGVuVG9Ud2VudHkiOjYuNCwidHdlbnR5VG9UaGlydHkiOjMuNSwi
        dGhpcnR5VG9FbmQiOjMuOH0sInhwUGVyTWluRGVsdGFzIjp7Inplcm9Ub1Rl
        biI6NDM3LjUsInRlblRvVHdlbnR5Ijo1ODUuOCwidHdlbnR5VG9UaGlydHki
        OjQxMC44LCJ0aGlydHlUb0VuZCI6NDIzLjJ9LCJnb2xkUGVyTWluRGVsdGFz
        Ijp7Inplcm9Ub1RlbiI6MjA3LjUsInRlblRvVHdlbnR5Ijo0NzMuNywidHdl
        bnR5VG9UaGlydHkiOjI2NC4xLCJ0aGlydHlUb0VuZCI6MzU0LjB9LCJjc0Rp
        ZmZQZXJNaW5EZWx0YXMiOnsiemVyb1RvVGVuIjotMS45LCJ0ZW5Ub1R3ZW50
        eSI6LTAuNjAwMDAwMDAwMDAwMDAwMSwidHdlbnR5VG9UaGlydHkiOi0wLjgw
        MDAwMDAwMDAwMDAwMDMsInRoaXJ0eVRvRW5kIjotMS4zOTk5OTk5OTk5OTk5
        OTk3fSwieHBEaWZmUGVyTWluRGVsdGFzIjp7Inplcm9Ub1RlbiI6LTQ1Ljc5
        OTk5OTk5OTk5OTk4LCJ0ZW5Ub1R3ZW50eSI6MTU4LjM5OTk5OTk5OTk5OTk4
        LCJ0d2VudHlUb1RoaXJ0eSI6LTYwLjQwMDAwMDAwMDAwMDAwNiwidGhpcnR5
        VG9FbmQiOi01My45MDAwMDAwMDAwMDAwMzR9LCJkYW1hZ2VUYWtlblBlck1p
        bkRlbHRhcyI6eyJ6ZXJvVG9UZW4iOjI0MS44OTk5OTk5OTk5OTk5OCwidGVu
        VG9Ud2VudHkiOjUwNy43LCJ0d2VudHlUb1RoaXJ0eSI6NTQ0LjYsInRoaXJ0
        eVRvRW5kIjo2MjAuNH0sImRhbWFnZVRha2VuRGlmZlBlck1pbkRlbHRhcyI6
        eyJ6ZXJvVG9UZW4iOjg3LjE5OTk5OTk5OTk5OTk5LCJ0ZW5Ub1R3ZW50eSI6
        LTExNi40LCJ0d2VudHlUb1RoaXJ0eSI6OS4wMDAwMDAwMDAwMDAwMjgsInRo
        aXJ0eVRvRW5kIjotMjQzLjQwMDAwMDAwMDAwMDAzfSwicm9sZSI6IlNPTE8i
        LCJsYW5lIjoiTUlERExFIn0sIm1hc3RlcmllcyI6W3sibWFzdGVyeUlkIjo0
        MTEzLCJyYW5rIjozfSx7Im1hc3RlcnlJZCI6NDExNCwicmFuayI6MX0seyJt
        YXN0ZXJ5SWQiOjQxMjMsInJhbmsiOjN9LHsibWFzdGVyeUlkIjo0MTI0LCJy
        YW5rIjoxfSx7Im1hc3RlcnlJZCI6NDEzMywicmFuayI6MX0seyJtYXN0ZXJ5
        SWQiOjQxMzQsInJhbmsiOjN9LHsibWFzdGVyeUlkIjo0MTQzLCJyYW5rIjoz
        fSx7Im1hc3RlcnlJZCI6NDE0NCwicmFuayI6MX0seyJtYXN0ZXJ5SWQiOjQx
        NTIsInJhbmsiOjN9LHsibWFzdGVyeUlkIjo0MTU0LCJyYW5rIjoxfSx7Im1h
        c3RlcnlJZCI6NDE2MiwicmFuayI6MX0seyJtYXN0ZXJ5SWQiOjQzMTEsInJh
        bmsiOjF9LHsibWFzdGVyeUlkIjo0MzEzLCJyYW5rIjozfSx7Im1hc3RlcnlJ
        ZCI6NDMyMiwicmFuayI6Mn0seyJtYXN0ZXJ5SWQiOjQzMjMsInJhbmsiOjF9
        LHsibWFzdGVyeUlkIjo0MzI0LCJyYW5rIjoxfSx7Im1hc3RlcnlJZCI6NDMz
        NCwicmFuayI6MX1dLCJzdGF0cyI6eyJ3aW5uZXIiOmZhbHNlLCJjaGFtcExl
        dmVsIjoxOCwiaXRlbTAiOjMyNTUsIml0ZW0xIjozMTI4LCJpdGVtMiI6MjA0
        NCwiaXRlbTMiOjMxNjUsIml0ZW00IjozMTM1LCJpdGVtNSI6MzA4OSwiaXRl
        bTYiOjMzNDEsImtpbGxzIjo5LCJkb3VibGVLaWxscyI6MSwidHJpcGxlS2ls
        bHMiOjAsInF1YWRyYUtpbGxzIjowLCJwZW50YUtpbGxzIjowLCJ1bnJlYWxL
        aWxscyI6MCwibGFyZ2VzdEtpbGxpbmdTcHJlZSI6MywiZGVhdGhzIjo2LCJh
        c3Npc3RzIjo3LCJ0b3RhbERhbWFnZURlYWx0IjoxMjc0MjgsInRvdGFsRGFt
        YWdlRGVhbHRUb0NoYW1waW9ucyI6MjgzNDksInRvdGFsRGFtYWdlVGFrZW4i
        OjIyNjA5LCJsYXJnZXN0Q3JpdGljYWxTdHJpa2UiOjAsInRvdGFsSGVhbCI6
        Mzk1MCwibWluaW9uc0tpbGxlZCI6MTk3LCJuZXV0cmFsTWluaW9uc0tpbGxl
        ZCI6NSwibmV1dHJhbE1pbmlvbnNLaWxsZWRUZWFtSnVuZ2xlIjozLCJuZXV0
        cmFsTWluaW9uc0tpbGxlZEVuZW15SnVuZ2xlIjoyLCJnb2xkRWFybmVkIjox
        MzgxMSwiZ29sZFNwZW50IjoxMzY1NSwiY29tYmF0UGxheWVyU2NvcmUiOjAs
        Im9iamVjdGl2ZVBsYXllclNjb3JlIjowLCJ0b3RhbFBsYXllclNjb3JlIjow
        LCJ0b3RhbFNjb3JlUmFuayI6MCwibWFnaWNEYW1hZ2VEZWFsdFRvQ2hhbXBp
        b25zIjoyNjczNCwicGh5c2ljYWxEYW1hZ2VEZWFsdFRvQ2hhbXBpb25zIjox
        MDkxLCJ0cnVlRGFtYWdlRGVhbHRUb0NoYW1waW9ucyI6NTI0LCJ2aXNpb25X
        YXJkc0JvdWdodEluR2FtZSI6MCwic2lnaHRXYXJkc0JvdWdodEluR2FtZSI6
        OSwibWFnaWNEYW1hZ2VEZWFsdCI6MTA0NTE5LCJwaHlzaWNhbERhbWFnZURl
        YWx0IjoyMjM4NSwidHJ1ZURhbWFnZURlYWx0Ijo1MjQsIm1hZ2ljRGFtYWdl
        VGFrZW4iOjEwMjUwLCJwaHlzaWNhbERhbWFnZVRha2VuIjoxMjA1MCwidHJ1
        ZURhbWFnZVRha2VuIjozMDksImZpcnN0Qmxvb2RLaWxsIjpmYWxzZSwiZmly
        c3RCbG9vZEFzc2lzdCI6ZmFsc2UsImZpcnN0VG93ZXJLaWxsIjpmYWxzZSwi
        Zmlyc3RUb3dlckFzc2lzdCI6ZmFsc2UsImZpcnN0SW5oaWJpdG9yS2lsbCI6
        ZmFsc2UsImZpcnN0SW5oaWJpdG9yQXNzaXN0IjpmYWxzZSwiaW5oaWJpdG9y
        S2lsbHMiOjAsInRvd2VyS2lsbHMiOjAsIndhcmRzUGxhY2VkIjo5LCJ3YXJk
        c0tpbGxlZCI6NiwibGFyZ2VzdE11bHRpS2lsbCI6Miwia2lsbGluZ1NwcmVl
        cyI6MywidG90YWxVbml0c0hlYWxlZCI6MSwidG90YWxUaW1lQ3Jvd2RDb250
        cm9sRGVhbHQiOjMwfSwicGFydGljaXBhbnRJZCI6MSwicnVuZXMiOlt7InJ1
        bmVJZCI6NTI3MywicmFuayI6OX0seyJydW5lSWQiOjUyOTYsInJhbmsiOjN9
        LHsicnVuZUlkIjo1Mjk4LCJyYW5rIjo0fSx7InJ1bmVJZCI6NTMwMywicmFu
        ayI6Mn0seyJydW5lSWQiOjUzMjgsInJhbmsiOjl9LHsicnVuZUlkIjo1MzU3
        LCJyYW5rIjozfV19LHsidGVhbUlkIjoxMDAsInNwZWxsMUlkIjoxMSwic3Bl
        bGwySWQiOjQsImNoYW1waW9uSWQiOjgwLCJoaWdoZXN0QWNoaWV2ZWRTZWFz
        b25UaWVyIjoiU0lMVkVSIiwidGltZWxpbmUiOnsiY3JlZXBzUGVyTWluRGVs
        dGFzIjp7Inplcm9Ub1RlbiI6MC4wLCJ0ZW5Ub1R3ZW50eSI6MC41LCJ0d2Vu
        dHlUb1RoaXJ0eSI6My4wLCJ0aGlydHlUb0VuZCI6Mi4xfSwieHBQZXJNaW5E
        ZWx0YXMiOnsiemVyb1RvVGVuIjoyMTguNywidGVuVG9Ud2VudHkiOjU1MS4x
        LCJ0d2VudHlUb1RoaXJ0eSI6MzQwLjgsInRoaXJ0eVRvRW5kIjo0MjguOX0s
        ImdvbGRQZXJNaW5EZWx0YXMiOnsiemVyb1RvVGVuIjoxNzYuMywidGVuVG9U
        d2VudHkiOjQxMC4wLCJ0d2VudHlUb1RoaXJ0eSI6MjQ0LjM5OTk5OTk5OTk5
        OTk4LCJ0aGlydHlUb0VuZCI6MzY0LjV9LCJjc0RpZmZQZXJNaW5EZWx0YXMi
        OnsiemVyb1RvVGVuIjotMC41LCJ0ZW5Ub1R3ZW50eSI6LTEuOCwidHdlbnR5
        VG9UaGlydHkiOjEuMDk5OTk5OTk5OTk5OTk5OSwidGhpcnR5VG9FbmQiOi0y
        Ljh9LCJ4cERpZmZQZXJNaW5EZWx0YXMiOnsiemVyb1RvVGVuIjotMTY1LjYw
        MDAwMDAwMDAwMDAyLCJ0ZW5Ub1R3ZW50eSI6MzYuMjAwMDAwMDAwMDAwMDQ1
        LCJ0d2VudHlUb1RoaXJ0eSI6LTIzMy41LCJ0aGlydHlUb0VuZCI6LTc5LjA5
        OTk5OTk5OTk5OTk3fSwiZGFtYWdlVGFrZW5QZXJNaW5EZWx0YXMiOnsiemVy
        b1RvVGVuIjo0MzEuNiwidGVuVG9Ud2VudHkiOjczNS43LCJ0d2VudHlUb1Ro
        aXJ0eSI6MTAyMS4wLCJ0aGlydHlUb0VuZCI6OTQ5Ljd9LCJkYW1hZ2VUYWtl
        bkRpZmZQZXJNaW5EZWx0YXMiOnsiemVyb1RvVGVuIjotMjAxLjksInRlblRv
        VHdlbnR5IjotMjk0LjIsInR3ZW50eVRvVGhpcnR5IjotMzQ1LjYsInRoaXJ0
        eVRvRW5kIjotMzc1Ljd9LCJyb2xlIjoiTk9ORSIsImxhbmUiOiJKVU5HTEUi
        fSwibWFzdGVyaWVzIjpbeyJtYXN0ZXJ5SWQiOjQxMTEsInJhbmsiOjF9LHsi
        bWFzdGVyeUlkIjo0MTEzLCJyYW5rIjo0fSx7Im1hc3RlcnlJZCI6NDEyMiwi
        cmFuayI6M30seyJtYXN0ZXJ5SWQiOjQxMzEsInJhbmsiOjF9LHsibWFzdGVy
        eUlkIjo0MTMyLCJyYW5rIjoxfSx7Im1hc3RlcnlJZCI6NDEzNCwicmFuayI6
        M30seyJtYXN0ZXJ5SWQiOjQxNDEsInJhbmsiOjF9LHsibWFzdGVyeUlkIjo0
        MTQyLCJyYW5rIjoyfSx7Im1hc3RlcnlJZCI6NDE0NCwicmFuayI6MX0seyJt
        YXN0ZXJ5SWQiOjQxNTIsInJhbmsiOjN9LHsibWFzdGVyeUlkIjo0MTYyLCJy
        YW5rIjoxfSx7Im1hc3RlcnlJZCI6NDIxMSwicmFuayI6Mn0seyJtYXN0ZXJ5
        SWQiOjQyMTQsInJhbmsiOjJ9LHsibWFzdGVyeUlkIjo0MjIxLCJyYW5rIjox
        fSx7Im1hc3RlcnlJZCI6NDIyMiwicmFuayI6M30seyJtYXN0ZXJ5SWQiOjQy
        MzIsInJhbmsiOjF9XSwic3RhdHMiOnsid2lubmVyIjpmYWxzZSwiY2hhbXBM
        ZXZlbCI6MTcsIml0ZW0wIjozNzA3LCJpdGVtMSI6MzE0MywiaXRlbTIiOjEw
        MTEsIml0ZW0zIjozMTU1LCJpdGVtNCI6MzI2MCwiaXRlbTUiOjMwMjYsIml0
        ZW02IjozMzQwLCJraWxscyI6OSwiZG91YmxlS2lsbHMiOjIsInRyaXBsZUtp
        bGxzIjowLCJxdWFkcmFLaWxscyI6MCwicGVudGFLaWxscyI6MCwidW5yZWFs
        S2lsbHMiOjAsImxhcmdlc3RLaWxsaW5nU3ByZWUiOjMsImRlYXRocyI6OSwi
        YXNzaXN0cyI6NiwidG90YWxEYW1hZ2VEZWFsdCI6MTgyMjU2LCJ0b3RhbERh
        bWFnZURlYWx0VG9DaGFtcGlvbnMiOjE5MjQ1LCJ0b3RhbERhbWFnZVRha2Vu
        IjozNjM1OCwibGFyZ2VzdENyaXRpY2FsU3RyaWtlIjo3ODYsInRvdGFsSGVh
        bCI6MTgwMSwibWluaW9uc0tpbGxlZCI6NjksIm5ldXRyYWxNaW5pb25zS2ls
        bGVkIjo3NiwibmV1dHJhbE1pbmlvbnNLaWxsZWRUZWFtSnVuZ2xlIjo3Miwi
        bmV1dHJhbE1pbmlvbnNLaWxsZWRFbmVteUp1bmdsZSI6NCwiZ29sZEVhcm5l
        ZCI6MTM0NDgsImdvbGRTcGVudCI6MTI1MjAsImNvbWJhdFBsYXllclNjb3Jl
        IjowLCJvYmplY3RpdmVQbGF5ZXJTY29yZSI6MCwidG90YWxQbGF5ZXJTY29y
        ZSI6MCwidG90YWxTY29yZVJhbmsiOjAsIm1hZ2ljRGFtYWdlRGVhbHRUb0No
        YW1waW9ucyI6NDU1MCwicGh5c2ljYWxEYW1hZ2VEZWFsdFRvQ2hhbXBpb25z
        IjoxMzkwOSwidHJ1ZURhbWFnZURlYWx0VG9DaGFtcGlvbnMiOjc4Niwidmlz
        aW9uV2FyZHNCb3VnaHRJbkdhbWUiOjEsInNpZ2h0V2FyZHNCb3VnaHRJbkdh
        bWUiOjQsIm1hZ2ljRGFtYWdlRGVhbHQiOjE3OTAxLCJwaHlzaWNhbERhbWFn
        ZURlYWx0IjoxNTE5NjQsInRydWVEYW1hZ2VEZWFsdCI6MTIzOTAsIm1hZ2lj
        RGFtYWdlVGFrZW4iOjExNzM3LCJwaHlzaWNhbERhbWFnZVRha2VuIjoyMzUz
        MywidHJ1ZURhbWFnZVRha2VuIjoxMDg3LCJmaXJzdEJsb29kS2lsbCI6ZmFs
        c2UsImZpcnN0Qmxvb2RBc3Npc3QiOmZhbHNlLCJmaXJzdFRvd2VyS2lsbCI6
        ZmFsc2UsImZpcnN0VG93ZXJBc3Npc3QiOmZhbHNlLCJmaXJzdEluaGliaXRv
        cktpbGwiOmZhbHNlLCJmaXJzdEluaGliaXRvckFzc2lzdCI6ZmFsc2UsImlu
        aGliaXRvcktpbGxzIjowLCJ0b3dlcktpbGxzIjowLCJ3YXJkc1BsYWNlZCI6
        MTQsIndhcmRzS2lsbGVkIjoxLCJsYXJnZXN0TXVsdGlLaWxsIjoyLCJraWxs
        aW5nU3ByZWVzIjoyLCJ0b3RhbFVuaXRzSGVhbGVkIjoxLCJ0b3RhbFRpbWVD
        cm93ZENvbnRyb2xEZWFsdCI6ODE4fSwicGFydGljaXBhbnRJZCI6MiwicnVu
        ZXMiOlt7InJ1bmVJZCI6NTI0NSwicmFuayI6OX0seyJydW5lSWQiOjUyOTAs
        InJhbmsiOjl9LHsicnVuZUlkIjo1MzE3LCJyYW5rIjo5fSx7InJ1bmVJZCI6
        NTMzNywicmFuayI6M31dfSx7InRlYW1JZCI6MTAwLCJzcGVsbDFJZCI6MTQs
        InNwZWxsMklkIjo0LCJjaGFtcGlvbklkIjoxNTAsImhpZ2hlc3RBY2hpZXZl
        ZFNlYXNvblRpZXIiOiJVTlJBTktFRCIsInRpbWVsaW5lIjp7ImNyZWVwc1Bl
        ck1pbkRlbHRhcyI6eyJ6ZXJvVG9UZW4iOjUuNSwidGVuVG9Ud2VudHkiOjcu
        NCwidHdlbnR5VG9UaGlydHkiOjMuNSwidGhpcnR5VG9FbmQiOjEuNH0sInhw
        UGVyTWluRGVsdGFzIjp7Inplcm9Ub1RlbiI6NDc1LjQsInRlblRvVHdlbnR5
        Ijo1ODcuNSwidHdlbnR5VG9UaGlydHkiOjMwNy4zLCJ0aGlydHlUb0VuZCI6
        MzEyLjF9LCJnb2xkUGVyTWluRGVsdGFzIjp7Inplcm9Ub1RlbiI6MjM3LjUs
        InRlblRvVHdlbnR5Ijo0MDUuMiwidHdlbnR5VG9UaGlydHkiOjI3Mi43MDAw
        MDAwMDAwMDAwNSwidGhpcnR5VG9FbmQiOjIyNS42MDAwMDAwMDAwMDAwMn0s
        ImNzRGlmZlBlck1pbkRlbHRhcyI6eyJ6ZXJvVG9UZW4iOi0xLjY5OTk5OTk5
        OTk5OTk5OTcsInRlblRvVHdlbnR5IjowLjIwMDAwMDAwMDAwMDAwMDE4LCJ0
        d2VudHlUb1RoaXJ0eSI6MS4xLCJ0aGlydHlUb0VuZCI6LTIuMX0sInhwRGlm
        ZlBlck1pbkRlbHRhcyI6eyJ6ZXJvVG9UZW4iOjcxLjAsInRlblRvVHdlbnR5
        IjoyOS44MDAwMDAwMDAwMDAwMSwidHdlbnR5VG9UaGlydHkiOi0zMy4wOTk5
        OTk5OTk5OTk5OTQsInRoaXJ0eVRvRW5kIjotNDUuOTAwMDAwMDAwMDAwMDA2
        fSwiZGFtYWdlVGFrZW5QZXJNaW5EZWx0YXMiOnsiemVyb1RvVGVuIjoyMTIu
        NywidGVuVG9Ud2VudHkiOjUyNC41LCJ0d2VudHlUb1RoaXJ0eSI6ODg5LjMs
        InRoaXJ0eVRvRW5kIjoxMTE2LjF9LCJkYW1hZ2VUYWtlbkRpZmZQZXJNaW5E
        ZWx0YXMiOnsiemVyb1RvVGVuIjotMzU3LjAsInRlblRvVHdlbnR5IjotNTc1
        LjksInR3ZW50eVRvVGhpcnR5IjotMTM2LjcwMDAwMDAwMDAwMDEsInRoaXJ0
        eVRvRW5kIjo0MDkuMDk5OTk5OTk5OTk5OTd9LCJyb2xlIjoiU09MTyIsImxh
        bmUiOiJUT1AifSwibWFzdGVyaWVzIjpbeyJtYXN0ZXJ5SWQiOjQxMTEsInJh
        bmsiOjF9LHsibWFzdGVyeUlkIjo0MTEzLCJyYW5rIjo0fSx7Im1hc3RlcnlJ
        ZCI6NDEyMSwicmFuayI6MX0seyJtYXN0ZXJ5SWQiOjQxMjIsInJhbmsiOjN9
        LHsibWFzdGVyeUlkIjo0MTMxLCJyYW5rIjoxfSx7Im1hc3RlcnlJZCI6NDEz
        MiwicmFuayI6MX0seyJtYXN0ZXJ5SWQiOjQxMzQsInJhbmsiOjN9LHsibWFz
        dGVyeUlkIjo0MTQxLCJyYW5rIjoxfSx7Im1hc3RlcnlJZCI6NDE0MiwicmFu
        ayI6MX0seyJtYXN0ZXJ5SWQiOjQxNDQsInJhbmsiOjF9LHsibWFzdGVyeUlk
        Ijo0MTUyLCJyYW5rIjozfSx7Im1hc3RlcnlJZCI6NDE2MiwicmFuayI6MX0s
        eyJtYXN0ZXJ5SWQiOjQyMTEsInJhbmsiOjJ9LHsibWFzdGVyeUlkIjo0MjEz
        LCJyYW5rIjoyfSx7Im1hc3RlcnlJZCI6NDIyMSwicmFuayI6MX0seyJtYXN0
        ZXJ5SWQiOjQyMjIsInJhbmsiOjN9LHsibWFzdGVyeUlkIjo0MjMyLCJyYW5r
        IjoxfV0sInN0YXRzIjp7Indpbm5lciI6ZmFsc2UsImNoYW1wTGV2ZWwiOjE3
        LCJpdGVtMCI6MzA2NSwiaXRlbTEiOjMxNDMsIml0ZW0yIjozMTUzLCJpdGVt
        MyI6MzExMSwiaXRlbTQiOjEwMjksIml0ZW01IjoxMDExLCJpdGVtNiI6MzM0
        MSwia2lsbHMiOjYsImRvdWJsZUtpbGxzIjowLCJ0cmlwbGVLaWxscyI6MCwi
        cXVhZHJhS2lsbHMiOjAsInBlbnRhS2lsbHMiOjAsInVucmVhbEtpbGxzIjow
        LCJsYXJnZXN0S2lsbGluZ1NwcmVlIjozLCJkZWF0aHMiOjYsImFzc2lzdHMi
        OjYsInRvdGFsRGFtYWdlRGVhbHQiOjE2MDc0NywidG90YWxEYW1hZ2VEZWFs
        dFRvQ2hhbXBpb25zIjoyODY1MCwidG90YWxEYW1hZ2VUYWtlbiI6MzAzMzUs
        Imxhcmdlc3RDcml0aWNhbFN0cmlrZSI6NTEwLCJ0b3RhbEhlYWwiOjEyNjEs
        Im1pbmlvbnNLaWxsZWQiOjE4NSwibmV1dHJhbE1pbmlvbnNLaWxsZWQiOjks
        Im5ldXRyYWxNaW5pb25zS2lsbGVkVGVhbUp1bmdsZSI6NywibmV1dHJhbE1p
        bmlvbnNLaWxsZWRFbmVteUp1bmdsZSI6MiwiZ29sZEVhcm5lZCI6MTIzNjEs
        ImdvbGRTcGVudCI6MTI0MTAsImNvbWJhdFBsYXllclNjb3JlIjowLCJvYmpl
        Y3RpdmVQbGF5ZXJTY29yZSI6MCwidG90YWxQbGF5ZXJTY29yZSI6MCwidG90
        YWxTY29yZVJhbmsiOjAsIm1hZ2ljRGFtYWdlRGVhbHRUb0NoYW1waW9ucyI6
        NDMyNSwicGh5c2ljYWxEYW1hZ2VEZWFsdFRvQ2hhbXBpb25zIjoyMzczNiwi
        dHJ1ZURhbWFnZURlYWx0VG9DaGFtcGlvbnMiOjU4OCwidmlzaW9uV2FyZHNC
        b3VnaHRJbkdhbWUiOjAsInNpZ2h0V2FyZHNCb3VnaHRJbkdhbWUiOjgsIm1h
        Z2ljRGFtYWdlRGVhbHQiOjE3ODUzLCJwaHlzaWNhbERhbWFnZURlYWx0Ijox
        NDIzMDYsInRydWVEYW1hZ2VEZWFsdCI6NTg4LCJtYWdpY0RhbWFnZVRha2Vu
        Ijo5NzkxLCJwaHlzaWNhbERhbWFnZVRha2VuIjoxOTQ5NSwidHJ1ZURhbWFn
        ZVRha2VuIjoxMDQ5LCJmaXJzdEJsb29kS2lsbCI6ZmFsc2UsImZpcnN0Qmxv
        b2RBc3Npc3QiOmZhbHNlLCJmaXJzdFRvd2VyS2lsbCI6ZmFsc2UsImZpcnN0
        VG93ZXJBc3Npc3QiOmZhbHNlLCJmaXJzdEluaGliaXRvcktpbGwiOmZhbHNl
        LCJmaXJzdEluaGliaXRvckFzc2lzdCI6ZmFsc2UsImluaGliaXRvcktpbGxz
        IjowLCJ0b3dlcktpbGxzIjoxLCJ3YXJkc1BsYWNlZCI6MTUsIndhcmRzS2ls
        bGVkIjoyLCJsYXJnZXN0TXVsdGlLaWxsIjoxLCJraWxsaW5nU3ByZWVzIjoy
        LCJ0b3RhbFVuaXRzSGVhbGVkIjoxLCJ0b3RhbFRpbWVDcm93ZENvbnRyb2xE
        ZWFsdCI6ODcyfSwicGFydGljaXBhbnRJZCI6MywicnVuZXMiOlt7InJ1bmVJ
        ZCI6NTI0NSwicmFuayI6OX0seyJydW5lSWQiOjUyOTAsInJhbmsiOjl9LHsi
        cnVuZUlkIjo1MzE1LCJyYW5rIjo1fSx7InJ1bmVJZCI6NTMxNywicmFuayI6
        NH0seyJydW5lSWQiOjUzMzUsInJhbmsiOjN9XX0seyJ0ZWFtSWQiOjEwMCwi
        c3BlbGwxSWQiOjQsInNwZWxsMklkIjo3LCJjaGFtcGlvbklkIjoyMjIsImhp
        Z2hlc3RBY2hpZXZlZFNlYXNvblRpZXIiOiJVTlJBTktFRCIsInRpbWVsaW5l
        Ijp7ImNyZWVwc1Blck1pbkRlbHRhcyI6eyJ6ZXJvVG9UZW4iOjYuMCwidGVu
        VG9Ud2VudHkiOjYuMTk5OTk5OTk5OTk5OTk5LCJ0d2VudHlUb1RoaXJ0eSI6
        Ni4xOTk5OTk5OTk5OTk5OTksInRoaXJ0eVRvRW5kIjo4LjF9LCJ4cFBlck1p
        bkRlbHRhcyI6eyJ6ZXJvVG9UZW4iOjI2Ni44LCJ0ZW5Ub1R3ZW50eSI6NDkw
        LjksInR3ZW50eVRvVGhpcnR5Ijo0MTYuMCwidGhpcnR5VG9FbmQiOjQ5MS44
        fSwiZ29sZFBlck1pbkRlbHRhcyI6eyJ6ZXJvVG9UZW4iOjIxOC41LCJ0ZW5U
        b1R3ZW50eSI6NDcxLjIsInR3ZW50eVRvVGhpcnR5IjozNTEuNCwidGhpcnR5
        VG9FbmQiOjQwMC40fSwiY3NEaWZmUGVyTWluRGVsdGFzIjp7Inplcm9Ub1Rl
        biI6LTAuMzAwMDAwMDAwMDAwMDAwMjcsInRlblRvVHdlbnR5IjowLjA1MDAw
        MDAwMDAwMDAwMDA0NCwidHdlbnR5VG9UaGlydHkiOjAuNTAwMDAwMDAwMDAw
        MDAwMSwidGhpcnR5VG9FbmQiOjAuN30sInhwRGlmZlBlck1pbkRlbHRhcyI6
        eyJ6ZXJvVG9UZW4iOi00NS42MDAwMDAwMDAwMDAwNCwidGVuVG9Ud2VudHki
        OjExNS44OTk5OTk5OTk5OTk5OCwidHdlbnR5VG9UaGlydHkiOi0yMDMuMywi
        dGhpcnR5VG9FbmQiOjU1LjY1MDAwMDAwMDAwMDAwNn0sImRhbWFnZVRha2Vu
        UGVyTWluRGVsdGFzIjp7Inplcm9Ub1RlbiI6MjY4LjUsInRlblRvVHdlbnR5
        Ijo2MzYuNiwidHdlbnR5VG9UaGlydHkiOjc2Ni43LCJ0aGlydHlUb0VuZCI6
        NzIzLjh9LCJkYW1hZ2VUYWtlbkRpZmZQZXJNaW5EZWx0YXMiOnsiemVyb1Rv
        VGVuIjo3Ni40NSwidGVuVG9Ud2VudHkiOi0xMTkuMTQ5OTk5OTk5OTk5OTgs
        InR3ZW50eVRvVGhpcnR5IjotMTIzLjc1LCJ0aGlydHlUb0VuZCI6LTQwOS4w
        fSwicm9sZSI6IkRVT19DQVJSWSIsImxhbmUiOiJCT1RUT00ifSwibWFzdGVy
        aWVzIjpbeyJtYXN0ZXJ5SWQiOjQxMTIsInJhbmsiOjR9LHsibWFzdGVyeUlk
        Ijo0MTE0LCJyYW5rIjoxfSx7Im1hc3RlcnlJZCI6NDEyMiwicmFuayI6M30s
        eyJtYXN0ZXJ5SWQiOjQxMjQsInJhbmsiOjF9LHsibWFzdGVyeUlkIjo0MTMy
        LCJyYW5rIjoxfSx7Im1hc3RlcnlJZCI6NDEzNCwicmFuayI6M30seyJtYXN0
        ZXJ5SWQiOjQxNDIsInJhbmsiOjJ9LHsibWFzdGVyeUlkIjo0MTQ0LCJyYW5r
        IjoxfSx7Im1hc3RlcnlJZCI6NDE1MSwicmFuayI6MX0seyJtYXN0ZXJ5SWQi
        OjQxNTIsInJhbmsiOjN9LHsibWFzdGVyeUlkIjo0MTYyLCJyYW5rIjoxfSx7
        Im1hc3RlcnlJZCI6NDIxMSwicmFuayI6Mn0seyJtYXN0ZXJ5SWQiOjQyMTIs
        InJhbmsiOjJ9LHsibWFzdGVyeUlkIjo0MjIxLCJyYW5rIjoxfSx7Im1hc3Rl
        cnlJZCI6NDIyMiwicmFuayI6M30seyJtYXN0ZXJ5SWQiOjQyMzIsInJhbmsi
        OjF9XSwic3RhdHMiOnsid2lubmVyIjpmYWxzZSwiY2hhbXBMZXZlbCI6MTcs
        Iml0ZW0wIjozMjUwLCJpdGVtMSI6MzAzNSwiaXRlbTIiOjEwNTMsIml0ZW0z
        IjozMDMxLCJpdGVtNCI6MzA4NywiaXRlbTUiOjMwMjYsIml0ZW02IjozMzYz
        LCJraWxscyI6NSwiZG91YmxlS2lsbHMiOjEsInRyaXBsZUtpbGxzIjowLCJx
        dWFkcmFLaWxscyI6MCwicGVudGFLaWxscyI6MCwidW5yZWFsS2lsbHMiOjAs
        Imxhcmdlc3RLaWxsaW5nU3ByZWUiOjMsImRlYXRocyI6NywiYXNzaXN0cyI6
        MTIsInRvdGFsRGFtYWdlRGVhbHQiOjI1NjAwMywidG90YWxEYW1hZ2VEZWFs
        dFRvQ2hhbXBpb25zIjoyODk4NywidG90YWxEYW1hZ2VUYWtlbiI6Mjc5MTMs
        Imxhcmdlc3RDcml0aWNhbFN0cmlrZSI6NzM1LCJ0b3RhbEhlYWwiOjU1MTQs
        Im1pbmlvbnNLaWxsZWQiOjI3MSwibmV1dHJhbE1pbmlvbnNLaWxsZWQiOjI3
        LCJuZXV0cmFsTWluaW9uc0tpbGxlZFRlYW1KdW5nbGUiOjIxLCJuZXV0cmFs
        TWluaW9uc0tpbGxlZEVuZW15SnVuZ2xlIjo2LCJnb2xkRWFybmVkIjoxNTU2
        OSwiZ29sZFNwZW50IjoxNTAyNSwiY29tYmF0UGxheWVyU2NvcmUiOjAsIm9i
        amVjdGl2ZVBsYXllclNjb3JlIjowLCJ0b3RhbFBsYXllclNjb3JlIjowLCJ0
        b3RhbFNjb3JlUmFuayI6MCwibWFnaWNEYW1hZ2VEZWFsdFRvQ2hhbXBpb25z
        IjoyNzg1LCJwaHlzaWNhbERhbWFnZURlYWx0VG9DaGFtcGlvbnMiOjI1NDQ5
        LCJ0cnVlRGFtYWdlRGVhbHRUb0NoYW1waW9ucyI6NzUyLCJ2aXNpb25XYXJk
        c0JvdWdodEluR2FtZSI6MCwic2lnaHRXYXJkc0JvdWdodEluR2FtZSI6MCwi
        bWFnaWNEYW1hZ2VEZWFsdCI6MzAyNjMsInBoeXNpY2FsRGFtYWdlRGVhbHQi
        OjIyNDMwNCwidHJ1ZURhbWFnZURlYWx0IjoxNDM2LCJtYWdpY0RhbWFnZVRh
        a2VuIjoxMDY4MiwicGh5c2ljYWxEYW1hZ2VUYWtlbiI6MTY5ODAsInRydWVE
        YW1hZ2VUYWtlbiI6MjUxLCJmaXJzdEJsb29kS2lsbCI6ZmFsc2UsImZpcnN0
        Qmxvb2RBc3Npc3QiOmZhbHNlLCJmaXJzdFRvd2VyS2lsbCI6dHJ1ZSwiZmly
        c3RUb3dlckFzc2lzdCI6ZmFsc2UsImZpcnN0SW5oaWJpdG9yS2lsbCI6ZmFs
        c2UsImZpcnN0SW5oaWJpdG9yQXNzaXN0IjpmYWxzZSwiaW5oaWJpdG9yS2ls
        bHMiOjAsInRvd2VyS2lsbHMiOjIsIndhcmRzUGxhY2VkIjozLCJ3YXJkc0tp
        bGxlZCI6MywibGFyZ2VzdE11bHRpS2lsbCI6Miwia2lsbGluZ1NwcmVlcyI6
        MiwidG90YWxVbml0c0hlYWxlZCI6NCwidG90YWxUaW1lQ3Jvd2RDb250cm9s
        RGVhbHQiOjM2Nn0sInBhcnRpY2lwYW50SWQiOjQsInJ1bmVzIjpbeyJydW5l
        SWQiOjUyNDUsInJhbmsiOjl9LHsicnVuZUlkIjo1Mjg5LCJyYW5rIjo5fSx7
        InJ1bmVJZCI6NTMxNywicmFuayI6OX0seyJydW5lSWQiOjUzMzcsInJhbmsi
        OjN9XX0seyJ0ZWFtSWQiOjEwMCwic3BlbGwxSWQiOjQsInNwZWxsMklkIjoz
        LCJjaGFtcGlvbklkIjoyNSwiaGlnaGVzdEFjaGlldmVkU2Vhc29uVGllciI6
        IlNJTFZFUiIsInRpbWVsaW5lIjp7ImNyZWVwc1Blck1pbkRlbHRhcyI6eyJ6
        ZXJvVG9UZW4iOjAuMiwidGVuVG9Ud2VudHkiOjAuNywidHdlbnR5VG9UaGly
        dHkiOjAuNjAwMDAwMDAwMDAwMDAwMSwidGhpcnR5VG9FbmQiOjAuOH0sInhw
        UGVyTWluRGVsdGFzIjp7Inplcm9Ub1RlbiI6MjI1LjAsInRlblRvVHdlbnR5
        Ijo0MDYuMiwidHdlbnR5VG9UaGlydHkiOjMyMi40LCJ0aGlydHlUb0VuZCI6
        NDM0LjR9LCJnb2xkUGVyTWluRGVsdGFzIjp7Inplcm9Ub1RlbiI6MTQ0LjIs
        InRlblRvVHdlbnR5IjozNjcuMSwidHdlbnR5VG9UaGlydHkiOjI2Ni4yLCJ0
        aGlydHlUb0VuZCI6MjQ2LjN9LCJjc0RpZmZQZXJNaW5EZWx0YXMiOnsiemVy
        b1RvVGVuIjotMC4zMDAwMDAwMDAwMDAwMDAyNywidGVuVG9Ud2VudHkiOjAu
        MDUwMDAwMDAwMDAwMDAwMDQ0LCJ0d2VudHlUb1RoaXJ0eSI6MC41MDAwMDAw
        MDAwMDAwMDAxLCJ0aGlydHlUb0VuZCI6MC43fSwieHBEaWZmUGVyTWluRGVs
        dGFzIjp7Inplcm9Ub1RlbiI6LTQ1LjYwMDAwMDAwMDAwMDA0LCJ0ZW5Ub1R3
        ZW50eSI6MTE1Ljg5OTk5OTk5OTk5OTk4LCJ0d2VudHlUb1RoaXJ0eSI6LTIw
        My4zLCJ0aGlydHlUb0VuZCI6NTUuNjUwMDAwMDAwMDAwMDA2fSwiZGFtYWdl
        VGFrZW5QZXJNaW5EZWx0YXMiOnsiemVyb1RvVGVuIjozMTQuNywidGVuVG9U
        d2VudHkiOjY0Mi4xLCJ0d2VudHlUb1RoaXJ0eSI6NjA1LjAsInRoaXJ0eVRv
        RW5kIjo2NTguMn0sImRhbWFnZVRha2VuRGlmZlBlck1pbkRlbHRhcyI6eyJ6
        ZXJvVG9UZW4iOjc2LjQ1LCJ0ZW5Ub1R3ZW50eSI6LTExOS4xNDk5OTk5OTk5
        OTk5OCwidHdlbnR5VG9UaGlydHkiOi0xMjMuNzUsInRoaXJ0eVRvRW5kIjot
        NDA5LjB9LCJyb2xlIjoiRFVPX1NVUFBPUlQiLCJsYW5lIjoiQk9UVE9NIn0s
        Im1hc3RlcmllcyI6W3sibWFzdGVyeUlkIjo0MjExLCJyYW5rIjoyfSx7Im1h
        c3RlcnlJZCI6NDIxMiwicmFuayI6Mn0seyJtYXN0ZXJ5SWQiOjQyMjEsInJh
        bmsiOjF9LHsibWFzdGVyeUlkIjo0MjIyLCJyYW5rIjozfSx7Im1hc3RlcnlJ
        ZCI6NDIzMiwicmFuayI6MX0seyJtYXN0ZXJ5SWQiOjQzMTEsInJhbmsiOjF9
        LHsibWFzdGVyeUlkIjo0MzEyLCJyYW5rIjozfSx7Im1hc3RlcnlJZCI6NDMx
        MywicmFuayI6MX0seyJtYXN0ZXJ5SWQiOjQzMTQsInJhbmsiOjF9LHsibWFz
        dGVyeUlkIjo0MzIyLCJyYW5rIjozfSx7Im1hc3RlcnlJZCI6NDMyNCwicmFu
        ayI6MX0seyJtYXN0ZXJ5SWQiOjQzMzEsInJhbmsiOjN9LHsibWFzdGVyeUlk
        Ijo0MzM0LCJyYW5rIjoxfSx7Im1hc3RlcnlJZCI6NDM0MSwicmFuayI6MX0s
        eyJtYXN0ZXJ5SWQiOjQzNDIsInJhbmsiOjF9LHsibWFzdGVyeUlkIjo0MzUy
        LCJyYW5rIjoxfSx7Im1hc3RlcnlJZCI6NDM1MywicmFuayI6M30seyJtYXN0
        ZXJ5SWQiOjQzNjIsInJhbmsiOjF9XSwic3RhdHMiOnsid2lubmVyIjpmYWxz
        ZSwiY2hhbXBMZXZlbCI6MTUsIml0ZW0wIjozMDkyLCJpdGVtMSI6MjA0NSwi
        aXRlbTIiOjIwMTAsIml0ZW0zIjozMDIzLCJpdGVtNCI6MzExMCwiaXRlbTUi
        OjMxMTcsIml0ZW02IjozMzY0LCJraWxscyI6MiwiZG91YmxlS2lsbHMiOjAs
        InRyaXBsZUtpbGxzIjowLCJxdWFkcmFLaWxscyI6MCwicGVudGFLaWxscyI6
        MCwidW5yZWFsS2lsbHMiOjAsImxhcmdlc3RLaWxsaW5nU3ByZWUiOjAsImRl
        YXRocyI6OSwiYXNzaXN0cyI6MTMsInRvdGFsRGFtYWdlRGVhbHQiOjMwOTg3
        LCJ0b3RhbERhbWFnZURlYWx0VG9DaGFtcGlvbnMiOjE1Mzk1LCJ0b3RhbERh
        bWFnZVRha2VuIjoyNDcxNCwibGFyZ2VzdENyaXRpY2FsU3RyaWtlIjowLCJ0
        b3RhbEhlYWwiOjEwMCwibWluaW9uc0tpbGxlZCI6MjMsIm5ldXRyYWxNaW5p
        b25zS2lsbGVkIjowLCJuZXV0cmFsTWluaW9uc0tpbGxlZFRlYW1KdW5nbGUi
        OjAsIm5ldXRyYWxNaW5pb25zS2lsbGVkRW5lbXlKdW5nbGUiOjAsImdvbGRF
        YXJuZWQiOjExMTUzLCJnb2xkU3BlbnQiOjEwNzkwLCJjb21iYXRQbGF5ZXJT
        Y29yZSI6MCwib2JqZWN0aXZlUGxheWVyU2NvcmUiOjAsInRvdGFsUGxheWVy
        U2NvcmUiOjAsInRvdGFsU2NvcmVSYW5rIjowLCJtYWdpY0RhbWFnZURlYWx0
        VG9DaGFtcGlvbnMiOjEyODE1LCJwaHlzaWNhbERhbWFnZURlYWx0VG9DaGFt
        cGlvbnMiOjI0MjAsInRydWVEYW1hZ2VEZWFsdFRvQ2hhbXBpb25zIjoxNjAs
        InZpc2lvbldhcmRzQm91Z2h0SW5HYW1lIjo0LCJzaWdodFdhcmRzQm91Z2h0
        SW5HYW1lIjoyLCJtYWdpY0RhbWFnZURlYWx0IjoyMzkxMiwicGh5c2ljYWxE
        YW1hZ2VEZWFsdCI6NjkxNSwidHJ1ZURhbWFnZURlYWx0IjoxNjAsIm1hZ2lj
        RGFtYWdlVGFrZW4iOjg4ODcsInBoeXNpY2FsRGFtYWdlVGFrZW4iOjE1MjAx
        LCJ0cnVlRGFtYWdlVGFrZW4iOjYyNSwiZmlyc3RCbG9vZEtpbGwiOmZhbHNl
        LCJmaXJzdEJsb29kQXNzaXN0IjpmYWxzZSwiZmlyc3RUb3dlcktpbGwiOmZh
        bHNlLCJmaXJzdFRvd2VyQXNzaXN0IjpmYWxzZSwiZmlyc3RJbmhpYml0b3JL
        aWxsIjpmYWxzZSwiZmlyc3RJbmhpYml0b3JBc3Npc3QiOmZhbHNlLCJpbmhp
        Yml0b3JLaWxscyI6MCwidG93ZXJLaWxscyI6MCwid2FyZHNQbGFjZWQiOjQz
        LCJ3YXJkc0tpbGxlZCI6MTEsImxhcmdlc3RNdWx0aUtpbGwiOjEsImtpbGxp
        bmdTcHJlZXMiOjAsInRvdGFsVW5pdHNIZWFsZWQiOjEsInRvdGFsVGltZUNy
        b3dkQ29udHJvbERlYWx0Ijo1MTZ9LCJwYXJ0aWNpcGFudElkIjo1LCJydW5l
        cyI6W3sicnVuZUlkIjo1MjkwLCJyYW5rIjo2fSx7InJ1bmVJZCI6NTMwMSwi
        cmFuayI6M30seyJydW5lSWQiOjUzMTcsInJhbmsiOjV9LHsicnVuZUlkIjo1
        MzIxLCJyYW5rIjo0fSx7InJ1bmVJZCI6NTM1MSwicmFuayI6M30seyJydW5l
        SWQiOjU0MDIsInJhbmsiOjl9XX0seyJ0ZWFtSWQiOjIwMCwic3BlbGwxSWQi
        OjE0LCJzcGVsbDJJZCI6NCwiY2hhbXBpb25JZCI6ODEsImhpZ2hlc3RBY2hp
        ZXZlZFNlYXNvblRpZXIiOiJTSUxWRVIiLCJ0aW1lbGluZSI6eyJjcmVlcHNQ
        ZXJNaW5EZWx0YXMiOnsiemVyb1RvVGVuIjo3LjY5OTk5OTk5OTk5OTk5OSwi
        dGVuVG9Ud2VudHkiOjcuMCwidHdlbnR5VG9UaGlydHkiOjQuMzAwMDAwMDAw
        MDAwMDAxLCJ0aGlydHlUb0VuZCI6NS4xOTk5OTk5OTk5OTk5OTl9LCJ4cFBl
        ck1pbkRlbHRhcyI6eyJ6ZXJvVG9UZW4iOjQ4My4yOTk5OTk5OTk5OTk5NSwi
        dGVuVG9Ud2VudHkiOjQyNy40LCJ0d2VudHlUb1RoaXJ0eSI6NDcxLjIwMDAw
        MDAwMDAwMDA1LCJ0aGlydHlUb0VuZCI6NDc3LjF9LCJnb2xkUGVyTWluRGVs
        dGFzIjp7Inplcm9Ub1RlbiI6Mjc2LjAsInRlblRvVHdlbnR5IjozNDkuMCwi
        dHdlbnR5VG9UaGlydHkiOjQ1OS42LCJ0aGlydHlUb0VuZCI6Mzk3Ljl9LCJj
        c0RpZmZQZXJNaW5EZWx0YXMiOnsiemVyb1RvVGVuIjoxLjksInRlblRvVHdl
        bnR5IjowLjYwMDAwMDAwMDAwMDAwMDEsInR3ZW50eVRvVGhpcnR5IjowLjgw
        MDAwMDAwMDAwMDAwMDMsInRoaXJ0eVRvRW5kIjoxLjM5OTk5OTk5OTk5OTk5
        OTd9LCJ4cERpZmZQZXJNaW5EZWx0YXMiOnsiemVyb1RvVGVuIjo0NS43OTk5
        OTk5OTk5OTk5OCwidGVuVG9Ud2VudHkiOi0xNTguMzk5OTk5OTk5OTk5OTgs
        InR3ZW50eVRvVGhpcnR5Ijo2MC40MDAwMDAwMDAwMDAwMDYsInRoaXJ0eVRv
        RW5kIjo1My45MDAwMDAwMDAwMDAwMzR9LCJkYW1hZ2VUYWtlblBlck1pbkRl
        bHRhcyI6eyJ6ZXJvVG9UZW4iOjE1NC43LCJ0ZW5Ub1R3ZW50eSI6NjI0LjEs
        InR3ZW50eVRvVGhpcnR5Ijo1MzUuNiwidGhpcnR5VG9FbmQiOjg2My44fSwi
        ZGFtYWdlVGFrZW5EaWZmUGVyTWluRGVsdGFzIjp7Inplcm9Ub1RlbiI6LTg3
        LjE5OTk5OTk5OTk5OTk5LCJ0ZW5Ub1R3ZW50eSI6MTE2LjQsInR3ZW50eVRv
        VGhpcnR5IjotOS4wMDAwMDAwMDAwMDAwMjgsInRoaXJ0eVRvRW5kIjoyNDMu
        NDAwMDAwMDAwMDAwMDN9LCJyb2xlIjoiU09MTyIsImxhbmUiOiJNSURETEUi
        fSwibWFzdGVyaWVzIjpbeyJtYXN0ZXJ5SWQiOjQxMTIsInJhbmsiOjR9LHsi
        bWFzdGVyeUlkIjo0MTE0LCJyYW5rIjoxfSx7Im1hc3RlcnlJZCI6NDEyMywi
        cmFuayI6M30seyJtYXN0ZXJ5SWQiOjQxMzMsInJhbmsiOjF9LHsibWFzdGVy
        eUlkIjo0MTM0LCJyYW5rIjozfSx7Im1hc3RlcnlJZCI6NDE0MywicmFuayI6
        M30seyJtYXN0ZXJ5SWQiOjQxNDQsInJhbmsiOjF9LHsibWFzdGVyeUlkIjo0
        MTUyLCJyYW5rIjozfSx7Im1hc3RlcnlJZCI6NDE1NCwicmFuayI6MX0seyJt
        YXN0ZXJ5SWQiOjQxNjIsInJhbmsiOjF9LHsibWFzdGVyeUlkIjo0MzEyLCJy
        YW5rIjozfSx7Im1hc3RlcnlJZCI6NDMxMywicmFuayI6M30seyJtYXN0ZXJ5
        SWQiOjQzMjIsInJhbmsiOjJ9LHsibWFzdGVyeUlkIjo0MzMyLCJyYW5rIjox
        fV0sInN0YXRzIjp7Indpbm5lciI6dHJ1ZSwiY2hhbXBMZXZlbCI6MTgsIml0
        ZW0wIjozMTY1LCJpdGVtMSI6MzA0MCwiaXRlbTIiOjMxNTgsIml0ZW0zIjoz
        MTAwLCJpdGVtNCI6MzA4OSwiaXRlbTUiOjMxMzUsIml0ZW02IjozMzQwLCJr
        aWxscyI6MTEsImRvdWJsZUtpbGxzIjoyLCJ0cmlwbGVLaWxscyI6MSwicXVh
        ZHJhS2lsbHMiOjAsInBlbnRhS2lsbHMiOjAsInVucmVhbEtpbGxzIjowLCJs
        YXJnZXN0S2lsbGluZ1NwcmVlIjo0LCJkZWF0aHMiOjcsImFzc2lzdHMiOjEy
        LCJ0b3RhbERhbWFnZURlYWx0IjoyNTQ4NTcsInRvdGFsRGFtYWdlRGVhbHRU
        b0NoYW1waW9ucyI6MzgwMDksInRvdGFsRGFtYWdlVGFrZW4iOjI0MTIxLCJs
        YXJnZXN0Q3JpdGljYWxTdHJpa2UiOjAsInRvdGFsSGVhbCI6OTY5LCJtaW5p
        b25zS2lsbGVkIjoyNTQsIm5ldXRyYWxNaW5pb25zS2lsbGVkIjoxOCwibmV1
        dHJhbE1pbmlvbnNLaWxsZWRUZWFtSnVuZ2xlIjoxMiwibmV1dHJhbE1pbmlv
        bnNLaWxsZWRFbmVteUp1bmdsZSI6NiwiZ29sZEVhcm5lZCI6MTY3OTcsImdv
        bGRTcGVudCI6MTU4MDUsImNvbWJhdFBsYXllclNjb3JlIjowLCJvYmplY3Rp
        dmVQbGF5ZXJTY29yZSI6MCwidG90YWxQbGF5ZXJTY29yZSI6MCwidG90YWxT
        Y29yZVJhbmsiOjAsIm1hZ2ljRGFtYWdlRGVhbHRUb0NoYW1waW9ucyI6Mjcw
        NjEsInBoeXNpY2FsRGFtYWdlRGVhbHRUb0NoYW1waW9ucyI6OTUwOCwidHJ1
        ZURhbWFnZURlYWx0VG9DaGFtcGlvbnMiOjE0NDAsInZpc2lvbldhcmRzQm91
        Z2h0SW5HYW1lIjowLCJzaWdodFdhcmRzQm91Z2h0SW5HYW1lIjowLCJtYWdp
        Y0RhbWFnZURlYWx0IjoxNDk0NDQsInBoeXNpY2FsRGFtYWdlRGVhbHQiOjEw
        Mzk3MiwidHJ1ZURhbWFnZURlYWx0IjoxNDQwLCJtYWdpY0RhbWFnZVRha2Vu
        IjoxMzE0MiwicGh5c2ljYWxEYW1hZ2VUYWtlbiI6MTA4MjksInRydWVEYW1h
        Z2VUYWtlbiI6MTUwLCJmaXJzdEJsb29kS2lsbCI6ZmFsc2UsImZpcnN0Qmxv
        b2RBc3Npc3QiOmZhbHNlLCJmaXJzdFRvd2VyS2lsbCI6ZmFsc2UsImZpcnN0
        VG93ZXJBc3Npc3QiOmZhbHNlLCJmaXJzdEluaGliaXRvcktpbGwiOmZhbHNl
        LCJmaXJzdEluaGliaXRvckFzc2lzdCI6dHJ1ZSwiaW5oaWJpdG9yS2lsbHMi
        OjAsInRvd2VyS2lsbHMiOjAsIndhcmRzUGxhY2VkIjoxMSwid2FyZHNLaWxs
        ZWQiOjAsImxhcmdlc3RNdWx0aUtpbGwiOjMsImtpbGxpbmdTcHJlZXMiOjQs
        InRvdGFsVW5pdHNIZWFsZWQiOjEsInRvdGFsVGltZUNyb3dkQ29udHJvbERl
        YWx0IjowfSwicGFydGljaXBhbnRJZCI6NiwicnVuZXMiOlt7InJ1bmVJZCI6
        NTI3MywicmFuayI6OX0seyJydW5lSWQiOjUyOTgsInJhbmsiOjl9LHsicnVu
        ZUlkIjo1MzE2LCJyYW5rIjo5fSx7InJ1bmVJZCI6NTM1NywicmFuayI6M31d
        fSx7InRlYW1JZCI6MjAwLCJzcGVsbDFJZCI6MTIsInNwZWxsMklkIjo0LCJj
        aGFtcGlvbklkIjo3NiwiaGlnaGVzdEFjaGlldmVkU2Vhc29uVGllciI6IlVO
        UkFOS0VEIiwidGltZWxpbmUiOnsiY3JlZXBzUGVyTWluRGVsdGFzIjp7Inpl
        cm9Ub1RlbiI6Ny4xOTk5OTk5OTk5OTk5OTksInRlblRvVHdlbnR5Ijo3LjE5
        OTk5OTk5OTk5OTk5OSwidHdlbnR5VG9UaGlydHkiOjIuNCwidGhpcnR5VG9F
        bmQiOjMuNX0sInhwUGVyTWluRGVsdGFzIjp7Inplcm9Ub1RlbiI6NDA0LjQs
        InRlblRvVHdlbnR5Ijo1NTcuNywidHdlbnR5VG9UaGlydHkiOjM0MC40LCJ0
        aGlydHlUb0VuZCI6MzU4LjB9LCJnb2xkUGVyTWluRGVsdGFzIjp7Inplcm9U
        b1RlbiI6MjMyLjM5OTk5OTk5OTk5OTk4LCJ0ZW5Ub1R3ZW50eSI6MzUwLjMs
        InR3ZW50eVRvVGhpcnR5IjoyODIuNCwidGhpcnR5VG9FbmQiOjMwMC4wfSwi
        Y3NEaWZmUGVyTWluRGVsdGFzIjp7Inplcm9Ub1RlbiI6MS42OTk5OTk5OTk5
        OTk5OTk3LCJ0ZW5Ub1R3ZW50eSI6LTAuMjAwMDAwMDAwMDAwMDAwMTgsInR3
        ZW50eVRvVGhpcnR5IjotMS4xLCJ0aGlydHlUb0VuZCI6Mi4xfSwieHBEaWZm
        UGVyTWluRGVsdGFzIjp7Inplcm9Ub1RlbiI6LTcxLjAsInRlblRvVHdlbnR5
        IjotMjkuODAwMDAwMDAwMDAwMDEsInR3ZW50eVRvVGhpcnR5IjozMy4wOTk5
        OTk5OTk5OTk5OTQsInRoaXJ0eVRvRW5kIjo0NS45MDAwMDAwMDAwMDAwMDZ9
        LCJkYW1hZ2VUYWtlblBlck1pbkRlbHRhcyI6eyJ6ZXJvVG9UZW4iOjU2OS43
        LCJ0ZW5Ub1R3ZW50eSI6MTEwMC40LCJ0d2VudHlUb1RoaXJ0eSI6MTAyNi4w
        LCJ0aGlydHlUb0VuZCI6NzA3LjB9LCJkYW1hZ2VUYWtlbkRpZmZQZXJNaW5E
        ZWx0YXMiOnsiemVyb1RvVGVuIjozNTcuMCwidGVuVG9Ud2VudHkiOjU3NS45
        LCJ0d2VudHlUb1RoaXJ0eSI6MTM2LjcwMDAwMDAwMDAwMDEsInRoaXJ0eVRv
        RW5kIjotNDA5LjA5OTk5OTk5OTk5OTk3fSwicm9sZSI6IlNPTE8iLCJsYW5l
        IjoiVE9QIn0sIm1hc3RlcmllcyI6W3sibWFzdGVyeUlkIjo0MTExLCJyYW5r
        IjoxfSx7Im1hc3RlcnlJZCI6NDExMywicmFuayI6NH0seyJtYXN0ZXJ5SWQi
        OjQxMTQsInJhbmsiOjF9LHsibWFzdGVyeUlkIjo0MTIyLCJyYW5rIjozfSx7
        Im1hc3RlcnlJZCI6NDEyNCwicmFuayI6MX0seyJtYXN0ZXJ5SWQiOjQxMzEs
        InJhbmsiOjF9LHsibWFzdGVyeUlkIjo0MTMyLCJyYW5rIjoxfSx7Im1hc3Rl
        cnlJZCI6NDEzNCwicmFuayI6M30seyJtYXN0ZXJ5SWQiOjQxNDEsInJhbmsi
        OjF9LHsibWFzdGVyeUlkIjo0MTQ0LCJyYW5rIjoxfSx7Im1hc3RlcnlJZCI6
        NDE1MiwicmFuayI6M30seyJtYXN0ZXJ5SWQiOjQxNjIsInJhbmsiOjF9LHsi
        bWFzdGVyeUlkIjo0MjExLCJyYW5rIjoyfSx7Im1hc3RlcnlJZCI6NDIxMiwi
        cmFuayI6Mn0seyJtYXN0ZXJ5SWQiOjQyMjEsInJhbmsiOjF9LHsibWFzdGVy
        eUlkIjo0MjIyLCJyYW5rIjozfSx7Im1hc3RlcnlJZCI6NDIzMiwicmFuayI6
        MX1dLCJzdGF0cyI6eyJ3aW5uZXIiOnRydWUsImNoYW1wTGV2ZWwiOjE4LCJp
        dGVtMCI6MzAzNSwiaXRlbTEiOjMxNTMsIml0ZW0yIjoxMDMzLCJpdGVtMyI6
        MzA3OCwiaXRlbTQiOjEwNTUsIml0ZW01IjozMDQ3LCJpdGVtNiI6MzM0MCwi
        a2lsbHMiOjUsImRvdWJsZUtpbGxzIjowLCJ0cmlwbGVLaWxscyI6MCwicXVh
        ZHJhS2lsbHMiOjAsInBlbnRhS2lsbHMiOjAsInVucmVhbEtpbGxzIjowLCJs
        YXJnZXN0S2lsbGluZ1NwcmVlIjoyLCJkZWF0aHMiOjcsImFzc2lzdHMiOjEw
        LCJ0b3RhbERhbWFnZURlYWx0IjoxMzczNTIsInRvdGFsRGFtYWdlRGVhbHRU
        b0NoYW1waW9ucyI6MTgyNjQsInRvdGFsRGFtYWdlVGFrZW4iOjM1ODIwLCJs
        YXJnZXN0Q3JpdGljYWxTdHJpa2UiOjcyOCwidG90YWxIZWFsIjoxMzQ5MSwi
        bWluaW9uc0tpbGxlZCI6MjE2LCJuZXV0cmFsTWluaW9uc0tpbGxlZCI6Nywi
        bmV1dHJhbE1pbmlvbnNLaWxsZWRUZWFtSnVuZ2xlIjo2LCJuZXV0cmFsTWlu
        aW9uc0tpbGxlZEVuZW15SnVuZ2xlIjoxLCJnb2xkRWFybmVkIjoxNDE0Nywi
        Z29sZFNwZW50IjoxMjAzOCwiY29tYmF0UGxheWVyU2NvcmUiOjAsIm9iamVj
        dGl2ZVBsYXllclNjb3JlIjowLCJ0b3RhbFBsYXllclNjb3JlIjowLCJ0b3Rh
        bFNjb3JlUmFuayI6MCwibWFnaWNEYW1hZ2VEZWFsdFRvQ2hhbXBpb25zIjo2
        ODA3LCJwaHlzaWNhbERhbWFnZURlYWx0VG9DaGFtcGlvbnMiOjExMzIyLCJ0
        cnVlRGFtYWdlRGVhbHRUb0NoYW1waW9ucyI6MTM1LCJ2aXNpb25XYXJkc0Jv
        dWdodEluR2FtZSI6MCwic2lnaHRXYXJkc0JvdWdodEluR2FtZSI6NCwibWFn
        aWNEYW1hZ2VEZWFsdCI6NDQ0NTUsInBoeXNpY2FsRGFtYWdlRGVhbHQiOjky
        NzYxLCJ0cnVlRGFtYWdlRGVhbHQiOjEzNSwibWFnaWNEYW1hZ2VUYWtlbiI6
        MTA3MTEsInBoeXNpY2FsRGFtYWdlVGFrZW4iOjI0MzQ5LCJ0cnVlRGFtYWdl
        VGFrZW4iOjc2MCwiZmlyc3RCbG9vZEtpbGwiOmZhbHNlLCJmaXJzdEJsb29k
        QXNzaXN0IjpmYWxzZSwiZmlyc3RUb3dlcktpbGwiOmZhbHNlLCJmaXJzdFRv
        d2VyQXNzaXN0IjpmYWxzZSwiZmlyc3RJbmhpYml0b3JLaWxsIjpmYWxzZSwi
        Zmlyc3RJbmhpYml0b3JBc3Npc3QiOnRydWUsImluaGliaXRvcktpbGxzIjow
        LCJ0b3dlcktpbGxzIjoxLCJ3YXJkc1BsYWNlZCI6MTMsIndhcmRzS2lsbGVk
        IjowLCJsYXJnZXN0TXVsdGlLaWxsIjoxLCJraWxsaW5nU3ByZWVzIjoxLCJ0
        b3RhbFVuaXRzSGVhbGVkIjo1LCJ0b3RhbFRpbWVDcm93ZENvbnRyb2xEZWFs
        dCI6NTl9LCJwYXJ0aWNpcGFudElkIjo3LCJydW5lcyI6W3sicnVuZUlkIjo1
        MjQ1LCJyYW5rIjo5fSx7InJ1bmVJZCI6NTI5MCwicmFuayI6OX0seyJydW5l
        SWQiOjUzMTUsInJhbmsiOjN9LHsicnVuZUlkIjo1MzE3LCJyYW5rIjo2fSx7
        InJ1bmVJZCI6NTMzNSwicmFuayI6MX0seyJydW5lSWQiOjUzMzcsInJhbmsi
        OjJ9XX0seyJ0ZWFtSWQiOjIwMCwic3BlbGwxSWQiOjQsInNwZWxsMklkIjo3
        LCJjaGFtcGlvbklkIjo1MSwiaGlnaGVzdEFjaGlldmVkU2Vhc29uVGllciI6
        IlVOUkFOS0VEIiwidGltZWxpbmUiOnsiY3JlZXBzUGVyTWluRGVsdGFzIjp7
        Inplcm9Ub1RlbiI6NS45LCJ0ZW5Ub1R3ZW50eSI6NS45LCJ0d2VudHlUb1Ro
        aXJ0eSI6NS4wLCJ0aGlydHlUb0VuZCI6Ni45fSwieHBQZXJNaW5EZWx0YXMi
        OnsiemVyb1RvVGVuIjozMDEuOCwidGVuVG9Ud2VudHkiOjM5MC42LCJ0d2Vu
        dHlUb1RoaXJ0eSI6NjY4LjIsInRoaXJ0eVRvRW5kIjo1NTAuM30sImdvbGRQ
        ZXJNaW5EZWx0YXMiOnsiemVyb1RvVGVuIjoyNDcuNzk5OTk5OTk5OTk5OTgs
        InRlblRvVHdlbnR5IjozNDUuMCwidHdlbnR5VG9UaGlydHkiOjQ0MC4zLCJ0
        aGlydHlUb0VuZCI6NDU1LjN9LCJjc0RpZmZQZXJNaW5EZWx0YXMiOnsiemVy
        b1RvVGVuIjowLjMwMDAwMDAwMDAwMDAwMDI3LCJ0ZW5Ub1R3ZW50eSI6LTAu
        MDUwMDAwMDAwMDAwMDAwMDQ0LCJ0d2VudHlUb1RoaXJ0eSI6LTAuNTAwMDAw
        MDAwMDAwMDAwMSwidGhpcnR5VG9FbmQiOi0wLjd9LCJ4cERpZmZQZXJNaW5E
        ZWx0YXMiOnsiemVyb1RvVGVuIjo0NS42MDAwMDAwMDAwMDAwNCwidGVuVG9U
        d2VudHkiOi0xMTUuODk5OTk5OTk5OTk5OTgsInR3ZW50eVRvVGhpcnR5Ijoy
        MDMuMywidGhpcnR5VG9FbmQiOi01NS42NTAwMDAwMDAwMDAwMDZ9LCJkYW1h
        Z2VUYWtlblBlck1pbkRlbHRhcyI6eyJ6ZXJvVG9UZW4iOjIyNi41LCJ0ZW5U
        b1R3ZW50eSI6NzU2LjU5OTk5OTk5OTk5OTksInR3ZW50eVRvVGhpcnR5Ijo3
        MzAuNSwidGhpcnR5VG9FbmQiOjEwNTcuMH0sImRhbWFnZVRha2VuRGlmZlBl
        ck1pbkRlbHRhcyI6eyJ6ZXJvVG9UZW4iOi03Ni40NSwidGVuVG9Ud2VudHki
        OjExOS4xNDk5OTk5OTk5OTk5OCwidHdlbnR5VG9UaGlydHkiOjEyMy43NSwi
        dGhpcnR5VG9FbmQiOjQwOS4wfSwicm9sZSI6IkRVT19DQVJSWSIsImxhbmUi
        OiJCT1RUT00ifSwibWFzdGVyaWVzIjpbeyJtYXN0ZXJ5SWQiOjQxMTIsInJh
        bmsiOjR9LHsibWFzdGVyeUlkIjo0MTE0LCJyYW5rIjoxfSx7Im1hc3RlcnlJ
        ZCI6NDEyMiwicmFuayI6M30seyJtYXN0ZXJ5SWQiOjQxMjQsInJhbmsiOjF9
        LHsibWFzdGVyeUlkIjo0MTMxLCJyYW5rIjoxfSx7Im1hc3RlcnlJZCI6NDEz
        MiwicmFuayI6MX0seyJtYXN0ZXJ5SWQiOjQxMzQsInJhbmsiOjN9LHsibWFz
        dGVyeUlkIjo0MTQxLCJyYW5rIjoxfSx7Im1hc3RlcnlJZCI6NDE0MiwicmFu
        ayI6MX0seyJtYXN0ZXJ5SWQiOjQxNTEsInJhbmsiOjF9LHsibWFzdGVyeUlk
        Ijo0MTUyLCJyYW5rIjozfSx7Im1hc3RlcnlJZCI6NDE2MiwicmFuayI6MX0s
        eyJtYXN0ZXJ5SWQiOjQyMTEsInJhbmsiOjJ9LHsibWFzdGVyeUlkIjo0MjEy
        LCJyYW5rIjoyfSx7Im1hc3RlcnlJZCI6NDIyMSwicmFuayI6MX0seyJtYXN0
        ZXJ5SWQiOjQyMjIsInJhbmsiOjN9LHsibWFzdGVyeUlkIjo0MjMyLCJyYW5r
        IjoxfV0sInN0YXRzIjp7Indpbm5lciI6dHJ1ZSwiY2hhbXBMZXZlbCI6MTgs
        Iml0ZW0wIjoxMDM2LCJpdGVtMSI6MzAzMSwiaXRlbTIiOjMxNTMsIml0ZW0z
        IjozMDg3LCJpdGVtNCI6MzEwMiwiaXRlbTUiOjMwMDYsIml0ZW02IjozMzQw
        LCJraWxscyI6NSwiZG91YmxlS2lsbHMiOjAsInRyaXBsZUtpbGxzIjowLCJx
        dWFkcmFLaWxscyI6MCwicGVudGFLaWxscyI6MCwidW5yZWFsS2lsbHMiOjAs
        Imxhcmdlc3RLaWxsaW5nU3ByZWUiOjMsImRlYXRocyI6NywiYXNzaXN0cyI6
        MTcsInRvdGFsRGFtYWdlRGVhbHQiOjI3Mzg4NCwidG90YWxEYW1hZ2VEZWFs
        dFRvQ2hhbXBpb25zIjoyNDU4MCwidG90YWxEYW1hZ2VUYWtlbiI6MjkxODMs
        Imxhcmdlc3RDcml0aWNhbFN0cmlrZSI6MTE2NywidG90YWxIZWFsIjoyMzIw
        LCJtaW5pb25zS2lsbGVkIjoyNDUsIm5ldXRyYWxNaW5pb25zS2lsbGVkIjo0
        MCwibmV1dHJhbE1pbmlvbnNLaWxsZWRUZWFtSnVuZ2xlIjozMSwibmV1dHJh
        bE1pbmlvbnNLaWxsZWRFbmVteUp1bmdsZSI6OSwiZ29sZEVhcm5lZCI6MTY5
        MjEsImdvbGRTcGVudCI6MTQzMjUsImNvbWJhdFBsYXllclNjb3JlIjowLCJv
        YmplY3RpdmVQbGF5ZXJTY29yZSI6MCwidG90YWxQbGF5ZXJTY29yZSI6MCwi
        dG90YWxTY29yZVJhbmsiOjAsIm1hZ2ljRGFtYWdlRGVhbHRUb0NoYW1waW9u
        cyI6MzI5NiwicGh5c2ljYWxEYW1hZ2VEZWFsdFRvQ2hhbXBpb25zIjoyMDU0
        NSwidHJ1ZURhbWFnZURlYWx0VG9DaGFtcGlvbnMiOjczOCwidmlzaW9uV2Fy
        ZHNCb3VnaHRJbkdhbWUiOjEsInNpZ2h0V2FyZHNCb3VnaHRJbkdhbWUiOjAs
        Im1hZ2ljRGFtYWdlRGVhbHQiOjI3MDY2LCJwaHlzaWNhbERhbWFnZURlYWx0
        IjoyNDUyMDcsInRydWVEYW1hZ2VEZWFsdCI6MTYxMCwibWFnaWNEYW1hZ2VU
        YWtlbiI6ODM2NCwicGh5c2ljYWxEYW1hZ2VUYWtlbiI6MjAwNjksInRydWVE
        YW1hZ2VUYWtlbiI6NzUwLCJmaXJzdEJsb29kS2lsbCI6ZmFsc2UsImZpcnN0
        Qmxvb2RBc3Npc3QiOmZhbHNlLCJmaXJzdFRvd2VyS2lsbCI6ZmFsc2UsImZp
        cnN0VG93ZXJBc3Npc3QiOmZhbHNlLCJmaXJzdEluaGliaXRvcktpbGwiOnRy
        dWUsImZpcnN0SW5oaWJpdG9yQXNzaXN0IjpmYWxzZSwiaW5oaWJpdG9yS2ls
        bHMiOjEsInRvd2VyS2lsbHMiOjIsIndhcmRzUGxhY2VkIjo3LCJ3YXJkc0tp
        bGxlZCI6MSwibGFyZ2VzdE11bHRpS2lsbCI6MSwia2lsbGluZ1NwcmVlcyI6
        MSwidG90YWxVbml0c0hlYWxlZCI6NCwidG90YWxUaW1lQ3Jvd2RDb250cm9s
        RGVhbHQiOjI4NH0sInBhcnRpY2lwYW50SWQiOjgsInJ1bmVzIjpbeyJydW5l
        SWQiOjUyNDUsInJhbmsiOjl9LHsicnVuZUlkIjo1Mjg5LCJyYW5rIjo5fSx7
        InJ1bmVJZCI6NTMxNywicmFuayI6OX0seyJydW5lSWQiOjUzMzUsInJhbmsi
        OjF9LHsicnVuZUlkIjo1MzM3LCJyYW5rIjoyfV19LHsidGVhbUlkIjoyMDAs
        InNwZWxsMUlkIjo0LCJzcGVsbDJJZCI6MywiY2hhbXBpb25JZCI6NDEyLCJo
        aWdoZXN0QWNoaWV2ZWRTZWFzb25UaWVyIjoiVU5SQU5LRUQiLCJ0aW1lbGlu
        ZSI6eyJjcmVlcHNQZXJNaW5EZWx0YXMiOnsiemVyb1RvVGVuIjowLjg5OTk5
        OTk5OTk5OTk5OTksInRlblRvVHdlbnR5IjowLjg5OTk5OTk5OTk5OTk5OTks
        InR3ZW50eVRvVGhpcnR5IjowLjgsInRoaXJ0eVRvRW5kIjowLjZ9LCJ4cFBl
        ck1pbkRlbHRhcyI6eyJ6ZXJvVG9UZW4iOjI4MS4yMDAwMDAwMDAwMDAwNSwi
        dGVuVG9Ud2VudHkiOjI3NC43MDAwMDAwMDAwMDAwNSwidHdlbnR5VG9UaGly
        dHkiOjQ3Ni44LCJ0aGlydHlUb0VuZCI6MjY0LjZ9LCJnb2xkUGVyTWluRGVs
        dGFzIjp7Inplcm9Ub1RlbiI6MTUyLjMsInRlblRvVHdlbnR5IjoyNDYuMSwi
        dHdlbnR5VG9UaGlydHkiOjMyNi44LCJ0aGlydHlUb0VuZCI6MjMxLjB9LCJj
        c0RpZmZQZXJNaW5EZWx0YXMiOnsiemVyb1RvVGVuIjowLjMwMDAwMDAwMDAw
        MDAwMDI3LCJ0ZW5Ub1R3ZW50eSI6LTAuMDUwMDAwMDAwMDAwMDAwMDQ0LCJ0
        d2VudHlUb1RoaXJ0eSI6LTAuNTAwMDAwMDAwMDAwMDAwMSwidGhpcnR5VG9F
        bmQiOi0wLjd9LCJ4cERpZmZQZXJNaW5EZWx0YXMiOnsiemVyb1RvVGVuIjo0
        NS42MDAwMDAwMDAwMDAwNCwidGVuVG9Ud2VudHkiOi0xMTUuODk5OTk5OTk5
        OTk5OTgsInR3ZW50eVRvVGhpcnR5IjoyMDMuMywidGhpcnR5VG9FbmQiOi01
        NS42NTAwMDAwMDAwMDAwMDZ9LCJkYW1hZ2VUYWtlblBlck1pbkRlbHRhcyI6
        eyJ6ZXJvVG9UZW4iOjIwMy44LCJ0ZW5Ub1R3ZW50eSI6NzYwLjQsInR3ZW50
        eVRvVGhpcnR5Ijo4ODguNywidGhpcnR5VG9FbmQiOjExNDMuMH0sImRhbWFn
        ZVRha2VuRGlmZlBlck1pbkRlbHRhcyI6eyJ6ZXJvVG9UZW4iOi03Ni40NSwi
        dGVuVG9Ud2VudHkiOjExOS4xNDk5OTk5OTk5OTk5OCwidHdlbnR5VG9UaGly
        dHkiOjEyMy43NSwidGhpcnR5VG9FbmQiOjQwOS4wfSwicm9sZSI6IkRVT19T
        VVBQT1JUIiwibGFuZSI6IkJPVFRPTSJ9LCJtYXN0ZXJpZXMiOlt7Im1hc3Rl
        cnlJZCI6NDIxMSwicmFuayI6Mn0seyJtYXN0ZXJ5SWQiOjQyMTIsInJhbmsi
        OjJ9LHsibWFzdGVyeUlkIjo0MjIxLCJyYW5rIjoxfSx7Im1hc3RlcnlJZCI6
        NDIyMiwicmFuayI6M30seyJtYXN0ZXJ5SWQiOjQyMzIsInJhbmsiOjF9LHsi
        bWFzdGVyeUlkIjo0MzExLCJyYW5rIjoxfSx7Im1hc3RlcnlJZCI6NDMxMiwi
        cmFuayI6MX0seyJtYXN0ZXJ5SWQiOjQzMTMsInJhbmsiOjN9LHsibWFzdGVy
        eUlkIjo0MzE0LCJyYW5rIjoxfSx7Im1hc3RlcnlJZCI6NDMyMiwicmFuayI6
        M30seyJtYXN0ZXJ5SWQiOjQzMjQsInJhbmsiOjF9LHsibWFzdGVyeUlkIjo0
        MzMxLCJyYW5rIjozfSx7Im1hc3RlcnlJZCI6NDMzNCwicmFuayI6MX0seyJt
        YXN0ZXJ5SWQiOjQzNDEsInJhbmsiOjF9LHsibWFzdGVyeUlkIjo0MzQyLCJy
        YW5rIjoxfSx7Im1hc3RlcnlJZCI6NDM1MiwicmFuayI6MX0seyJtYXN0ZXJ5
        SWQiOjQzNTMsInJhbmsiOjN9LHsibWFzdGVyeUlkIjo0MzYyLCJyYW5rIjox
        fV0sInN0YXRzIjp7Indpbm5lciI6dHJ1ZSwiY2hhbXBMZXZlbCI6MTYsIml0
        ZW0wIjozNDAxLCJpdGVtMSI6MzE0MywiaXRlbTIiOjMyNjUsIml0ZW0zIjoy
        MDQ1LCJpdGVtNCI6MTAzMywiaXRlbTUiOjIwMTAsIml0ZW02IjozMzY0LCJr
        aWxscyI6MywiZG91YmxlS2lsbHMiOjAsInRyaXBsZUtpbGxzIjowLCJxdWFk
        cmFLaWxscyI6MCwicGVudGFLaWxscyI6MCwidW5yZWFsS2lsbHMiOjAsImxh
        cmdlc3RLaWxsaW5nU3ByZWUiOjIsImRlYXRocyI6NSwiYXNzaXN0cyI6MTks
        InRvdGFsRGFtYWdlRGVhbHQiOjI5ODUxLCJ0b3RhbERhbWFnZURlYWx0VG9D
        aGFtcGlvbnMiOjEwODI0LCJ0b3RhbERhbWFnZVRha2VuIjozMDI2NiwibGFy
        Z2VzdENyaXRpY2FsU3RyaWtlIjowLCJ0b3RhbEhlYWwiOjcxMDQsIm1pbmlv
        bnNLaWxsZWQiOjM1LCJuZXV0cmFsTWluaW9uc0tpbGxlZCI6MCwibmV1dHJh
        bE1pbmlvbnNLaWxsZWRUZWFtSnVuZ2xlIjowLCJuZXV0cmFsTWluaW9uc0tp
        bGxlZEVuZW15SnVuZ2xlIjowLCJnb2xkRWFybmVkIjoxMTE3OCwiZ29sZFNw
        ZW50Ijo5OTg1LCJjb21iYXRQbGF5ZXJTY29yZSI6MCwib2JqZWN0aXZlUGxh
        eWVyU2NvcmUiOjAsInRvdGFsUGxheWVyU2NvcmUiOjAsInRvdGFsU2NvcmVS
        YW5rIjowLCJtYWdpY0RhbWFnZURlYWx0VG9DaGFtcGlvbnMiOjkxODQsInBo
        eXNpY2FsRGFtYWdlRGVhbHRUb0NoYW1waW9ucyI6MTYzOSwidHJ1ZURhbWFn
        ZURlYWx0VG9DaGFtcGlvbnMiOjAsInZpc2lvbldhcmRzQm91Z2h0SW5HYW1l
        IjozLCJzaWdodFdhcmRzQm91Z2h0SW5HYW1lIjowLCJtYWdpY0RhbWFnZURl
        YWx0IjoyMTUwMCwicGh5c2ljYWxEYW1hZ2VEZWFsdCI6ODM1MCwidHJ1ZURh
        bWFnZURlYWx0IjowLCJtYWdpY0RhbWFnZVRha2VuIjo5NTkyLCJwaHlzaWNh
        bERhbWFnZVRha2VuIjoyMDI5OSwidHJ1ZURhbWFnZVRha2VuIjozNzQsImZp
        cnN0Qmxvb2RLaWxsIjpmYWxzZSwiZmlyc3RCbG9vZEFzc2lzdCI6ZmFsc2Us
        ImZpcnN0VG93ZXJLaWxsIjpmYWxzZSwiZmlyc3RUb3dlckFzc2lzdCI6ZmFs
        c2UsImZpcnN0SW5oaWJpdG9yS2lsbCI6ZmFsc2UsImZpcnN0SW5oaWJpdG9y
        QXNzaXN0Ijp0cnVlLCJpbmhpYml0b3JLaWxscyI6MCwidG93ZXJLaWxscyI6
        MCwid2FyZHNQbGFjZWQiOjMyLCJ3YXJkc0tpbGxlZCI6MTAsImxhcmdlc3RN
        dWx0aUtpbGwiOjEsImtpbGxpbmdTcHJlZXMiOjEsInRvdGFsVW5pdHNIZWFs
        ZWQiOjUsInRvdGFsVGltZUNyb3dkQ29udHJvbERlYWx0IjoyNDR9LCJwYXJ0
        aWNpcGFudElkIjo5LCJydW5lcyI6W3sicnVuZUlkIjo1MjQ3LCJyYW5rIjo0
        fSx7InJ1bmVJZCI6NTI1NywicmFuayI6NX0seyJydW5lSWQiOjUyODksInJh
        bmsiOjl9LHsicnVuZUlkIjo1MzE3LCJyYW5rIjo5fSx7InJ1bmVJZCI6NTM0
        NSwicmFuayI6M31dfSx7InRlYW1JZCI6MjAwLCJzcGVsbDFJZCI6MTEsInNw
        ZWxsMklkIjo0LCJjaGFtcGlvbklkIjo1NiwiaGlnaGVzdEFjaGlldmVkU2Vh
        c29uVGllciI6IlBMQVRJTlVNIiwidGltZWxpbmUiOnsiY3JlZXBzUGVyTWlu
        RGVsdGFzIjp7Inplcm9Ub1RlbiI6MC41LCJ0ZW5Ub1R3ZW50eSI6Mi4zLCJ0
        d2VudHlUb1RoaXJ0eSI6MS45MDAwMDAwMDAwMDAwMDAxLCJ0aGlydHlUb0Vu
        ZCI6NC45fSwieHBQZXJNaW5EZWx0YXMiOnsiemVyb1RvVGVuIjozODQuMywi
        dGVuVG9Ud2VudHkiOjUxNC45LCJ0d2VudHlUb1RoaXJ0eSI6NTc0LjMsInRo
        aXJ0eVRvRW5kIjo1MDguMH0sImdvbGRQZXJNaW5EZWx0YXMiOnsiemVyb1Rv
        VGVuIjozNDEuMSwidGVuVG9Ud2VudHkiOjQ5NS43OTk5OTk5OTk5OTk5NSwi
        dHdlbnR5VG9UaGlydHkiOjQxNy4wLCJ0aGlydHlUb0VuZCI6MzgyLjJ9LCJj
        c0RpZmZQZXJNaW5EZWx0YXMiOnsiemVyb1RvVGVuIjowLjUsInRlblRvVHdl
        bnR5IjoxLjgsInR3ZW50eVRvVGhpcnR5IjotMS4wOTk5OTk5OTk5OTk5OTk5
        LCJ0aGlydHlUb0VuZCI6Mi44fSwieHBEaWZmUGVyTWluRGVsdGFzIjp7Inpl
        cm9Ub1RlbiI6MTY1LjYwMDAwMDAwMDAwMDAyLCJ0ZW5Ub1R3ZW50eSI6LTM2
        LjIwMDAwMDAwMDAwMDA0NSwidHdlbnR5VG9UaGlydHkiOjIzMy41LCJ0aGly
        dHlUb0VuZCI6NzkuMDk5OTk5OTk5OTk5OTd9LCJkYW1hZ2VUYWtlblBlck1p
        bkRlbHRhcyI6eyJ6ZXJvVG9UZW4iOjYzMy41LCJ0ZW5Ub1R3ZW50eSI6MTAy
        OS45LCJ0d2VudHlUb1RoaXJ0eSI6MTM2Ni42LCJ0aGlydHlUb0VuZCI6MTMy
        NS40fSwiZGFtYWdlVGFrZW5EaWZmUGVyTWluRGVsdGFzIjp7Inplcm9Ub1Rl
        biI6MjAxLjksInRlblRvVHdlbnR5IjoyOTQuMiwidHdlbnR5VG9UaGlydHki
        OjM0NS42LCJ0aGlydHlUb0VuZCI6Mzc1Ljd9LCJyb2xlIjoiTk9ORSIsImxh
        bmUiOiJKVU5HTEUifSwibWFzdGVyaWVzIjpbeyJtYXN0ZXJ5SWQiOjQxMTEs
        InJhbmsiOjF9LHsibWFzdGVyeUlkIjo0MTEyLCJyYW5rIjo0fSx7Im1hc3Rl
        cnlJZCI6NDExNCwicmFuayI6MX0seyJtYXN0ZXJ5SWQiOjQxMjIsInJhbmsi
        OjN9LHsibWFzdGVyeUlkIjo0MTI0LCJyYW5rIjoxfSx7Im1hc3RlcnlJZCI6
        NDEzMiwicmFuayI6MX0seyJtYXN0ZXJ5SWQiOjQxMzQsInJhbmsiOjN9LHsi
        bWFzdGVyeUlkIjo0MTQyLCJyYW5rIjozfSx7Im1hc3RlcnlJZCI6NDE0NCwi
        cmFuayI6MX0seyJtYXN0ZXJ5SWQiOjQxNTIsInJhbmsiOjN9LHsibWFzdGVy
        eUlkIjo0MTYyLCJyYW5rIjoxfSx7Im1hc3RlcnlJZCI6NDIxMSwicmFuayI6
        Mn0seyJtYXN0ZXJ5SWQiOjQyMTQsInJhbmsiOjJ9LHsibWFzdGVyeUlkIjo0
        MjIxLCJyYW5rIjoxfSx7Im1hc3RlcnlJZCI6NDIyMiwicmFuayI6Mn0seyJt
        YXN0ZXJ5SWQiOjQyMjQsInJhbmsiOjF9XSwic3RhdHMiOnsid2lubmVyIjp0
        cnVlLCJjaGFtcExldmVsIjoxOCwiaXRlbTAiOjMxNTMsIml0ZW0xIjozMTQz
        LCJpdGVtMiI6MzA3NSwiaXRlbTMiOjMyNjksIml0ZW00IjozNzI2LCJpdGVt
        NSI6MzA2NSwiaXRlbTYiOjMzNDEsImtpbGxzIjoxMywiZG91YmxlS2lsbHMi
        OjIsInRyaXBsZUtpbGxzIjowLCJxdWFkcmFLaWxscyI6MCwicGVudGFLaWxs
        cyI6MCwidW5yZWFsS2lsbHMiOjAsImxhcmdlc3RLaWxsaW5nU3ByZWUiOjUs
        ImRlYXRocyI6NSwiYXNzaXN0cyI6MTEsInRvdGFsRGFtYWdlRGVhbHQiOjI4
        NTQ2NywidG90YWxEYW1hZ2VEZWFsdFRvQ2hhbXBpb25zIjoyMTI4MiwidG90
        YWxEYW1hZ2VUYWtlbiI6NDc3NTIsImxhcmdlc3RDcml0aWNhbFN0cmlrZSI6
        MCwidG90YWxIZWFsIjo5NzA4LCJtaW5pb25zS2lsbGVkIjoxMTAsIm5ldXRy
        YWxNaW5pb25zS2lsbGVkIjoxMjIsIm5ldXRyYWxNaW5pb25zS2lsbGVkVGVh
        bUp1bmdsZSI6MTEyLCJuZXV0cmFsTWluaW9uc0tpbGxlZEVuZW15SnVuZ2xl
        IjoxMCwiZ29sZEVhcm5lZCI6MTgyODYsImdvbGRTcGVudCI6MTU5MDUsImNv
        bWJhdFBsYXllclNjb3JlIjowLCJvYmplY3RpdmVQbGF5ZXJTY29yZSI6MCwi
        dG90YWxQbGF5ZXJTY29yZSI6MCwidG90YWxTY29yZVJhbmsiOjAsIm1hZ2lj
        RGFtYWdlRGVhbHRUb0NoYW1waW9ucyI6NDc3MywicGh5c2ljYWxEYW1hZ2VE
        ZWFsdFRvQ2hhbXBpb25zIjoxNTUwMiwidHJ1ZURhbWFnZURlYWx0VG9DaGFt
        cGlvbnMiOjEwMDcsInZpc2lvbldhcmRzQm91Z2h0SW5HYW1lIjowLCJzaWdo
        dFdhcmRzQm91Z2h0SW5HYW1lIjowLCJtYWdpY0RhbWFnZURlYWx0Ijo0NTcw
        OSwicGh5c2ljYWxEYW1hZ2VEZWFsdCI6MjEyNjAyLCJ0cnVlRGFtYWdlRGVh
        bHQiOjI3MTU2LCJtYWdpY0RhbWFnZVRha2VuIjoxMTcyMywicGh5c2ljYWxE
        YW1hZ2VUYWtlbiI6MzUyNTMsInRydWVEYW1hZ2VUYWtlbiI6Nzc2LCJmaXJz
        dEJsb29kS2lsbCI6dHJ1ZSwiZmlyc3RCbG9vZEFzc2lzdCI6ZmFsc2UsImZp
        cnN0VG93ZXJLaWxsIjpmYWxzZSwiZmlyc3RUb3dlckFzc2lzdCI6ZmFsc2Us
        ImZpcnN0SW5oaWJpdG9yS2lsbCI6ZmFsc2UsImZpcnN0SW5oaWJpdG9yQXNz
        aXN0Ijp0cnVlLCJpbmhpYml0b3JLaWxscyI6MCwidG93ZXJLaWxscyI6MSwi
        d2FyZHNQbGFjZWQiOjMsIndhcmRzS2lsbGVkIjo2LCJsYXJnZXN0TXVsdGlL
        aWxsIjoyLCJraWxsaW5nU3ByZWVzIjozLCJ0b3RhbFVuaXRzSGVhbGVkIjox
        LCJ0b3RhbFRpbWVDcm93ZENvbnRyb2xEZWFsdCI6MTEyNH0sInBhcnRpY2lw
        YW50SWQiOjEwLCJydW5lcyI6W3sicnVuZUlkIjo1MjQ3LCJyYW5rIjozfSx7
        InJ1bmVJZCI6NTI1MywicmFuayI6Nn0seyJydW5lSWQiOjUyODksInJhbmsi
        Ojl9LHsicnVuZUlkIjo1MzE3LCJyYW5rIjo5fSx7InJ1bmVJZCI6NTMzNSwi
        cmFuayI6M31dfV0sInBhcnRpY2lwYW50SWRlbnRpdGllcyI6W3sicGFydGlj
        aXBhbnRJZCI6MSwicGxheWVyIjp7InN1bW1vbmVySWQiOjM4NTQwOSwic3Vt
        bW9uZXJOYW1lIjoiUXVpZEVzdFBybyIsIm1hdGNoSGlzdG9yeVVyaSI6Ii92
        MS9zdGF0cy9wbGF5ZXJfaGlzdG9yeS9OQS80MTIyNDIiLCJwcm9maWxlSWNv
        biI6NTYxfX0seyJwYXJ0aWNpcGFudElkIjoyLCJwbGF5ZXIiOnsic3VtbW9u
        ZXJJZCI6MjE2MjM4ODAsInN1bW1vbmVyTmFtZSI6Iml0cyBLc1lvdSIsIm1h
        dGNoSGlzdG9yeVVyaSI6Ii92MS9zdGF0cy9wbGF5ZXJfaGlzdG9yeS9OQS8z
        NTA4MjEyNSIsInByb2ZpbGVJY29uIjo3MTd9fSx7InBhcnRpY2lwYW50SWQi
        OjMsInBsYXllciI6eyJzdW1tb25lcklkIjo0NTU3NDc1OSwic3VtbW9uZXJO
        YW1lIjoiU29ob0Jha2VyeSIsIm1hdGNoSGlzdG9yeVVyaSI6Ii92MS9zdGF0
        cy9wbGF5ZXJfaGlzdG9yeS9OQTEvMjA4NDcwNjk1IiwicHJvZmlsZUljb24i
        OjY5Mn19LHsicGFydGljaXBhbnRJZCI6NCwicGxheWVyIjp7InN1bW1vbmVy
        SWQiOjI0MTU4NjU3LCJzdW1tb25lck5hbWUiOiJFV1N0YWxraWUiLCJtYXRj
        aEhpc3RvcnlVcmkiOiIvdjEvc3RhdHMvcGxheWVyX2hpc3RvcnkvTkEvMzg0
        MjIzOTYiLCJwcm9maWxlSWNvbiI6NTQ4fX0seyJwYXJ0aWNpcGFudElkIjo1
        LCJwbGF5ZXIiOnsic3VtbW9uZXJJZCI6MTk4Mjc1NjMsInN1bW1vbmVyTmFt
        ZSI6InhTZXRzdWtvIiwibWF0Y2hIaXN0b3J5VXJpIjoiL3YxL3N0YXRzL3Bs
        YXllcl9oaXN0b3J5L05BLzMyNTYyMTEwIiwicHJvZmlsZUljb24iOjI2fX0s
        eyJwYXJ0aWNpcGFudElkIjo2LCJwbGF5ZXIiOnsic3VtbW9uZXJJZCI6MjUx
        NTI0NzksInN1bW1vbmVyTmFtZSI6IlRoZSBMaXR0bGUgR2lhbnQiLCJtYXRj
        aEhpc3RvcnlVcmkiOiIvdjEvc3RhdHMvcGxheWVyX2hpc3RvcnkvTkEvMzk3
        MDI0NzciLCJwcm9maWxlSWNvbiI6NzE4fX0seyJwYXJ0aWNpcGFudElkIjo3
        LCJwbGF5ZXIiOnsic3VtbW9uZXJJZCI6MjczOTMxMDYsInN1bW1vbmVyTmFt
        ZSI6IsOCbXkiLCJtYXRjaEhpc3RvcnlVcmkiOiIvdjEvc3RhdHMvcGxheWVy
        X2hpc3RvcnkvTkExLzQyMDIyNjA5IiwicHJvZmlsZUljb24iOjUyM319LHsi
        cGFydGljaXBhbnRJZCI6OCwicGxheWVyIjp7InN1bW1vbmVySWQiOjI2Mjgz
        MDUxLCJzdW1tb25lck5hbWUiOiJUcml1bXZpcmF0ZSIsIm1hdGNoSGlzdG9y
        eVVyaSI6Ii92MS9zdGF0cy9wbGF5ZXJfaGlzdG9yeS9OQS80MDg4MjgzNSIs
        InByb2ZpbGVJY29uIjo1NjF9fSx7InBhcnRpY2lwYW50SWQiOjksInBsYXll
        ciI6eyJzdW1tb25lcklkIjoyMjg3MzA2MSwic3VtbW9uZXJOYW1lIjoiUnVn
        YXJ1IiwibWF0Y2hIaXN0b3J5VXJpIjoiL3YxL3N0YXRzL3BsYXllcl9oaXN0
        b3J5L05BLzM2ODA2Nzk0IiwicHJvZmlsZUljb24iOjc0OH19LHsicGFydGlj
        aXBhbnRJZCI6MTAsInBsYXllciI6eyJzdW1tb25lcklkIjoxOTg2ODY0MSwi
        c3VtbW9uZXJOYW1lIjoiSGkgSW0gWWFzdW8iLCJtYXRjaEhpc3RvcnlVcmki
        OiIvdjEvc3RhdHMvcGxheWVyX2hpc3RvcnkvTkEvMzI2MTU3MDYiLCJwcm9m
        aWxlSWNvbiI6NjkwfX1dLCJ0ZWFtcyI6W3sidGVhbUlkIjoxMDAsIndpbm5l
        ciI6ZmFsc2UsImZpcnN0Qmxvb2QiOmZhbHNlLCJmaXJzdFRvd2VyIjp0cnVl
        LCJmaXJzdEluaGliaXRvciI6ZmFsc2UsImZpcnN0QmFyb24iOmZhbHNlLCJm
        aXJzdERyYWdvbiI6dHJ1ZSwidG93ZXJLaWxscyI6NCwiaW5oaWJpdG9yS2ls
        bHMiOjAsImJhcm9uS2lsbHMiOjAsImRyYWdvbktpbGxzIjoyLCJ2aWxlbWF3
        S2lsbHMiOjAsImRvbWluaW9uVmljdG9yeVNjb3JlIjowLCJiYW5zIjpbeyJj
        aGFtcGlvbklkIjo0MjEsInBpY2tUdXJuIjoxfSx7ImNoYW1waW9uSWQiOjY0
        LCJwaWNrVHVybiI6M30seyJjaGFtcGlvbklkIjo1OSwicGlja1R1cm4iOjV9
        XX0seyJ0ZWFtSWQiOjIwMCwid2lubmVyIjp0cnVlLCJmaXJzdEJsb29kIjp0
        cnVlLCJmaXJzdFRvd2VyIjpmYWxzZSwiZmlyc3RJbmhpYml0b3IiOnRydWUs
        ImZpcnN0QmFyb24iOnRydWUsImZpcnN0RHJhZ29uIjpmYWxzZSwidG93ZXJL
        aWxscyI6NywiaW5oaWJpdG9yS2lsbHMiOjEsImJhcm9uS2lsbHMiOjEsImRy
        YWdvbktpbGxzIjoyLCJ2aWxlbWF3S2lsbHMiOjAsImRvbWluaW9uVmljdG9y
        eVNjb3JlIjowLCJiYW5zIjpbeyJjaGFtcGlvbklkIjo5LCJwaWNrVHVybiI6
        Mn0seyJjaGFtcGlvbklkIjoxNiwicGlja1R1cm4iOjR9LHsiY2hhbXBpb25J
        ZCI6ODQsInBpY2tUdXJuIjo2fV19XX0=
    http_version: 
  recorded_at: Fri, 09 Oct 2015 18:34:35 GMT
- request:
    method: get
    uri: https://na.api.pvp.net/api/lol/na/v2.2/match/1442785701?api_key=82ced787-5473-4e7f-938f-c35a1f628ade
    body:
      encoding: US-ASCII
      string: ''
    headers: {}
  response:
    status:
      code: 503
      message: Service Unavailable
    headers:
      Content-Type:
      - application/json; charset=UTF-8
      Server:
      - Jetty(9.1.5.v20140505)
      Content-Length:
      - '66'
      Connection:
      - keep-alive
    body:
      encoding: UTF-8
      string: '{"status": {"message": "Service unavailable", "status_code": 503}}'
    http_version: 
  recorded_at: Fri, 09 Oct 2015 18:34:36 GMT
recorded_with: VCR 2.9.3
